I/XmlParser( 9286): startElement itemName:description user:0
I/XmlParser( 9286): endElement itemName:description user:0
I/XmlParser( 9286): endElement itemName:group user:0
I/XmlParser( 9286): startElement itemName:group user:0
I/XmlParser( 9286): startElement itemName:id user:0
I/XmlParser( 9286): endElement itemName:id user:0
I/XmlParser( 9286): startElement itemName:name user:0
I/XmlParser( 9286): endElement itemName:name user:0
I/XmlParser( 9286): startElement itemName:define user:0
I/XmlParser( 9286): endElement itemName:define user:0
I/XmlParser( 9286): startElement itemName:description user:0
I/XmlParser( 9286): endElement itemName:description user:0
I/XmlParser( 9286): endElement itemName:group user:0
I/XmlParser( 9286): endElement itemName:resource user:0
I/libEGL  ( 9286): egl_cache_t() maxKeySize:1024  maxTotalSize:2097152
I/appproc ( 9286): CLASSPATH=/system/framework/pm.jar
I/appproc ( 9286): Command=app_process /system/bin com.android.commands.pm.Pm list packages -f 
I/AndroidRuntime( 9286): readDownloadBoosterConfig: 'false'
I/art     ( 9286): Reinit property: dalvik.vm.checkjni= false
I/HWSERVICES( 9286): hwnative_get_component_register:libdrmbitmap,JNI
I/Radio-JNI( 9286): register_android_hardware_Radio DONE
I/android_hardware_fm.cpp( 9286): register_android_hardware_fm_fmradio
I/android_hardware_fm.cpp( 9286): ========64bit long size = 8
I/android_hardware_fm.cpp( 9286): FM: get chip type = bcm43xx
E/fm_if.c ( 9286): find the id:fm and begins to open the devices
I/android_hardware_fm.cpp( 9286): register_android_hardware_fm_fmradio, ret is 0
W/MessageQueue( 9286): Handler (android.os.Handler) {c4e9683} sending message to a Handler on a dead thread
W/MessageQueue( 9286): java.lang.IllegalStateException: Handler (android.os.Handler) {c4e9683} sending message to a Handler on a dead thread
W/MessageQueue( 9286): 	at android.os.MessageQueue.enqueueMessage(MessageQueue.java:564)
W/MessageQueue( 9286): 	at android.os.Handler.enqueueMessage(Handler.java:653)
W/MessageQueue( 9286): 	at android.os.Handler.sendMessageAtTime(Handler.java:622)
W/MessageQueue( 9286): 	at android.os.Handler.sendMessageDelayed(Handler.java:592)
W/MessageQueue( 9286): 	at android.os.Handler.post(Handler.java:345)
W/MessageQueue( 9286): 	at android.os.ResultReceiver$MyResultReceiver.send(ResultReceiver.java:57)
W/MessageQueue( 9286): 	at com.android.internal.os.IResultReceiver$Stub.onTransact(IResultReceiver.java:58)
W/MessageQueue( 9286): 	at android.os.Binder.execTransact(Binder.java:565)
I/art     ( 9286): System.exit called, status: 0
I/AndroidRuntime( 9286): VM exiting with result code 0.
E/HwCHRWebMonitor( 1097): WebMonitor [mNetWorkIsSuck=0 mUIDIsSuck=]  WebSpeed [WEBSENDSEGS=3  WEBRESENDSEGS=2  WEBRECVSEGS=16  WEBERRSEGS=0  WEBOUTRSTS=0  WEBESTABLISRST=0  WEBRTTDURATION=232  WEBRTTSEGS=9  WEBSRTT=250  WEBSNDDUPACKS=0  SENDSEGS=0  RESENDSEGS=0  RECVSEGS=0  ERRSEGS=0  OUTRSTS=0  ESTABLISRST=0  RTTDURATION=0  RTTSEGS=0  SNDDUPACKS=0  suckTimes=0 recovage_times=0]
E/HwCHRWifiRSSIGroupSummery( 1097): updateTcpSummery mRSSI:-43  HwCHRWifiRSSIGroup [rssi_index=4, rtt_tcp_packets=88, rtt_tcp_duration=5403, rtt_lan_duration=15, rtt_lan_failures=0, rtt_lan_succ=2, rtt_lan_max=12, rtt_lan_min=3,same_area_frequency=0,adjacent_area_frequency=0]
E/HwCHRWebMonitor( 1097): HwCHRWifiPacketCnt [mTXGood=27, mTXbad=0, mRXGood=16] rssi=-43
E/HwCHRWebMonitor( 1097): Good NetWork Traffic , so mOnAppSuckTime, mUnModifyCount reset 0
I/WearableService( 2316): Wearable Services stopping
I/ProviderInstaller( 9118): Installed default security provider GmsCore_OpenSSL
I/TrafficMonitor( 1097): update:rxPkts:1,txPkts:2,rxBytes:89,txBytes:178
I/TrafficMonitor( 1097): start expired. level:-1
I/TrafficMonitor( 1097): gettimer:interval=2000
I/AppBlackWhitelist( 1890): Clean protected apps: [com.google.android.apps.tachyon, com.google.android.apps.docs.editors.docs, com.huawei.gamebox.global, com.android.calculator2, com.android.chrome, com.google.android.play.games, com.huawei.KoBackup, com.tripadvisor.tripadvisor, com.touchtype.swiftkey, com.google.android.apps.maps, com.google.android.apps.docs.editors.sheets, com.huawei.autoinstallapkfrommcc, com.booking, com.google.android.apps.plus, com.huawei.phoneservice, com.stupeflix.replay, com.hp.android.printservice, com.huawei.hidisk, com.google.android.apps.magazines, com.facebook.katana, com.todoist, com.huawei.android.thememanager, com.instagram.android, com.google.android.apps.docs.editors.slides, com.huawei.compass, com.todoist.promotionupgrader, com.google.android.apps.books, com.lesspainful, com.xamarin.devicecontrol, by.onliner.catalog]
I/AppBlackWhitelist( 1890): Clean unprotected apps: []
I/AppBlackWhitelist( 1890): not enable, don't chg doze list
I/DownloadState( 1890): @@@@@@@@@@@@ uid :10015 download :false
I/PGServer( 1890): report state:5 event type:2 pid:0 uid:10015 pkg:null to pid: 1097
I/TrafficMonitor( 1097): expired arrive. level:-1
I/TrafficMonitor( 1097): during_ms:2002,period_ms:2000
I/TrafficMonitor( 1097): count:23,rx_sum:1,tx_sum:2,rxBytes:89,during_ms:2002,rx_speed:44.45554445554446,tx_speed:88.91108891108892,rto:0.5
I/XmlParser( 9322): startElement itemName:resource user:-546508760
I/XmlParser( 9322): startElement itemName:group user:-546508760
I/XmlParser( 9322): startElement itemName:id user:-546508760
I/XmlParser( 9322): endElement itemName:id user:-546508760
I/XmlParser( 9322): startElement itemName:name user:-546508760
I/XmlParser( 9322): endElement itemName:name user:-546508760
I/XmlParser( 9322): startElement itemName:define user:-546508760
I/XmlParser( 9322): endElement itemName:define user:-546508760
I/XmlParser( 9322): startElement itemName:description user:-546508760
I/XmlParser( 9322): endElement itemName:description user:-546508760
I/XmlParser( 9322): endElement itemName:group user:-546508760
I/XmlParser( 9322): startElement itemName:group user:-546508760
I/XmlParser( 9322): startElement itemName:id user:-546508760
I/XmlParser( 9322): endElement itemName:id user:-546508760
I/XmlParser( 9322): startElement itemName:name user:-546508760
I/XmlParser( 9322): endElement itemName:name user:-546508760
I/XmlParser( 9322): startElement itemName:define user:-546508760
E/XmlParser( 9322): startElement mResult:1024
I/XmlParser( 9322): endElement itemName:define user:-546508760
I/XmlParser( 9322): startElement itemName:description user:-546508760
I/XmlParser( 9322): endElement itemName:description user:-546508760
I/XmlParser( 9322): endElement itemName:group user:-546508760
I/XmlParser( 9322): startElement itemName:group user:-546508760
I/XmlParser( 9322): startElement itemName:id user:-546508760
I/XmlParser( 9322): endElement itemName:id user:-546508760
I/XmlParser( 9322): startElement itemName:name user:-546508760
I/XmlParser( 9322): endElement itemName:name user:-546508760
I/XmlParser( 9322): startElement itemName:define user:-546508760
I/XmlParser( 9322): endElement itemName:define user:-546508760
I/XmlParser( 9322): startElement itemName:description user:-546508760
I/XmlParser( 9322): endElement itemName:description user:-546508760
I/XmlParser( 9322): endElement itemName:group user:-546508760
I/XmlParser( 9322): startElement itemName:group user:-546508760
I/XmlParser( 9322): startElement itemName:id user:-546508760
I/XmlParser( 9322): endElement itemName:id user:-546508760
I/XmlParser( 9322): startElement itemName:name user:-546508760
I/XmlParser( 9322): endElement itemName:name user:-546508760
I/XmlParser( 9322): startElement itemName:define user:-546508760
I/XmlParser( 9322): endElement itemName:define user:-546508760
I/XmlParser( 9322): startElement itemName:description user:-546508760
I/XmlParser( 9322): endElement itemName:description user:-546508760
I/XmlParser( 9322): endElement itemName:group user:-546508760
I/XmlParser( 9322): endElement itemName:resource user:-546508760
I/XmlParser( 9322): startElement itemName:resource user:0
I/XmlParser( 9322): startElement itemName:group user:0
I/XmlParser( 9322): startElement itemName:id user:0
I/XmlParser( 9322): endElement itemName:id user:0
I/XmlParser( 9322): startElement itemName:name user:0
I/XmlParser( 9322): endElement itemName:name user:0
I/XmlParser( 9322): startElement itemName:define user:0
E/XmlParser( 9322): startElement mResult:2097152
I/XmlParser( 9322): endElement itemName:define user:0
I/XmlParser( 9322): startElement itemName:description user:0
I/XmlParser( 9322): endElement itemName:description user:0
I/XmlParser( 9322): endElement itemName:group user:0
I/XmlParser( 9322): startElement itemName:group user:0
I/XmlParser( 9322): startElement itemName:id user:0
I/XmlParser( 9322): endElement itemName:id user:0
I/XmlParser( 9322): startElement itemName:name user:0
I/XmlParser( 9322): endElement itemName:name user:0
I/XmlParser( 9322): startElement itemName:define user:0
I/XmlParser( 9322): endElement itemName:define user:0
I/XmlParser( 9322): startElement itemName:description user:0
I/XmlParser( 9322): endElement itemName:description user:0
I/XmlParser( 9322): endElement itemName:group user:0
I/XmlParser( 9322): startElement itemName:group user:0
I/XmlParser( 9322): startElement itemName:id user:0
I/XmlParser( 9322): endElement itemName:id user:0
I/XmlParser( 9322): startElement itemName:name user:0
I/XmlParser( 9322): endElement itemName:name user:0
I/XmlParser( 9322): startElement itemName:define user:0
I/XmlParser( 9322): endElement itemName:define user:0
I/XmlParser( 9322): startElement itemName:description user:0
I/XmlParser( 9322): endElement itemName:description user:0
I/XmlParser( 9322): endElement itemName:group user:0
I/XmlParser( 9322): startElement itemName:group user:0
I/XmlParser( 9322): startElement itemName:id user:0
I/XmlParser( 9322): endElement itemName:id user:0
I/XmlParser( 9322): startElement itemName:name user:0
I/XmlParser( 9322): endElement itemName:name user:0
I/XmlParser( 9322): startElement itemName:define user:0
I/XmlParser( 9322): endElement itemName:define user:0
I/XmlParser( 9322): startElement itemName:description user:0
I/XmlParser( 9322): endElement itemName:description user:0
I/XmlParser( 9322): endElement itemName:group user:0
I/XmlParser( 9322): endElement itemName:resource user:0
I/libEGL  ( 9322): egl_cache_t() maxKeySize:1024  maxTotalSize:2097152
I/appproc ( 9322): CLASSPATH=/system/framework/am.jar
I/appproc ( 9322): Command=app_process /system/bin com.android.commands.am.Am force-stop by.onliner.catalog.test 
I/AndroidRuntime( 9322): readDownloadBoosterConfig: 'false'
I/art     ( 9322): Reinit property: dalvik.vm.checkjni= false
I/HWSERVICES( 9322): hwnative_get_component_register:libdrmbitmap,JNI
I/Radio-JNI( 9322): register_android_hardware_Radio DONE
I/android_hardware_fm.cpp( 9322): register_android_hardware_fm_fmradio
I/android_hardware_fm.cpp( 9322): ========64bit long size = 8
I/android_hardware_fm.cpp( 9322): FM: get chip type = bcm43xx
E/fm_if.c ( 9322): find the id:fm and begins to open the devices
I/android_hardware_fm.cpp( 9322): register_android_hardware_fm_fmradio, ret is 0
I/SendBroadcastPermission( 1097): action:android.intent.action.SIG_STR, mPermissionType:0
I/MQoS    ( 1097): onSignal: mSubId=0,currDataSubID=0
I/MQoS    ( 1097): received cell-signal:1
I/TrafficMonitor( 1097): update:rxPkts:0,txPkts:0,rxBytes:0,txBytes:0
I/TrafficMonitor( 1097): start expired. level:-1
I/TrafficMonitor( 1097): gettimer:interval=2000
I/QosMonitor( 1097): queryRtt: rtt_type = 3
I/HuaweiWifiWatchdogStateMachine( 1097): spd good count:0, add sc:0.0, rate:1.0
I/WifiProJNI( 1097): ######### GET RTT:3 ########
I/HuaweiWifiWatchdogStateMachine( 1097): current mHighDataFlowRate = 1.0
I/HuaweiWifiWatchdogStateMachine( 1097): POta txb txg rxg:0, 27, 0. Lr =0% Totpkt=27
I/WifiProJNI( 1097): ######### CMD_QUERY_PKTS ########
I/QosMonitor( 1097): postEventFromNative: msg=100,arg1=4,arg2=9
W/WifiProJNI( 1097): poll before: g_monitor_fd =255
I/QosMonitor( 1097): postEventFromNative: msg=100,arg1=0,arg2=9
W/WifiProJNI( 1097): poll before: g_monitor_fd =255
I/MQoS    ( 1097): rtt=250,tcp_tx_pkts=1345,tcp_rx_pkts=1408
I/QosMonitor( 1097): resetRtt: rtt_type = 3
I/WifiProJNI( 1097): ######### RESET RTT:3 ########
I/HuaweiWifiWatchdogStateMachine( 1097): PTcp RTT:250, rtt pkt=5, tcp_rx=16, tcp_tx=22, tcp_reTran=0, rtRate=0
I/HuaweiWifiWatchdogStateMachine( 1097): rs ota tcp lr rttvb bad: false, false, false, false, false; rsth:-75
I/HuaweiWifiWatchdogStateMachine( 1097):  pkt chk not bad, reset sc to 0.
I/MQoS    ( 1097): QOS_level:0(0),wifi-link;SIM error;use level-0
I/AppManager( 1890): removeProcessDependency pid:8566
I/XmlParser( 9333): startElement itemName:resource user:-1876434904
I/XmlParser( 9333): startElement itemName:group user:-1876434904
I/XmlParser( 9333): startElement itemName:id user:-1876434904
I/XmlParser( 9333): endElement itemName:id user:-1876434904
I/XmlParser( 9333): startElement itemName:name user:-1876434904
I/XmlParser( 9333): endElement itemName:name user:-1876434904
I/XmlParser( 9333): startElement itemName:define user:-1876434904
I/XmlParser( 9333): endElement itemName:define user:-1876434904
I/XmlParser( 9333): startElement itemName:description user:-1876434904
I/XmlParser( 9333): endElement itemName:description user:-1876434904
I/XmlParser( 9333): endElement itemName:group user:-1876434904
I/XmlParser( 9333): startElement itemName:group user:-1876434904
I/XmlParser( 9333): startElement itemName:id user:-1876434904
I/XmlParser( 9333): endElement itemName:id user:-1876434904
I/XmlParser( 9333): startElement itemName:name user:-1876434904
I/XmlParser( 9333): endElement itemName:name user:-1876434904
I/XmlParser( 9333): startElement itemName:define user:-1876434904
E/XmlParser( 9333): startElement mResult:1024
I/XmlParser( 9333): endElement itemName:define user:-1876434904
I/XmlParser( 9333): startElement itemName:description user:-1876434904
I/XmlParser( 9333): endElement itemName:description user:-1876434904
I/XmlParser( 9333): endElement itemName:group user:-1876434904
I/XmlParser( 9333): startElement itemName:group user:-1876434904
I/XmlParser( 9333): startElement itemName:id user:-1876434904
I/XmlParser( 9333): endElement itemName:id user:-1876434904
I/XmlParser( 9333): startElement itemName:name user:-1876434904
I/XmlParser( 9333): endElement itemName:name user:-1876434904
I/XmlParser( 9333): startElement itemName:define user:-1876434904
I/XmlParser( 9333): endElement itemName:define user:-1876434904
I/XmlParser( 9333): startElement itemName:description user:-1876434904
I/XmlParser( 9333): endElement itemName:description user:-1876434904
I/XmlParser( 9333): endElement itemName:group user:-1876434904
I/XmlParser( 9333): startElement itemName:group user:-1876434904
I/XmlParser( 9333): startElement itemName:id user:-1876434904
I/XmlParser( 9333): endElement itemName:id user:-1876434904
I/XmlParser( 9333): startElement itemName:name user:-1876434904
I/XmlParser( 9333): endElement itemName:name user:-1876434904
I/XmlParser( 9333): startElement itemName:define user:-1876434904
I/XmlParser( 9333): endElement itemName:define user:-1876434904
I/XmlParser( 9333): startElement itemName:description user:-1876434904
I/XmlParser( 9333): endElement itemName:description user:-1876434904
I/XmlParser( 9333): endElement itemName:group user:-1876434904
I/XmlParser( 9333): endElement itemName:resource user:-1876434904
I/XmlParser( 9333): startElement itemName:resource user:0
I/XmlParser( 9333): startElement itemName:group user:0
I/XmlParser( 9333): startElement itemName:id user:0
I/XmlParser( 9333): endElement itemName:id user:0
I/XmlParser( 9333): startElement itemName:name user:0
I/XmlParser( 9333): endElement itemName:name user:0
I/XmlParser( 9333): startElement itemName:define user:0
E/XmlParser( 9333): startElement mResult:2097152
I/XmlParser( 9333): endElement itemName:define user:0
I/XmlParser( 9333): startElement itemName:description user:0
I/XmlParser( 9333): endElement itemName:description user:0
I/XmlParser( 9333): endElement itemName:group user:0
I/XmlParser( 9333): startElement itemName:group user:0
I/XmlParser( 9333): startElement itemName:id user:0
I/XmlParser( 9333): endElement itemName:id user:0
I/XmlParser( 9333): startElement itemName:name user:0
I/XmlParser( 9333): endElement itemName:name user:0
I/XmlParser( 9333): startElement itemName:define user:0
I/XmlParser( 9333): endElement itemName:define user:0
I/XmlParser( 9333): startElement itemName:description user:0
I/XmlParser( 9333): endElement itemName:description user:0
I/XmlParser( 9333): endElement itemName:group user:0
I/XmlParser( 9333): startElement itemName:group user:0
I/XmlParser( 9333): startElement itemName:id user:0
I/XmlParser( 9333): endElement itemName:id user:0
I/XmlParser( 9333): startElement itemName:name user:0
I/XmlParser( 9333): endElement itemName:name user:0
I/XmlParser( 9333): startElement itemName:define user:0
I/XmlParser( 9333): endElement itemName:define user:0
I/XmlParser( 9333): startElement itemName:description user:0
I/XmlParser( 9333): endElement itemName:description user:0
I/XmlParser( 9333): endElement itemName:group user:0
I/XmlParser( 9333): startElement itemName:group user:0
I/XmlParser( 9333): startElement itemName:id user:0
I/XmlParser( 9333): endElement itemName:id user:0
I/XmlParser( 9333): startElement itemName:name user:0
I/XmlParser( 9333): endElement itemName:name user:0
I/XmlParser( 9333): startElement itemName:define user:0
I/XmlParser( 9333): endElement itemName:define user:0
I/XmlParser( 9333): startElement itemName:description user:0
I/XmlParser( 9333): endElement itemName:description user:0
I/XmlParser( 9333): endElement itemName:group user:0
I/XmlParser( 9333): endElement itemName:resource user:0
I/libEGL  ( 9333): egl_cache_t() maxKeySize:1024  maxTotalSize:2097152
I/appproc ( 9333): CLASSPATH=/system/framework/pm.jar
I/appproc ( 9333): Command=app_process /system/bin com.android.commands.pm.Pm install -r -d -g /data/local/tmp/0000011190 
I/AndroidRuntime( 9333): readDownloadBoosterConfig: 'false'
I/art     ( 9333): Reinit property: dalvik.vm.checkjni= false
I/CastMediaRouteProvider( 2926): in onDiscoveryRequestChanged: request=null
E/HsmCoreServiceImpl( 1097): onTransact in code is: 102
I/MediaProcessHandler( 1097): processOp opType: 1, uid: 10086, pid: 8566
W/MediaProcessHandler( 1097): remove target not exist, maybe the UI process: uid: 10086, pid: 8566
I/DiscoveryManager( 2926): Filter criteria(null) scannerFlags(0)
I/Publisher( 2926): onUpdateFilterCriteria null
W/MdnsClient_Cast( 2926): Multicast lock held. Releasing. Subtypes:"233637DE"
W/MdnsClient( 2926): unicast receiver thread is already dead.
I/HWSERVICES( 9333): hwnative_get_component_register:libdrmbitmap,JNI
I/DeviceScanner( 2926): [MDNS] notifyDevicesOffline: []
I/Radio-JNI( 9333): register_android_hardware_Radio DONE
I/android_hardware_fm.cpp( 9333): register_android_hardware_fm_fmradio
I/android_hardware_fm.cpp( 9333): ========64bit long size = 8
I/android_hardware_fm.cpp( 9333): FM: get chip type = bcm43xx
E/fm_if.c ( 9333): find the id:fm and begins to open the devices
I/android_hardware_fm.cpp( 9333): register_android_hardware_fm_fmradio, ret is 0
I/HwPm    ( 9333): start PackageInstallerActivity failed [-2]
I/        (  530): free_cache(585950) avail 53232324608
I/PackageManager.DexOptimizer( 1097): Running dexopt (dex2oat) on: /data/app/vmdl1074796663.tmp/base.apk pkg=by.onliner.catalog.test isa=arm64 vmSafeMode=false debuggable=false target-filter=interpret-only oatDir = /data/app/vmdl1074796663.tmp/oat sharedLibraries=/system/framework/android.test.runner.jar:/system/framework/com.google.android.maps.jar
I/dex2oat ( 9344): /system/bin/dex2oat --compiler-filter=interpret-only -j4
I/dex2oat ( 9344): dex2oat took 176.533ms (threads: 4) arena alloc=10KB (11056B) java alloc=2MB (2151736B) native alloc=2MB (2660224B) free=1498KB (1534080B)
E/HwArpVerifier( 1097): wifi default route is not exist!
I/art     ( 1097): Starting a blocking GC Explicit
I/art     ( 1097): Explicit concurrent mark sweep GC freed 132830(7MB) AllocSpace objects, 94(4MB) LOS objects, 33% free, 27MB/40MB, paused 1.107ms total 63.780ms
E/        (  530): Couldn't opendir /data/app/vmdl1074796663.tmp: No such file or directory
I/SendBroadcastPermission( 1097): action:com.huawei.android.action.GET_PACKAGE_INSTALLATION_INFO, mPermissionType:0
E/HwSystemManager( 1982): HandleInstalledPackageInfoService:second action: pkgData is null
I/EventCenter( 1578): EventCenter Get :android.intent.action.PACKAGE_ADDED
I/HwLauncher( 2497): LauncherDownloadModel onReceive intent=Intent { act=android.intent.action.PACKAGE_ADDED dat=package:by.onliner.catalog.test flg=0x4000010 (has extras) }
W/HwLauncher( 2497): SimpleLauncherMode onReceive : It's normal Launcher now, do not handle add packages
W/System.err( 1097): java.lang.SecurityException: Caller has no access to session 1074796663
W/System.err( 1097): 	at com.android.server.pm.PackageInstallerService.abandonSession(PackageInstallerService.java:737)
W/System.err( 1097): 	at android.content.pm.IPackageInstaller$Stub.onTransact(IPackageInstaller.java:97)
W/System.err( 1097): 	at android.os.Binder.execTransact(Binder.java:565)
I/InputReader( 1097): Reconfiguring input devices.  changes=0x00000010
I/art     ( 9333): System.exit called, status: 0
I/AndroidRuntime( 9333): VM exiting with result code 0.
W/HwSystemManager( 1982): StartupConsistencyChecker:loadNewPackageDefaultData not valid startupInfo of by.onliner.catalog.test
E/Contacts( 7985): ExternalAccountType Unsupported attribute readOnly
I/SendBroadcastPermission( 9040): action:com.huawei.gamebox.global.service.downloadservice.Receiver, mPermissionType:0
W/Finsky  ( 8679): [1] com.google.android.finsky.application.FinskyAppImpl.F(1569): No account configured on this device.
W/Finsky  ( 8679): [1] com.google.android.finsky.application.FinskyAppImpl.F(1569): No account configured on this device.
I/Finsky  ( 8679): [1] com.google.android.finsky.utils.PermissionPolicies$PermissionPolicyService.onStartCommand(115): post-install permissions check for by.onliner.catalog.test
I/WearableService( 2316): Wearable Services not starting - Wear is not available on this device.
W/Finsky  ( 8679): [1] com.google.android.finsky.application.FinskyAppImpl.F(1569): No account configured on this device.
I/Finsky  ( 8679): [1] com.google.android.finsky.utils.bn.run(2300): Package state data is missing for by.onliner.catalog.test
W/Finsky  ( 8679): [1] com.google.android.finsky.application.FinskyAppImpl.F(1569): No account configured on this device.
E/Finsky  ( 8679): [1] com.google.android.finsky.wear.bp.a(847): onConnectionFailed: ConnectionResult{statusCode=API_UNAVAILABLE, resolution=null, message=null}
I/Finsky  ( 8679): [1] com.google.android.finsky.wear.an.run(2402): Dropping command=auto_install due to Gms not connected
I/Finsky  ( 8679): [1] com.google.android.finsky.wear.an.run(2402): Dropping command=send_installed_apps due to Gms not connected
I/UpdateIcingCorporaServi( 8288): Updating corpora: APPS=by.onliner.catalog.test, CONTACTS=MAYBE
I/AppInfoManager( 1890): Write app info to db : by.onliner.catalog.test type: -1 uid:14498
W/HwSystemManager( 1982): NotificationDBProvider:queryNotificationList: nType = 1
W/HwSystemManager( 1982): NotificationDBProvider:queryNotificationList: nType = 2
I/UpdateIcingCorporaServi( 8288): UpdateCorporaTask done [took 27 ms] updated apps [took 27 ms] 
I/FontsPackageChangeOp( 2926): Package by.onliner.catalog.test has no metadata
W/HwSystemManager( 1982): NotificationDBProvider:queryNotificationList: nType = 5
I/PhoneStatusBar( 1578): updateNotificationShade: total=2, active=2
I/PhoneStatusBar( 1578): updateNotificationShade: total=2, active=2
W/HwSystemManager( 9173): AddViewAppManager:Current installed app not apply system_alert_window or applicationInfo null!
E/HwSystemManager( 9173): SecurityBroadcastReceiver:SecurityBroadcastReceiver the rainbow is not enabled!
E/HwSystemManager( 1982): AppCleanUpService:msg is 0
E/HwSystemManager( 9173): SpaceCleanReceiver:doPkgAdd pi is not valid permission
W/HwKeyguardDragHelper( 1578): AnimationBlocked
I/SendBroadcastPermission( 1097): action:android.search.action.SEARCHABLES_CHANGED, mPermissionType:0
I/LocationProviderProxy-fused( 1097): bindBestPackage for com.android.location.service.FusedLocationProvider :  found 2, new best component: ComponentInfo{com.google.android.gms/com.google.android.location.fused.FusedLocationService}
I/HwLauncher( 2497): Model onPackageAdded packageName = by.onliner.catalog.test user = UserHandle{0}
I/SendBroadcastPermission( 9173): action:PACKAGE_ADDED_OR_REMOVED, mPermissionType:0
I/SendBroadcastPermission( 2926): action:com.google.android.gms.icing.IME_NOTIFICATION, mPermissionType:0
I/SendBroadcastPermission( 2926): action:com.google.android.gms.icing.IME_NOTIFICATION, mPermissionType:0
I/HwLauncher( 2497): Model  findCloudAppInfoInDB : found 0 shortcutInfo for package[by.onliner.catalog.test] in db
I/HwLauncher( 2497): PowerSaveLauncherModel onPackageAdded packageName = by.onliner.catalog.test user = UserHandle{0}
E/HwLauncher( 2497): PowerSaveLauncherModel onPackageAdded:  not inPowerSaveLauncher 
I/SendBroadcastPermission( 2926): action:com.google.android.gms.icing.IME_NOTIFICATION, mPermissionType:0
I/SendBroadcastPermission( 2926): action:com.google.android.gms.icing.IME_NOTIFICATION, mPermissionType:0
I/SendBroadcastPermission( 2926): action:com.google.android.gms.icing.IME_NOTIFICATION, mPermissionType:0
I/SendBroadcastPermission( 2926): action:com.google.android.gms.icing.IME_NOTIFICATION, mPermissionType:0
I/SendBroadcastPermission( 2926): action:com.google.android.gms.icing.IME_NOTIFICATION, mPermissionType:0
I/SendBroadcastPermission( 2926): action:com.google.android.gms.icing.IME_NOTIFICATION, mPermissionType:0
I/SendBroadcastPermission( 2926): action:com.google.android.gms.icing.IME_NOTIFICATION, mPermissionType:0
I/SendBroadcastPermission( 2926): action:com.google.android.gms.icing.IME_NOTIFICATION, mPermissionType:0
I/SendBroadcastPermission( 2926): action:com.google.android.gms.icing.IME_NOTIFICATION, mPermissionType:0
I/AppBlackWhitelist( 1890): Standby database changed!
I/SendBroadcastPermission( 2926): action:com.google.android.gms.icing.IME_NOTIFICATION, mPermissionType:0
I/AppBlackWhitelist( 1890): Standby database changed!
I/SendBroadcastPermission( 2926): action:com.google.android.gms.icing.IME_NOTIFICATION, mPermissionType:0
I/SendBroadcastPermission( 2926): action:com.google.android.gms.icing.IME_NOTIFICATION, mPermissionType:0
I/SendBroadcastPermission( 2926): action:com.google.android.gms.icing.IME_NOTIFICATION, mPermissionType:0
I/SendBroadcastPermission( 2926): action:com.google.android.gms.icing.IME_NOTIFICATION, mPermissionType:0
I/SendBroadcastPermission( 2926): action:com.google.android.gms.icing.IME_NOTIFICATION, mPermissionType:0
I/SendBroadcastPermission( 2926): action:com.google.android.gms.icing.IME_NOTIFICATION, mPermissionType:0
I/ChromeSync( 2926): [Persistence,AffiliationManager] Fetching affiliations from the server.
I/AppBlackWhitelist( 1890): Clean database changed!
I/SendBroadcastPermission( 1982): action:huawei.intent.action.HW_STOPPED_PACKAGE_ACTION, mPermissionType:0
I/SendBroadcastPermission( 1982): action:com.huawei.systemmanager.action.found_virusscan_app, mPermissionType:0
I/Icing   ( 2926): Usage reports 0 indexed 0 rejected 0 imm upload false
I/Icing   ( 2926): Usage reports 0 indexed 0 rejected 0 imm upload false
I/AppBlackWhitelist( 1890): start refresh apps, unShown pkgs:[com.google.android.apps.tachyon, com.google.android.gms, com.google.android.gsf, com.google.android.gsf.login, com.huawei.lbs]
I/AppBlackWhitelist( 1890): Standby protected apps: [com.android.email, com.huawei.geofence, com.huawei.health, com.huawei.KoBackup, com.huawei.screenrecorder]
I/AppBlackWhitelist( 1890): Standby unprotected apps: [com.android.gallery3d, com.android.mediacenter, com.huawei.camera, com.huawei.hidisk, com.google.android.apps.docs.editors.docs, com.huawei.gamebox.global, com.google.android.play.games, com.android.hwmirror, com.tripadvisor.tripadvisor, com.google.android.apps.docs.editors.sheets, com.huawei.autoinstallapkfrommcc, com.booking, com.google.android.apps.plus, com.stupeflix.replay, com.hp.android.printservice, com.google.android.apps.magazines, com.facebook.katana, com.todoist, com.instagram.android, com.google.android.apps.docs.editors.slides, com.huawei.compass, com.todoist.promotionupgrader, com.google.android.apps.books, com.lesspainful, com.xamarin.devicecontrol, by.onliner.catalog, by.onliner.catalog.test]
I/AppBlackWhitelist( 1890): not enable, don't chg doze list
I/XmlParser( 9389): startElement itemName:resource user:1871155240
I/XmlParser( 9389): startElement itemName:group user:1871155240
I/XmlParser( 9389): startElement itemName:id user:1871155240
I/XmlParser( 9389): endElement itemName:id user:1871155240
I/XmlParser( 9389): startElement itemName:name user:1871155240
I/XmlParser( 9389): endElement itemName:name user:1871155240
I/XmlParser( 9389): startElement itemName:define user:1871155240
I/XmlParser( 9389): endElement itemName:define user:1871155240
I/XmlParser( 9389): startElement itemName:description user:1871155240
I/XmlParser( 9389): endElement itemName:description user:1871155240
I/XmlParser( 9389): endElement itemName:group user:1871155240
I/XmlParser( 9389): startElement itemName:group user:1871155240
I/XmlParser( 9389): startElement itemName:id user:1871155240
I/XmlParser( 9389): endElement itemName:id user:1871155240
I/XmlParser( 9389): startElement itemName:name user:1871155240
I/XmlParser( 9389): endElement itemName:name user:1871155240
I/XmlParser( 9389): startElement itemName:define user:1871155240
E/XmlParser( 9389): startElement mResult:1024
I/XmlParser( 9389): endElement itemName:define user:1871155240
I/XmlParser( 9389): startElement itemName:description user:1871155240
I/XmlParser( 9389): endElement itemName:description user:1871155240
I/XmlParser( 9389): endElement itemName:group user:1871155240
I/XmlParser( 9389): startElement itemName:group user:1871155240
I/XmlParser( 9389): startElement itemName:id user:1871155240
I/XmlParser( 9389): endElement itemName:id user:1871155240
I/XmlParser( 9389): startElement itemName:name user:1871155240
I/XmlParser( 9389): endElement itemName:name user:1871155240
I/XmlParser( 9389): startElement itemName:define user:1871155240
I/XmlParser( 9389): endElement itemName:define user:1871155240
I/XmlParser( 9389): startElement itemName:description user:1871155240
I/XmlParser( 9389): endElement itemName:description user:1871155240
I/XmlParser( 9389): endElement itemName:group user:1871155240
I/XmlParser( 9389): startElement itemName:group user:1871155240
I/XmlParser( 9389): startElement itemName:id user:1871155240
I/XmlParser( 9389): endElement itemName:id user:1871155240
I/XmlParser( 9389): startElement itemName:name user:1871155240
I/XmlParser( 9389): endElement itemName:name user:1871155240
I/XmlParser( 9389): startElement itemName:define user:1871155240
I/XmlParser( 9389): endElement itemName:define user:1871155240
I/XmlParser( 9389): startElement itemName:description user:1871155240
I/XmlParser( 9389): endElement itemName:description user:1871155240
I/XmlParser( 9389): endElement itemName:group user:1871155240
I/XmlParser( 9389): endElement itemName:resource user:1871155240
I/XmlParser( 9389): startElement itemName:resource user:0
I/XmlParser( 9389): startElement itemName:group user:0
I/XmlParser( 9389): startElement itemName:id user:0
I/XmlParser( 9389): endElement itemName:id user:0
I/XmlParser( 9389): startElement itemName:name user:0
I/XmlParser( 9389): endElement itemName:name user:0
I/XmlParser( 9389): startElement itemName:define user:0
E/XmlParser( 9389): startElement mResult:2097152
I/XmlParser( 9389): endElement itemName:define user:0
I/XmlParser( 9389): startElement itemName:description user:0
I/XmlParser( 9389): endElement itemName:description user:0
I/XmlParser( 9389): endElement itemName:group user:0
I/XmlParser( 9389): startElement itemName:group user:0
I/XmlParser( 9389): startElement itemName:id user:0
I/XmlParser( 9389): endElement itemName:id user:0
I/XmlParser( 9389): startElement itemName:name user:0
I/XmlParser( 9389): endElement itemName:name user:0
I/XmlParser( 9389): startElement itemName:define user:0
I/XmlParser( 9389): endElement itemName:define user:0
I/XmlParser( 9389): startElement itemName:description user:0
I/XmlParser( 9389): endElement itemName:description user:0
I/XmlParser( 9389): endElement itemName:group user:0
I/XmlParser( 9389): startElement itemName:group user:0
I/XmlParser( 9389): startElement itemName:id user:0
I/XmlParser( 9389): endElement itemName:id user:0
I/XmlParser( 9389): startElement itemName:name user:0
I/XmlParser( 9389): endElement itemName:name user:0
I/XmlParser( 9389): startElement itemName:define user:0
I/XmlParser( 9389): endElement itemName:define user:0
I/XmlParser( 9389): startElement itemName:description user:0
I/XmlParser( 9389): endElement itemName:description user:0
I/XmlParser( 9389): endElement itemName:group user:0
I/XmlParser( 9389): startElement itemName:group user:0
I/XmlParser( 9389): startElement itemName:id user:0
I/XmlParser( 9389): endElement itemName:id user:0
I/XmlParser( 9389): startElement itemName:name user:0
I/XmlParser( 9389): endElement itemName:name user:0
I/XmlParser( 9389): startElement itemName:define user:0
I/XmlParser( 9389): endElement itemName:define user:0
I/XmlParser( 9389): startElement itemName:description user:0
I/XmlParser( 9389): endElement itemName:description user:0
I/XmlParser( 9389): endElement itemName:group user:0
I/XmlParser( 9389): endElement itemName:resource user:0
I/libEGL  ( 9389): egl_cache_t() maxKeySize:1024  maxTotalSize:2097152
I/appproc ( 9389): CLASSPATH=/system/framework/settings.jar
I/appproc ( 9389): Command=app_process /system/bin com.android.commands.settings.SettingsCmd put secure immersive_mode_confirmations confirmed 
I/AndroidRuntime( 9389): readDownloadBoosterConfig: 'false'
I/art     ( 9389): Reinit property: dalvik.vm.checkjni= false
I/HWSERVICES( 9389): hwnative_get_component_register:libdrmbitmap,JNI
I/Radio-JNI( 9389): register_android_hardware_Radio DONE
I/android_hardware_fm.cpp( 9389): register_android_hardware_fm_fmradio
I/android_hardware_fm.cpp( 9389): ========64bit long size = 8
I/android_hardware_fm.cpp( 9389): FM: get chip type = bcm43xx
E/fm_if.c ( 9389): find the id:fm and begins to open the devices
I/android_hardware_fm.cpp( 9389): register_android_hardware_fm_fmradio, ret is 0
I/DownloadState( 1890): @@@@@@@@@@@@ uid :10015 download :true
I/PGServer( 1890): report state:5 event type:1 pid:0 uid:10015 pkg:null to pid: 1097
I/XmlParser( 9399): startElement itemName:resource user:1121148968
I/XmlParser( 9399): startElement itemName:group user:1121148968
I/XmlParser( 9399): startElement itemName:id user:1121148968
I/XmlParser( 9399): endElement itemName:id user:1121148968
I/XmlParser( 9399): startElement itemName:name user:1121148968
I/XmlParser( 9399): endElement itemName:name user:1121148968
I/XmlParser( 9399): startElement itemName:define user:1121148968
I/XmlParser( 9399): endElement itemName:define user:1121148968
I/XmlParser( 9399): startElement itemName:description user:1121148968
I/XmlParser( 9399): endElement itemName:description user:1121148968
I/XmlParser( 9399): endElement itemName:group user:1121148968
I/XmlParser( 9399): startElement itemName:group user:1121148968
I/XmlParser( 9399): startElement itemName:id user:1121148968
I/XmlParser( 9399): endElement itemName:id user:1121148968
I/XmlParser( 9399): startElement itemName:name user:1121148968
I/XmlParser( 9399): endElement itemName:name user:1121148968
I/XmlParser( 9399): startElement itemName:define user:1121148968
E/XmlParser( 9399): startElement mResult:1024
I/XmlParser( 9399): endElement itemName:define user:1121148968
I/XmlParser( 9399): startElement itemName:description user:1121148968
I/XmlParser( 9399): endElement itemName:description user:1121148968
I/XmlParser( 9399): endElement itemName:group user:1121148968
I/XmlParser( 9399): startElement itemName:group user:1121148968
I/XmlParser( 9399): startElement itemName:id user:1121148968
I/XmlParser( 9399): endElement itemName:id user:1121148968
I/XmlParser( 9399): startElement itemName:name user:1121148968
I/XmlParser( 9399): endElement itemName:name user:1121148968
I/XmlParser( 9399): startElement itemName:define user:1121148968
I/XmlParser( 9399): endElement itemName:define user:1121148968
I/XmlParser( 9399): startElement itemName:description user:1121148968
I/XmlParser( 9399): endElement itemName:description user:1121148968
I/XmlParser( 9399): endElement itemName:group user:1121148968
I/XmlParser( 9399): startElement itemName:group user:1121148968
I/XmlParser( 9399): startElement itemName:id user:1121148968
I/XmlParser( 9399): endElement itemName:id user:1121148968
I/XmlParser( 9399): startElement itemName:name user:1121148968
I/XmlParser( 9399): endElement itemName:name user:1121148968
I/XmlParser( 9399): startElement itemName:define user:1121148968
I/XmlParser( 9399): endElement itemName:define user:1121148968
I/XmlParser( 9399): startElement itemName:description user:1121148968
I/XmlParser( 9399): endElement itemName:description user:1121148968
I/XmlParser( 9399): endElement itemName:group user:1121148968
I/XmlParser( 9399): endElement itemName:resource user:1121148968
I/XmlParser( 9399): startElement itemName:resource user:0
I/XmlParser( 9399): startElement itemName:group user:0
I/XmlParser( 9399): startElement itemName:id user:0
I/XmlParser( 9399): endElement itemName:id user:0
I/XmlParser( 9399): startElement itemName:name user:0
I/XmlParser( 9399): endElement itemName:name user:0
I/XmlParser( 9399): startElement itemName:define user:0
E/XmlParser( 9399): startElement mResult:2097152
I/XmlParser( 9399): endElement itemName:define user:0
I/XmlParser( 9399): startElement itemName:description user:0
I/XmlParser( 9399): endElement itemName:description user:0
I/XmlParser( 9399): endElement itemName:group user:0
I/XmlParser( 9399): startElement itemName:group user:0
I/XmlParser( 9399): startElement itemName:id user:0
I/XmlParser( 9399): endElement itemName:id user:0
I/XmlParser( 9399): startElement itemName:name user:0
I/XmlParser( 9399): endElement itemName:name user:0
I/XmlParser( 9399): startElement itemName:define user:0
I/XmlParser( 9399): endElement itemName:define user:0
I/XmlParser( 9399): startElement itemName:description user:0
I/XmlParser( 9399): endElement itemName:description user:0
I/XmlParser( 9399): endElement itemName:group user:0
I/XmlParser( 9399): startElement itemName:group user:0
I/XmlParser( 9399): startElement itemName:id user:0
I/XmlParser( 9399): endElement itemName:id user:0
I/XmlParser( 9399): startElement itemName:name user:0
I/XmlParser( 9399): endElement itemName:name user:0
I/XmlParser( 9399): startElement itemName:define user:0
I/XmlParser( 9399): endElement itemName:define user:0
I/XmlParser( 9399): startElement itemName:description user:0
I/XmlParser( 9399): endElement itemName:description user:0
I/XmlParser( 9399): endElement itemName:group user:0
I/XmlParser( 9399): startElement itemName:group user:0
I/XmlParser( 9399): startElement itemName:id user:0
I/XmlParser( 9399): endElement itemName:id user:0
I/XmlParser( 9399): startElement itemName:name user:0
I/XmlParser( 9399): endElement itemName:name user:0
I/XmlParser( 9399): startElement itemName:define user:0
I/XmlParser( 9399): endElement itemName:define user:0
I/XmlParser( 9399): startElement itemName:description user:0
I/XmlParser( 9399): endElement itemName:description user:0
I/XmlParser( 9399): endElement itemName:group user:0
I/XmlParser( 9399): endElement itemName:resource user:0
I/libEGL  ( 9399): egl_cache_t() maxKeySize:1024  maxTotalSize:2097152
I/appproc ( 9399): CLASSPATH=/system/framework/settings.jar
I/appproc ( 9399): Command=app_process /system/bin com.android.commands.settings.SettingsCmd get system screen_off_timeout 
I/AndroidRuntime( 9399): readDownloadBoosterConfig: 'false'
I/art     ( 9399): Reinit property: dalvik.vm.checkjni= false
I/HWSERVICES( 9399): hwnative_get_component_register:libdrmbitmap,JNI
I/Radio-JNI( 9399): register_android_hardware_Radio DONE
I/android_hardware_fm.cpp( 9399): register_android_hardware_fm_fmradio
I/android_hardware_fm.cpp( 9399): ========64bit long size = 8
I/android_hardware_fm.cpp( 9399): FM: get chip type = bcm43xx
E/fm_if.c ( 9399): find the id:fm and begins to open the devices
I/android_hardware_fm.cpp( 9399): register_android_hardware_fm_fmradio, ret is 0
I/XmlParser( 9411): startElement itemName:resource user:-1004847064
I/XmlParser( 9411): startElement itemName:group user:-1004847064
I/XmlParser( 9411): startElement itemName:id user:-1004847064
I/XmlParser( 9411): endElement itemName:id user:-1004847064
I/XmlParser( 9411): startElement itemName:name user:-1004847064
I/XmlParser( 9411): endElement itemName:name user:-1004847064
I/XmlParser( 9411): startElement itemName:define user:-1004847064
I/XmlParser( 9411): endElement itemName:define user:-1004847064
I/XmlParser( 9411): startElement itemName:description user:-1004847064
I/XmlParser( 9411): endElement itemName:description user:-1004847064
I/XmlParser( 9411): endElement itemName:group user:-1004847064
I/XmlParser( 9411): startElement itemName:group user:-1004847064
I/XmlParser( 9411): startElement itemName:id user:-1004847064
I/XmlParser( 9411): endElement itemName:id user:-1004847064
I/XmlParser( 9411): startElement itemName:name user:-1004847064
I/XmlParser( 9411): endElement itemName:name user:-1004847064
I/XmlParser( 9411): startElement itemName:define user:-1004847064
E/XmlParser( 9411): startElement mResult:1024
I/XmlParser( 9411): endElement itemName:define user:-1004847064
I/XmlParser( 9411): startElement itemName:description user:-1004847064
I/XmlParser( 9411): endElement itemName:description user:-1004847064
I/XmlParser( 9411): endElement itemName:group user:-1004847064
I/XmlParser( 9411): startElement itemName:group user:-1004847064
I/XmlParser( 9411): startElement itemName:id user:-1004847064
I/XmlParser( 9411): endElement itemName:id user:-1004847064
I/XmlParser( 9411): startElement itemName:name user:-1004847064
I/XmlParser( 9411): endElement itemName:name user:-1004847064
I/XmlParser( 9411): startElement itemName:define user:-1004847064
I/XmlParser( 9411): endElement itemName:define user:-1004847064
I/XmlParser( 9411): startElement itemName:description user:-1004847064
I/XmlParser( 9411): endElement itemName:description user:-1004847064
I/XmlParser( 9411): endElement itemName:group user:-1004847064
I/XmlParser( 9411): startElement itemName:group user:-1004847064
I/XmlParser( 9411): startElement itemName:id user:-1004847064
I/XmlParser( 9411): endElement itemName:id user:-1004847064
I/XmlParser( 9411): startElement itemName:name user:-1004847064
I/XmlParser( 9411): endElement itemName:name user:-1004847064
I/XmlParser( 9411): startElement itemName:define user:-1004847064
I/XmlParser( 9411): endElement itemName:define user:-1004847064
I/XmlParser( 9411): startElement itemName:description user:-1004847064
I/XmlParser( 9411): endElement itemName:description user:-1004847064
I/XmlParser( 9411): endElement itemName:group user:-1004847064
I/XmlParser( 9411): endElement itemName:resource user:-1004847064
I/XmlParser( 9411): startElement itemName:resource user:0
I/XmlParser( 9411): startElement itemName:group user:0
I/XmlParser( 9411): startElement itemName:id user:0
I/XmlParser( 9411): endElement itemName:id user:0
I/XmlParser( 9411): startElement itemName:name user:0
I/XmlParser( 9411): endElement itemName:name user:0
I/XmlParser( 9411): startElement itemName:define user:0
E/XmlParser( 9411): startElement mResult:2097152
I/XmlParser( 9411): endElement itemName:define user:0
I/XmlParser( 9411): startElement itemName:description user:0
I/XmlParser( 9411): endElement itemName:description user:0
I/XmlParser( 9411): endElement itemName:group user:0
I/XmlParser( 9411): startElement itemName:group user:0
I/XmlParser( 9411): startElement itemName:id user:0
I/XmlParser( 9411): endElement itemName:id user:0
I/XmlParser( 9411): startElement itemName:name user:0
I/XmlParser( 9411): endElement itemName:name user:0
I/XmlParser( 9411): startElement itemName:define user:0
I/XmlParser( 9411): endElement itemName:define user:0
I/XmlParser( 9411): startElement itemName:description user:0
I/XmlParser( 9411): endElement itemName:description user:0
I/XmlParser( 9411): endElement itemName:group user:0
I/XmlParser( 9411): startElement itemName:group user:0
I/XmlParser( 9411): startElement itemName:id user:0
I/XmlParser( 9411): endElement itemName:id user:0
I/XmlParser( 9411): startElement itemName:name user:0
I/XmlParser( 9411): endElement itemName:name user:0
I/XmlParser( 9411): startElement itemName:define user:0
I/XmlParser( 9411): endElement itemName:define user:0
I/XmlParser( 9411): startElement itemName:description user:0
I/XmlParser( 9411): endElement itemName:description user:0
I/XmlParser( 9411): endElement itemName:group user:0
I/XmlParser( 9411): startElement itemName:group user:0
I/XmlParser( 9411): startElement itemName:id user:0
I/XmlParser( 9411): endElement itemName:id user:0
I/XmlParser( 9411): startElement itemName:name user:0
I/XmlParser( 9411): endElement itemName:name user:0
I/XmlParser( 9411): startElement itemName:define user:0
I/XmlParser( 9411): endElement itemName:define user:0
I/XmlParser( 9411): startElement itemName:description user:0
I/XmlParser( 9411): endElement itemName:description user:0
I/XmlParser( 9411): endElement itemName:group user:0
I/XmlParser( 9411): endElement itemName:resource user:0
I/libEGL  ( 9411): egl_cache_t() maxKeySize:1024  maxTotalSize:2097152
I/appproc ( 9411): CLASSPATH=/system/framework/settings.jar
I/appproc ( 9411): Command=app_process /system/bin com.android.commands.settings.SettingsCmd put system screen_off_timeout 600001 
I/AndroidRuntime( 9411): readDownloadBoosterConfig: 'false'
I/art     ( 9411): Reinit property: dalvik.vm.checkjni= false
I/HWSERVICES( 9411): hwnative_get_component_register:libdrmbitmap,JNI
I/Radio-JNI( 9411): register_android_hardware_Radio DONE
I/android_hardware_fm.cpp( 9411): register_android_hardware_fm_fmradio
I/android_hardware_fm.cpp( 9411): ========64bit long size = 8
I/android_hardware_fm.cpp( 9411): FM: get chip type = bcm43xx
E/fm_if.c ( 9411): find the id:fm and begins to open the devices
I/android_hardware_fm.cpp( 9411): register_android_hardware_fm_fmradio, ret is 0
I/EventCenter( 1578): ContentChange for slot: 1
I/Icing   ( 2926): Indexing 7BA0F04300001AD8923A3BDC980DB0BED6EE9B71 from com.google.android.gms
I/Icing   ( 2926): Indexing done 7BA0F04300001AD8923A3BDC980DB0BED6EE9B71
I/TrafficMonitor( 1097): update:rxPkts:19,txPkts:30,rxBytes:6974,txBytes:25377
I/TrafficMonitor( 1097): start expired. level:-1
I/TrafficMonitor( 1097): gettimer:interval=2000
I/XmlParser( 9422): startElement itemName:resource user:1903857704
I/XmlParser( 9422): startElement itemName:group user:1903857704
I/XmlParser( 9422): startElement itemName:id user:1903857704
I/XmlParser( 9422): endElement itemName:id user:1903857704
I/XmlParser( 9422): startElement itemName:name user:1903857704
I/XmlParser( 9422): endElement itemName:name user:1903857704
I/XmlParser( 9422): startElement itemName:define user:1903857704
I/XmlParser( 9422): endElement itemName:define user:1903857704
I/XmlParser( 9422): startElement itemName:description user:1903857704
I/XmlParser( 9422): endElement itemName:description user:1903857704
I/XmlParser( 9422): endElement itemName:group user:1903857704
I/XmlParser( 9422): startElement itemName:group user:1903857704
I/XmlParser( 9422): startElement itemName:id user:1903857704
I/XmlParser( 9422): endElement itemName:id user:1903857704
I/XmlParser( 9422): startElement itemName:name user:1903857704
I/XmlParser( 9422): endElement itemName:name user:1903857704
I/XmlParser( 9422): startElement itemName:define user:1903857704
E/XmlParser( 9422): startElement mResult:1024
I/XmlParser( 9422): endElement itemName:define user:1903857704
I/XmlParser( 9422): startElement itemName:description user:1903857704
I/XmlParser( 9422): endElement itemName:description user:1903857704
I/XmlParser( 9422): endElement itemName:group user:1903857704
I/XmlParser( 9422): startElement itemName:group user:1903857704
I/XmlParser( 9422): startElement itemName:id user:1903857704
I/XmlParser( 9422): endElement itemName:id user:1903857704
I/XmlParser( 9422): startElement itemName:name user:1903857704
I/XmlParser( 9422): endElement itemName:name user:1903857704
I/XmlParser( 9422): startElement itemName:define user:1903857704
I/XmlParser( 9422): endElement itemName:define user:1903857704
I/XmlParser( 9422): startElement itemName:description user:1903857704
I/XmlParser( 9422): endElement itemName:description user:1903857704
I/XmlParser( 9422): endElement itemName:group user:1903857704
I/XmlParser( 9422): startElement itemName:group user:1903857704
I/XmlParser( 9422): startElement itemName:id user:1903857704
I/XmlParser( 9422): endElement itemName:id user:1903857704
I/XmlParser( 9422): startElement itemName:name user:1903857704
I/XmlParser( 9422): endElement itemName:name user:1903857704
I/XmlParser( 9422): startElement itemName:define user:1903857704
I/XmlParser( 9422): endElement itemName:define user:1903857704
I/XmlParser( 9422): startElement itemName:description user:1903857704
I/XmlParser( 9422): endElement itemName:description user:1903857704
I/XmlParser( 9422): endElement itemName:group user:1903857704
I/XmlParser( 9422): endElement itemName:resource user:1903857704
I/XmlParser( 9422): startElement itemName:resource user:0
I/XmlParser( 9422): startElement itemName:group user:0
I/XmlParser( 9422): startElement itemName:id user:0
I/XmlParser( 9422): endElement itemName:id user:0
