I/XmlParser( 9422): startElement itemName:name user:0
I/XmlParser( 9422): endElement itemName:name user:0
I/XmlParser( 9422): startElement itemName:define user:0
E/XmlParser( 9422): startElement mResult:2097152
I/XmlParser( 9422): endElement itemName:define user:0
I/XmlParser( 9422): startElement itemName:description user:0
I/XmlParser( 9422): endElement itemName:description user:0
I/XmlParser( 9422): endElement itemName:group user:0
I/XmlParser( 9422): startElement itemName:group user:0
I/XmlParser( 9422): startElement itemName:id user:0
I/XmlParser( 9422): endElement itemName:id user:0
I/XmlParser( 9422): startElement itemName:name user:0
I/XmlParser( 9422): endElement itemName:name user:0
I/XmlParser( 9422): startElement itemName:define user:0
I/XmlParser( 9422): endElement itemName:define user:0
I/XmlParser( 9422): startElement itemName:description user:0
I/XmlParser( 9422): endElement itemName:description user:0
I/XmlParser( 9422): endElement itemName:group user:0
I/XmlParser( 9422): startElement itemName:group user:0
I/XmlParser( 9422): startElement itemName:id user:0
I/XmlParser( 9422): endElement itemName:id user:0
I/XmlParser( 9422): startElement itemName:name user:0
I/XmlParser( 9422): endElement itemName:name user:0
I/XmlParser( 9422): startElement itemName:define user:0
I/XmlParser( 9422): endElement itemName:define user:0
I/XmlParser( 9422): startElement itemName:description user:0
I/XmlParser( 9422): endElement itemName:description user:0
I/XmlParser( 9422): endElement itemName:group user:0
I/XmlParser( 9422): startElement itemName:group user:0
I/XmlParser( 9422): startElement itemName:id user:0
I/XmlParser( 9422): endElement itemName:id user:0
I/XmlParser( 9422): startElement itemName:name user:0
I/XmlParser( 9422): endElement itemName:name user:0
I/XmlParser( 9422): startElement itemName:define user:0
I/XmlParser( 9422): endElement itemName:define user:0
I/XmlParser( 9422): startElement itemName:description user:0
I/XmlParser( 9422): endElement itemName:description user:0
I/XmlParser( 9422): endElement itemName:group user:0
I/XmlParser( 9422): endElement itemName:resource user:0
I/libEGL  ( 9422): egl_cache_t() maxKeySize:1024  maxTotalSize:2097152
I/appproc ( 9422): CLASSPATH=/system/framework/settings.jar
I/appproc ( 9422): Command=app_process /system/bin com.android.commands.settings.SettingsCmd put system screen_off_timeout 600000 
I/AndroidRuntime( 9422): readDownloadBoosterConfig: 'false'
I/art     ( 9422): Reinit property: dalvik.vm.checkjni= false
I/HWSERVICES( 9422): hwnative_get_component_register:libdrmbitmap,JNI
I/Radio-JNI( 9422): register_android_hardware_Radio DONE
I/android_hardware_fm.cpp( 9422): register_android_hardware_fm_fmradio
I/android_hardware_fm.cpp( 9422): ========64bit long size = 8
I/android_hardware_fm.cpp( 9422): FM: get chip type = bcm43xx
E/fm_if.c ( 9422): find the id:fm and begins to open the devices
I/android_hardware_fm.cpp( 9422): register_android_hardware_fm_fmradio, ret is 0
I/EventCenter( 1578): ContentChange for slot: 1
E/HwCHRWebMonitor( 1097): WebMonitor [mNetWorkIsSuck=0 mUIDIsSuck=]  WebSpeed [WEBSENDSEGS=1  WEBRESENDSEGS=1  WEBRECVSEGS=19  WEBERRSEGS=0  WEBOUTRSTS=0  WEBESTABLISRST=0  WEBRTTDURATION=295  WEBRTTSEGS=13  WEBSRTT=230  WEBSNDDUPACKS=0  SENDSEGS=0  RESENDSEGS=0  RECVSEGS=0  ERRSEGS=0  OUTRSTS=0  ESTABLISRST=0  RTTDURATION=0  RTTSEGS=0  SNDDUPACKS=0  suckTimes=0 recovage_times=0]
E/HwCHRWifiRSSIGroupSummery( 1097): updateTcpSummery mRSSI:-43  HwCHRWifiRSSIGroup [rssi_index=4, rtt_tcp_packets=101, rtt_tcp_duration=5698, rtt_lan_duration=15, rtt_lan_failures=0, rtt_lan_succ=2, rtt_lan_max=12, rtt_lan_min=3,same_area_frequency=0,adjacent_area_frequency=0]
E/HwCHRWebMonitor( 1097): HwCHRWifiPacketCnt [mTXGood=35, mTXbad=0, mRXGood=19] rssi=-43
E/HwCHRWebMonitor( 1097): Good NetWork Traffic , so mOnAppSuckTime, mUnModifyCount reset 0
I/XmlParser( 9431): startElement itemName:resource user:-806715352
I/XmlParser( 9431): startElement itemName:group user:-806715352
I/XmlParser( 9431): startElement itemName:id user:-806715352
I/XmlParser( 9431): endElement itemName:id user:-806715352
I/XmlParser( 9431): startElement itemName:name user:-806715352
I/XmlParser( 9431): endElement itemName:name user:-806715352
I/XmlParser( 9431): startElement itemName:define user:-806715352
I/XmlParser( 9431): endElement itemName:define user:-806715352
I/XmlParser( 9431): startElement itemName:description user:-806715352
I/XmlParser( 9431): endElement itemName:description user:-806715352
I/XmlParser( 9431): endElement itemName:group user:-806715352
I/XmlParser( 9431): startElement itemName:group user:-806715352
I/XmlParser( 9431): startElement itemName:id user:-806715352
I/XmlParser( 9431): endElement itemName:id user:-806715352
I/XmlParser( 9431): startElement itemName:name user:-806715352
I/XmlParser( 9431): endElement itemName:name user:-806715352
I/XmlParser( 9431): startElement itemName:define user:-806715352
E/XmlParser( 9431): startElement mResult:1024
I/XmlParser( 9431): endElement itemName:define user:-806715352
I/XmlParser( 9431): startElement itemName:description user:-806715352
I/XmlParser( 9431): endElement itemName:description user:-806715352
I/XmlParser( 9431): endElement itemName:group user:-806715352
I/XmlParser( 9431): startElement itemName:group user:-806715352
I/XmlParser( 9431): startElement itemName:id user:-806715352
I/XmlParser( 9431): endElement itemName:id user:-806715352
I/XmlParser( 9431): startElement itemName:name user:-806715352
I/XmlParser( 9431): endElement itemName:name user:-806715352
I/XmlParser( 9431): startElement itemName:define user:-806715352
I/XmlParser( 9431): endElement itemName:define user:-806715352
I/XmlParser( 9431): startElement itemName:description user:-806715352
I/XmlParser( 9431): endElement itemName:description user:-806715352
I/XmlParser( 9431): endElement itemName:group user:-806715352
I/XmlParser( 9431): startElement itemName:group user:-806715352
I/XmlParser( 9431): startElement itemName:id user:-806715352
I/XmlParser( 9431): endElement itemName:id user:-806715352
I/XmlParser( 9431): startElement itemName:name user:-806715352
I/XmlParser( 9431): endElement itemName:name user:-806715352
I/XmlParser( 9431): startElement itemName:define user:-806715352
I/XmlParser( 9431): endElement itemName:define user:-806715352
I/XmlParser( 9431): startElement itemName:description user:-806715352
I/XmlParser( 9431): endElement itemName:description user:-806715352
I/XmlParser( 9431): endElement itemName:group user:-806715352
I/XmlParser( 9431): endElement itemName:resource user:-806715352
I/XmlParser( 9431): startElement itemName:resource user:0
I/XmlParser( 9431): startElement itemName:group user:0
I/XmlParser( 9431): startElement itemName:id user:0
I/XmlParser( 9431): endElement itemName:id user:0
I/XmlParser( 9431): startElement itemName:name user:0
I/XmlParser( 9431): endElement itemName:name user:0
I/XmlParser( 9431): startElement itemName:define user:0
E/XmlParser( 9431): startElement mResult:2097152
I/XmlParser( 9431): endElement itemName:define user:0
I/XmlParser( 9431): startElement itemName:description user:0
I/XmlParser( 9431): endElement itemName:description user:0
I/XmlParser( 9431): endElement itemName:group user:0
I/XmlParser( 9431): startElement itemName:group user:0
I/XmlParser( 9431): startElement itemName:id user:0
I/XmlParser( 9431): endElement itemName:id user:0
I/XmlParser( 9431): startElement itemName:name user:0
I/XmlParser( 9431): endElement itemName:name user:0
I/XmlParser( 9431): startElement itemName:define user:0
I/XmlParser( 9431): endElement itemName:define user:0
I/XmlParser( 9431): startElement itemName:description user:0
I/XmlParser( 9431): endElement itemName:description user:0
I/XmlParser( 9431): endElement itemName:group user:0
I/XmlParser( 9431): startElement itemName:group user:0
I/XmlParser( 9431): startElement itemName:id user:0
I/XmlParser( 9431): endElement itemName:id user:0
I/XmlParser( 9431): startElement itemName:name user:0
I/XmlParser( 9431): endElement itemName:name user:0
I/XmlParser( 9431): startElement itemName:define user:0
I/XmlParser( 9431): endElement itemName:define user:0
I/XmlParser( 9431): startElement itemName:description user:0
I/XmlParser( 9431): endElement itemName:description user:0
I/XmlParser( 9431): endElement itemName:group user:0
I/XmlParser( 9431): startElement itemName:group user:0
I/XmlParser( 9431): startElement itemName:id user:0
I/XmlParser( 9431): endElement itemName:id user:0
I/XmlParser( 9431): startElement itemName:name user:0
I/XmlParser( 9431): endElement itemName:name user:0
I/XmlParser( 9431): startElement itemName:define user:0
I/XmlParser( 9431): endElement itemName:define user:0
I/XmlParser( 9431): startElement itemName:description user:0
I/XmlParser( 9431): endElement itemName:description user:0
I/XmlParser( 9431): endElement itemName:group user:0
I/XmlParser( 9431): endElement itemName:resource user:0
I/libEGL  ( 9431): egl_cache_t() maxKeySize:1024  maxTotalSize:2097152
I/appproc ( 9431): CLASSPATH=/system/framework/settings.jar
I/appproc ( 9431): Command=app_process /system/bin com.android.commands.settings.SettingsCmd put secure mock_location 1 
I/AndroidRuntime( 9431): readDownloadBoosterConfig: 'false'
I/art     ( 9431): Reinit property: dalvik.vm.checkjni= false
I/HWSERVICES( 9431): hwnative_get_component_register:libdrmbitmap,JNI
I/Radio-JNI( 9431): register_android_hardware_Radio DONE
I/android_hardware_fm.cpp( 9431): register_android_hardware_fm_fmradio
I/android_hardware_fm.cpp( 9431): ========64bit long size = 8
I/android_hardware_fm.cpp( 9431): FM: get chip type = bcm43xx
E/fm_if.c ( 9431): find the id:fm and begins to open the devices
I/android_hardware_fm.cpp( 9431): register_android_hardware_fm_fmradio, ret is 0
E/Thermal-daemon(  522): [charger_ic] temp_new :32  temp_old :31
I/ThermalService( 1890): Receive temperature change, type: 2, temp: 32 from thermald
I/LowBatteryManager( 1890): Only handle msg event!
E/Thermal-daemon(  522): Report temperature: [charger_ic] temp :32  report_threshold:1
I/XmlParser( 9446): startElement itemName:resource user:683278376
I/XmlParser( 9446): startElement itemName:group user:683278376
I/XmlParser( 9446): startElement itemName:id user:683278376
I/XmlParser( 9446): endElement itemName:id user:683278376
I/XmlParser( 9446): startElement itemName:name user:683278376
I/XmlParser( 9446): endElement itemName:name user:683278376
I/XmlParser( 9446): startElement itemName:define user:683278376
I/XmlParser( 9446): endElement itemName:define user:683278376
I/XmlParser( 9446): startElement itemName:description user:683278376
I/XmlParser( 9446): endElement itemName:description user:683278376
I/XmlParser( 9446): endElement itemName:group user:683278376
I/XmlParser( 9446): startElement itemName:group user:683278376
I/XmlParser( 9446): startElement itemName:id user:683278376
I/XmlParser( 9446): endElement itemName:id user:683278376
I/XmlParser( 9446): startElement itemName:name user:683278376
I/XmlParser( 9446): endElement itemName:name user:683278376
I/XmlParser( 9446): startElement itemName:define user:683278376
E/XmlParser( 9446): startElement mResult:1024
I/XmlParser( 9446): endElement itemName:define user:683278376
I/XmlParser( 9446): startElement itemName:description user:683278376
I/XmlParser( 9446): endElement itemName:description user:683278376
I/XmlParser( 9446): endElement itemName:group user:683278376
I/XmlParser( 9446): startElement itemName:group user:683278376
I/XmlParser( 9446): startElement itemName:id user:683278376
I/XmlParser( 9446): endElement itemName:id user:683278376
I/XmlParser( 9446): startElement itemName:name user:683278376
I/XmlParser( 9446): endElement itemName:name user:683278376
I/XmlParser( 9446): startElement itemName:define user:683278376
I/XmlParser( 9446): endElement itemName:define user:683278376
I/XmlParser( 9446): startElement itemName:description user:683278376
I/XmlParser( 9446): endElement itemName:description user:683278376
I/XmlParser( 9446): endElement itemName:group user:683278376
I/XmlParser( 9446): startElement itemName:group user:683278376
I/XmlParser( 9446): startElement itemName:id user:683278376
I/XmlParser( 9446): endElement itemName:id user:683278376
I/XmlParser( 9446): startElement itemName:name user:683278376
I/XmlParser( 9446): endElement itemName:name user:683278376
I/XmlParser( 9446): startElement itemName:define user:683278376
I/XmlParser( 9446): endElement itemName:define user:683278376
I/XmlParser( 9446): startElement itemName:description user:683278376
I/XmlParser( 9446): endElement itemName:description user:683278376
I/XmlParser( 9446): endElement itemName:group user:683278376
I/XmlParser( 9446): endElement itemName:resource user:683278376
I/XmlParser( 9446): startElement itemName:resource user:0
I/XmlParser( 9446): startElement itemName:group user:0
I/XmlParser( 9446): startElement itemName:id user:0
I/XmlParser( 9446): endElement itemName:id user:0
I/XmlParser( 9446): startElement itemName:name user:0
I/XmlParser( 9446): endElement itemName:name user:0
I/XmlParser( 9446): startElement itemName:define user:0
E/XmlParser( 9446): startElement mResult:2097152
I/XmlParser( 9446): endElement itemName:define user:0
I/XmlParser( 9446): startElement itemName:description user:0
I/XmlParser( 9446): endElement itemName:description user:0
I/XmlParser( 9446): endElement itemName:group user:0
I/XmlParser( 9446): startElement itemName:group user:0
I/XmlParser( 9446): startElement itemName:id user:0
I/XmlParser( 9446): endElement itemName:id user:0
I/XmlParser( 9446): startElement itemName:name user:0
I/XmlParser( 9446): endElement itemName:name user:0
I/XmlParser( 9446): startElement itemName:define user:0
I/XmlParser( 9446): endElement itemName:define user:0
I/XmlParser( 9446): startElement itemName:description user:0
I/XmlParser( 9446): endElement itemName:description user:0
I/XmlParser( 9446): endElement itemName:group user:0
I/XmlParser( 9446): startElement itemName:group user:0
I/XmlParser( 9446): startElement itemName:id user:0
I/XmlParser( 9446): endElement itemName:id user:0
I/XmlParser( 9446): startElement itemName:name user:0
I/XmlParser( 9446): endElement itemName:name user:0
I/XmlParser( 9446): startElement itemName:define user:0
I/XmlParser( 9446): endElement itemName:define user:0
I/XmlParser( 9446): startElement itemName:description user:0
I/XmlParser( 9446): endElement itemName:description user:0
I/XmlParser( 9446): endElement itemName:group user:0
I/XmlParser( 9446): startElement itemName:group user:0
I/XmlParser( 9446): startElement itemName:id user:0
I/XmlParser( 9446): endElement itemName:id user:0
I/XmlParser( 9446): startElement itemName:name user:0
I/XmlParser( 9446): endElement itemName:name user:0
I/XmlParser( 9446): startElement itemName:define user:0
I/XmlParser( 9446): endElement itemName:define user:0
I/XmlParser( 9446): startElement itemName:description user:0
I/XmlParser( 9446): endElement itemName:description user:0
I/XmlParser( 9446): endElement itemName:group user:0
I/XmlParser( 9446): endElement itemName:resource user:0
I/libEGL  ( 9446): egl_cache_t() maxKeySize:1024  maxTotalSize:2097152
I/appproc ( 9446): CLASSPATH=/system/framework/pm.jar
I/appproc ( 9446): Command=app_process /system/bin com.android.commands.pm.Pm list packages -f 
I/AndroidRuntime( 9446): readDownloadBoosterConfig: 'false'
I/art     ( 9446): Reinit property: dalvik.vm.checkjni= false
I/HWSERVICES( 9446): hwnative_get_component_register:libdrmbitmap,JNI
I/Radio-JNI( 9446): register_android_hardware_Radio DONE
I/android_hardware_fm.cpp( 9446): register_android_hardware_fm_fmradio
I/android_hardware_fm.cpp( 9446): ========64bit long size = 8
I/android_hardware_fm.cpp( 9446): FM: get chip type = bcm43xx
E/fm_if.c ( 9446): find the id:fm and begins to open the devices
I/android_hardware_fm.cpp( 9446): register_android_hardware_fm_fmradio, ret is 0
W/MessageQueue( 9446): Handler (android.os.Handler) {21647f1} sending message to a Handler on a dead thread
W/MessageQueue( 9446): java.lang.IllegalStateException: Handler (android.os.Handler) {21647f1} sending message to a Handler on a dead thread
W/MessageQueue( 9446): 	at android.os.MessageQueue.enqueueMessage(MessageQueue.java:564)
W/MessageQueue( 9446): 	at android.os.Handler.enqueueMessage(Handler.java:653)
W/MessageQueue( 9446): 	at android.os.Handler.sendMessageAtTime(Handler.java:622)
W/MessageQueue( 9446): 	at android.os.Handler.sendMessageDelayed(Handler.java:592)
W/MessageQueue( 9446): 	at android.os.Handler.post(Handler.java:345)
W/MessageQueue( 9446): 	at android.os.ResultReceiver$MyResultReceiver.send(ResultReceiver.java:57)
W/MessageQueue( 9446): 	at com.android.internal.os.IResultReceiver$Stub.onTransact(IResultReceiver.java:58)
W/MessageQueue( 9446): 	at android.os.Binder.execTransact(Binder.java:565)
I/art     ( 9446): System.exit called, status: 0
I/AndroidRuntime( 9446): VM exiting with result code 0.
I/PackageManager( 1097): Start dump, calling from : pid=9458, uid=2000
I/TrafficMonitor( 1097): update:rxPkts:0,txPkts:0,rxBytes:0,txBytes:0
I/TrafficMonitor( 1097): start expired. level:-1
I/TrafficMonitor( 1097): gettimer:interval=2000
I/DownloadState( 1890): @@@@@@@@@@@@ uid :10015 download :false
I/PGServer( 1890): report state:5 event type:2 pid:0 uid:10015 pkg:null to pid: 1097
I/WifiProHistoryDBManager( 1097): start delete 0 records.
I/TrafficMonitor( 1097): expired arrive. level:-1
I/TrafficMonitor( 1097): during_ms:2001,period_ms:2000
I/TrafficMonitor( 1097): count:26,rx_sum:0,tx_sum:0,rxBytes:0,during_ms:2001,rx_speed:0.0,tx_speed:0.0,rto:0.0
I/XmlParser( 9462): startElement itemName:resource user:-239165400
I/XmlParser( 9462): startElement itemName:group user:-239165400
I/XmlParser( 9462): startElement itemName:id user:-239165400
I/XmlParser( 9462): endElement itemName:id user:-239165400
I/XmlParser( 9462): startElement itemName:name user:-239165400
I/XmlParser( 9462): endElement itemName:name user:-239165400
I/XmlParser( 9462): startElement itemName:define user:-239165400
I/XmlParser( 9462): endElement itemName:define user:-239165400
I/XmlParser( 9462): startElement itemName:description user:-239165400
I/XmlParser( 9462): endElement itemName:description user:-239165400
I/XmlParser( 9462): endElement itemName:group user:-239165400
I/XmlParser( 9462): startElement itemName:group user:-239165400
I/XmlParser( 9462): startElement itemName:id user:-239165400
I/XmlParser( 9462): endElement itemName:id user:-239165400
I/XmlParser( 9462): startElement itemName:name user:-239165400
I/XmlParser( 9462): endElement itemName:name user:-239165400
I/XmlParser( 9462): startElement itemName:define user:-239165400
E/XmlParser( 9462): startElement mResult:1024
I/XmlParser( 9462): endElement itemName:define user:-239165400
I/XmlParser( 9462): startElement itemName:description user:-239165400
I/XmlParser( 9462): endElement itemName:description user:-239165400
I/XmlParser( 9462): endElement itemName:group user:-239165400
I/XmlParser( 9462): startElement itemName:group user:-239165400
I/XmlParser( 9462): startElement itemName:id user:-239165400
I/XmlParser( 9462): endElement itemName:id user:-239165400
I/XmlParser( 9462): startElement itemName:name user:-239165400
I/XmlParser( 9462): endElement itemName:name user:-239165400
I/XmlParser( 9462): startElement itemName:define user:-239165400
I/XmlParser( 9462): endElement itemName:define user:-239165400
I/XmlParser( 9462): startElement itemName:description user:-239165400
I/XmlParser( 9462): endElement itemName:description user:-239165400
I/XmlParser( 9462): endElement itemName:group user:-239165400
I/XmlParser( 9462): startElement itemName:group user:-239165400
I/XmlParser( 9462): startElement itemName:id user:-239165400
I/XmlParser( 9462): endElement itemName:id user:-239165400
I/XmlParser( 9462): startElement itemName:name user:-239165400
I/XmlParser( 9462): endElement itemName:name user:-239165400
I/XmlParser( 9462): startElement itemName:define user:-239165400
I/XmlParser( 9462): endElement itemName:define user:-239165400
I/XmlParser( 9462): startElement itemName:description user:-239165400
I/XmlParser( 9462): endElement itemName:description user:-239165400
I/XmlParser( 9462): endElement itemName:group user:-239165400
I/XmlParser( 9462): endElement itemName:resource user:-239165400
I/XmlParser( 9462): startElement itemName:resource user:0
I/XmlParser( 9462): startElement itemName:group user:0
I/XmlParser( 9462): startElement itemName:id user:0
I/XmlParser( 9462): endElement itemName:id user:0
I/XmlParser( 9462): startElement itemName:name user:0
I/XmlParser( 9462): endElement itemName:name user:0
I/XmlParser( 9462): startElement itemName:define user:0
E/XmlParser( 9462): startElement mResult:2097152
I/XmlParser( 9462): endElement itemName:define user:0
I/XmlParser( 9462): startElement itemName:description user:0
I/XmlParser( 9462): endElement itemName:description user:0
I/XmlParser( 9462): endElement itemName:group user:0
I/XmlParser( 9462): startElement itemName:group user:0
I/XmlParser( 9462): startElement itemName:id user:0
I/XmlParser( 9462): endElement itemName:id user:0
I/XmlParser( 9462): startElement itemName:name user:0
I/XmlParser( 9462): endElement itemName:name user:0
I/XmlParser( 9462): startElement itemName:define user:0
I/XmlParser( 9462): endElement itemName:define user:0
I/XmlParser( 9462): startElement itemName:description user:0
I/XmlParser( 9462): endElement itemName:description user:0
I/XmlParser( 9462): endElement itemName:group user:0
I/XmlParser( 9462): startElement itemName:group user:0
I/XmlParser( 9462): startElement itemName:id user:0
I/XmlParser( 9462): endElement itemName:id user:0
I/XmlParser( 9462): startElement itemName:name user:0
I/XmlParser( 9462): endElement itemName:name user:0
I/XmlParser( 9462): startElement itemName:define user:0
I/XmlParser( 9462): endElement itemName:define user:0
I/XmlParser( 9462): startElement itemName:description user:0
I/XmlParser( 9462): endElement itemName:description user:0
I/XmlParser( 9462): endElement itemName:group user:0
I/XmlParser( 9462): startElement itemName:group user:0
I/XmlParser( 9462): startElement itemName:id user:0
I/XmlParser( 9462): endElement itemName:id user:0
I/XmlParser( 9462): startElement itemName:name user:0
I/XmlParser( 9462): endElement itemName:name user:0
I/XmlParser( 9462): startElement itemName:define user:0
I/XmlParser( 9462): endElement itemName:define user:0
I/XmlParser( 9462): startElement itemName:description user:0
I/XmlParser( 9462): endElement itemName:description user:0
I/XmlParser( 9462): endElement itemName:group user:0
I/XmlParser( 9462): endElement itemName:resource user:0
I/libEGL  ( 9462): egl_cache_t() maxKeySize:1024  maxTotalSize:2097152
I/appproc ( 9462): CLASSPATH=/system/framework/pm.jar
I/appproc ( 9462): Command=app_process /system/bin com.android.commands.pm.Pm list packages -f 
I/AndroidRuntime( 9462): readDownloadBoosterConfig: 'false'
I/art     ( 9462): Reinit property: dalvik.vm.checkjni= false
I/HWSERVICES( 9462): hwnative_get_component_register:libdrmbitmap,JNI
I/Radio-JNI( 9462): register_android_hardware_Radio DONE
I/android_hardware_fm.cpp( 9462): register_android_hardware_fm_fmradio
I/android_hardware_fm.cpp( 9462): ========64bit long size = 8
I/android_hardware_fm.cpp( 9462): FM: get chip type = bcm43xx
E/fm_if.c ( 9462): find the id:fm and begins to open the devices
I/android_hardware_fm.cpp( 9462): register_android_hardware_fm_fmradio, ret is 0
I/art     ( 9462): System.exit called, status: 0
I/AndroidRuntime( 9462): VM exiting with result code 0.
W/MessageQueue( 9462): Handler (android.os.Handler) {958d86b} sending message to a Handler on a dead thread
W/MessageQueue( 9462): java.lang.IllegalStateException: Handler (android.os.Handler) {958d86b} sending message to a Handler on a dead thread
W/MessageQueue( 9462): 	at android.os.MessageQueue.enqueueMessage(MessageQueue.java:564)
W/MessageQueue( 9462): 	at android.os.Handler.enqueueMessage(Handler.java:653)
W/MessageQueue( 9462): 	at android.os.Handler.sendMessageAtTime(Handler.java:622)
W/MessageQueue( 9462): 	at android.os.Handler.sendMessageDelayed(Handler.java:592)
W/MessageQueue( 9462): 	at android.os.Handler.post(Handler.java:345)
W/MessageQueue( 9462): 	at android.os.ResultReceiver$MyResultReceiver.send(ResultReceiver.java:57)
W/MessageQueue( 9462): 	at com.android.internal.os.IResultReceiver$Stub.onTransact(IResultReceiver.java:58)
W/MessageQueue( 9462): 	at android.os.Binder.execTransact(Binder.java:565)
I/WearableService( 2316): Wearable Services stopping
I/AppBlackWhitelist( 1890): Clean protected apps: [com.google.android.apps.tachyon, com.google.android.apps.docs.editors.docs, com.huawei.gamebox.global, com.android.calculator2, com.android.chrome, com.google.android.play.games, com.huawei.KoBackup, com.tripadvisor.tripadvisor, com.touchtype.swiftkey, com.google.android.apps.maps, com.google.android.apps.docs.editors.sheets, com.huawei.autoinstallapkfrommcc, com.booking, com.google.android.apps.plus, com.huawei.phoneservice, com.stupeflix.replay, com.hp.android.printservice, com.huawei.hidisk, com.google.android.apps.magazines, com.facebook.katana, com.todoist, com.huawei.android.thememanager, com.instagram.android, com.google.android.apps.docs.editors.slides, com.huawei.compass, com.todoist.promotionupgrader, com.google.android.apps.books, com.lesspainful, com.xamarin.devicecontrol, by.onliner.catalog, by.onliner.catalog.test]
I/AppBlackWhitelist( 1890): Clean unprotected apps: []
I/AppBlackWhitelist( 1890): not enable, don't chg doze list
I/TrafficMonitor( 1097): update:rxPkts:0,txPkts:0,rxBytes:0,txBytes:0
I/TrafficMonitor( 1097): start expired. level:-1
I/TrafficMonitor( 1097): gettimer:interval=2000
I/MsgReceiver( 1890): intent action: android.intent.action.BATTERY_CHANGED
W/KeyguardUpdateMonitor( 1578): ACTION_BATTERY_CHANGED AMP: 0; Volt: 0
W/KeyguardUpdateMonitor( 1578): ChargingSpeed  Wattage: -1 ST: 5000000 --> 7500000
I/KgBattery( 1578): BatteryInfo updated:  5lPC-1
W/AppHandler( 1578): sendMessage with obj100
W/HwLockScreenPanel( 1578): refreshBatteryInfo: null
W/HwLockScreenPanel( 1578): Handle message: 100
E/HwCHRWebMonitor( 1097): WebMonitor [mNetWorkIsSuck=0 mUIDIsSuck=]  WebSpeed [WEBSENDSEGS=3  WEBRESENDSEGS=2  WEBRECVSEGS=0  WEBERRSEGS=0  WEBOUTRSTS=0  WEBESTABLISRST=0  WEBRTTDURATION=0  WEBRTTSEGS=0  WEBSRTT=230  WEBSNDDUPACKS=0  SENDSEGS=0  RESENDSEGS=0  RECVSEGS=0  ERRSEGS=0  OUTRSTS=0  ESTABLISRST=0  RTTDURATION=0  RTTSEGS=0  SNDDUPACKS=0  suckTimes=0 recovage_times=0]
E/HwCHRWifiRSSIGroupSummery( 1097): updateTcpSummery mRSSI:-43  HwCHRWifiRSSIGroup [rssi_index=4, rtt_tcp_packets=101, rtt_tcp_duration=5698, rtt_lan_duration=15, rtt_lan_failures=0, rtt_lan_succ=2, rtt_lan_max=12, rtt_lan_min=3,same_area_frequency=0,adjacent_area_frequency=0]
E/HwCHRWebMonitor( 1097): HwCHRWifiPacketCnt [mTXGood=3, mTXbad=0, mRXGood=1] rssi=-43
E/HwCHRWebMonitor( 1097): running processName=com.huawei.android.launcher
E/HwCHRWebMonitor( 1097): HwCHRWifiUIDWebSpeed [appName=com.tripadvisor.tripadvisor UID=10111  WEBSENDSEGS=3  WEBRESENDSEGS=2  WEBRECVSEGS=0  WEBERRSEGS=0  WEBOUTRSTS=0  WEBESTABLISRST=0  WEBRTTDURATION=0  WEBRTTSEGS=0  WEBSNDDUPACKS=0  suckTimes=0 recovage_times=0]
E/HwCHRWifiLinkMonitor( 1097): HwCHRWifiBcmIncrCounterLst [txbyte=0  txframe=0  txnoassoc=0  txphyerror=0  txctl=0  txfail=0  txphyerr=0  txfrmsnt=0  txnoack=0  txfrag=0  txnocts=0  txrts=0  txnobuf=0  txallfrm=0  txerror=0  txretrans=0  rxbyte=0  rxframe=0  rxbadfcs=0  rxbadplcp=0  rxmulti=0  rxfrag=0  rxctl=0  rxbadcm=0  rxnobuf=0  rxcrsglitch=0  rxbadds=0  rxnondata=0  rxmulti=0  reset=0  rxdfrmocast=0  rxmfrmocast=0  rxdfrmucastmbss=0  rxmfrmucastmbss=0  rxbeaconmbss=0  rxdfmucastobss=0  rxbeaconobss=0  rxstrt=0  rxcfrmocast=0  rxcfrmucast=0  rxdfrmmcast=0  rxmfrmmcast=0  rxcfrmmcast=0  ]
I/XmlParser( 9487): startElement itemName:resource user:1549574184
I/XmlParser( 9487): startElement itemName:group user:1549574184
I/XmlParser( 9487): startElement itemName:id user:1549574184
I/XmlParser( 9487): endElement itemName:id user:1549574184
I/XmlParser( 9487): startElement itemName:name user:1549574184
I/XmlParser( 9487): endElement itemName:name user:1549574184
I/XmlParser( 9487): startElement itemName:define user:1549574184
I/XmlParser( 9487): endElement itemName:define user:1549574184
I/XmlParser( 9487): startElement itemName:description user:1549574184
I/XmlParser( 9487): endElement itemName:description user:1549574184
I/XmlParser( 9487): endElement itemName:group user:1549574184
I/XmlParser( 9487): startElement itemName:group user:1549574184
I/XmlParser( 9487): startElement itemName:id user:1549574184
I/XmlParser( 9487): endElement itemName:id user:1549574184
I/XmlParser( 9487): startElement itemName:name user:1549574184
I/XmlParser( 9487): endElement itemName:name user:1549574184
I/XmlParser( 9487): startElement itemName:define user:1549574184
E/XmlParser( 9487): startElement mResult:1024
I/XmlParser( 9487): endElement itemName:define user:1549574184
I/XmlParser( 9487): startElement itemName:description user:1549574184
I/XmlParser( 9487): endElement itemName:description user:1549574184
I/XmlParser( 9487): endElement itemName:group user:1549574184
I/XmlParser( 9487): startElement itemName:group user:1549574184
I/XmlParser( 9487): startElement itemName:id user:1549574184
I/XmlParser( 9487): endElement itemName:id user:1549574184
I/XmlParser( 9487): startElement itemName:name user:1549574184
I/XmlParser( 9487): endElement itemName:name user:1549574184
I/XmlParser( 9487): startElement itemName:define user:1549574184
I/XmlParser( 9487): endElement itemName:define user:1549574184
I/XmlParser( 9487): startElement itemName:description user:1549574184
I/XmlParser( 9487): endElement itemName:description user:1549574184
I/XmlParser( 9487): endElement itemName:group user:1549574184
I/XmlParser( 9487): startElement itemName:group user:1549574184
I/XmlParser( 9487): startElement itemName:id user:1549574184
I/XmlParser( 9487): endElement itemName:id user:1549574184
I/XmlParser( 9487): startElement itemName:name user:1549574184
I/XmlParser( 9487): endElement itemName:name user:1549574184
I/XmlParser( 9487): startElement itemName:define user:1549574184
I/XmlParser( 9487): endElement itemName:define user:1549574184
I/XmlParser( 9487): startElement itemName:description user:1549574184
I/XmlParser( 9487): endElement itemName:description user:1549574184
I/XmlParser( 9487): endElement itemName:group user:1549574184
I/XmlParser( 9487): endElement itemName:resource user:1549574184
I/XmlParser( 9487): startElement itemName:resource user:0
I/XmlParser( 9487): startElement itemName:group user:0
I/XmlParser( 9487): startElement itemName:id user:0
I/XmlParser( 9487): endElement itemName:id user:0
I/XmlParser( 9487): startElement itemName:name user:0
I/XmlParser( 9487): endElement itemName:name user:0
I/XmlParser( 9487): startElement itemName:define user:0
E/XmlParser( 9487): startElement mResult:2097152
I/XmlParser( 9487): endElement itemName:define user:0
I/XmlParser( 9487): startElement itemName:description user:0
I/XmlParser( 9487): endElement itemName:description user:0
I/XmlParser( 9487): endElement itemName:group user:0
I/XmlParser( 9487): startElement itemName:group user:0
I/XmlParser( 9487): startElement itemName:id user:0
I/XmlParser( 9487): endElement itemName:id user:0
I/XmlParser( 9487): startElement itemName:name user:0
I/XmlParser( 9487): endElement itemName:name user:0
I/XmlParser( 9487): startElement itemName:define user:0
I/XmlParser( 9487): endElement itemName:define user:0
I/XmlParser( 9487): startElement itemName:description user:0
I/XmlParser( 9487): endElement itemName:description user:0
I/XmlParser( 9487): endElement itemName:group user:0
I/XmlParser( 9487): startElement itemName:group user:0
I/XmlParser( 9487): startElement itemName:id user:0
I/XmlParser( 9487): endElement itemName:id user:0
I/XmlParser( 9487): startElement itemName:name user:0
I/XmlParser( 9487): endElement itemName:name user:0
I/XmlParser( 9487): startElement itemName:define user:0
I/XmlParser( 9487): endElement itemName:define user:0
I/XmlParser( 9487): startElement itemName:description user:0
I/XmlParser( 9487): endElement itemName:description user:0
I/XmlParser( 9487): endElement itemName:group user:0
I/XmlParser( 9487): startElement itemName:group user:0
I/XmlParser( 9487): startElement itemName:id user:0
I/XmlParser( 9487): endElement itemName:id user:0
I/XmlParser( 9487): startElement itemName:name user:0
I/XmlParser( 9487): endElement itemName:name user:0
I/XmlParser( 9487): startElement itemName:define user:0
I/XmlParser( 9487): endElement itemName:define user:0
I/XmlParser( 9487): startElement itemName:description user:0
I/XmlParser( 9487): endElement itemName:description user:0
I/XmlParser( 9487): endElement itemName:group user:0
I/XmlParser( 9487): endElement itemName:resource user:0
I/libEGL  ( 9487): egl_cache_t() maxKeySize:1024  maxTotalSize:2097152
I/appproc ( 9487): CLASSPATH=/system/framework/input.jar
I/appproc ( 9487): Command=app_process /system/bin com.android.commands.input.Input keyevent 4 
I/AndroidRuntime( 9487): readDownloadBoosterConfig: 'false'
I/art     ( 9487): Reinit property: dalvik.vm.checkjni= false
I/HWSERVICES( 9487): hwnative_get_component_register:libdrmbitmap,JNI
I/Radio-JNI( 9487): register_android_hardware_Radio DONE
I/android_hardware_fm.cpp( 9487): register_android_hardware_fm_fmradio
I/android_hardware_fm.cpp( 9487): ========64bit long size = 8
I/android_hardware_fm.cpp( 9487): FM: get chip type = bcm43xx
E/fm_if.c ( 9487): find the id:fm and begins to open the devices
I/android_hardware_fm.cpp( 9487): register_android_hardware_fm_fmradio, ret is 0
I/Input   ( 9487): injectKeyEvent: KeyEvent { action=ACTION_DOWN, keyCode=KEYCODE_BACK, scanCode=0, metaState=0, flags=0x0, hwFlags=0x0, repeatCount=0, eventTime=2021127, downTime=2021127, deviceId=-1, source=0x101 }
I/Input   ( 9487): injectKeyEvent: KeyEvent { action=ACTION_UP, keyCode=KEYCODE_BACK, scanCode=0, metaState=0, flags=0x0, hwFlags=0x0, repeatCount=0, eventTime=2021127, downTime=2021127, deviceId=-1, source=0x101 }
I/TrafficMonitor( 1097): update:rxPkts:1,txPkts:1,rxBytes:315,txBytes:81
I/TrafficMonitor( 1097): start expired. level:-1
I/TrafficMonitor( 1097): gettimer:interval=2000
I/QosMonitor( 1097): queryRtt: rtt_type = 3
I/WifiProJNI( 1097): ######### GET RTT:3 ########
I/HuaweiWifiWatchdogStateMachine( 1097): spd good count:0, add sc:0.0, rate:1.0
I/QosMonitor( 1097): postEventFromNative: msg=100,arg1=4,arg2=9
W/WifiProJNI( 1097): poll before: g_monitor_fd =255
I/QosMonitor( 1097): resetRtt: rtt_type = 3
I/WifiProJNI( 1097): ######### RESET RTT:3 ########
I/HuaweiWifiWatchdogStateMachine( 1097): current mHighDataFlowRate = 1.0
I/HuaweiWifiWatchdogStateMachine( 1097): POta txb txg rxg:0, 38, 0. Lr =0% Totpkt=38
I/WifiProJNI( 1097): ######### CMD_QUERY_PKTS ########
I/QosMonitor( 1097): postEventFromNative: msg=100,arg1=0,arg2=9
W/WifiProJNI( 1097): poll before: g_monitor_fd =255
I/MQoS    ( 1097): rtt=230,tcp_tx_pkts=1375,tcp_rx_pkts=1427
I/HuaweiWifiWatchdogStateMachine( 1097): PTcp RTT:230, rtt pkt=18, tcp_rx=19, tcp_tx=30, tcp_reTran=0, rtRate=0
I/HuaweiWifiWatchdogStateMachine( 1097): rs ota tcp lr rttvb bad: false, false, false, false, false; rsth:-75
I/HuaweiWifiWatchdogStateMachine( 1097):  pkt chk not bad, reset sc to 0.
I/MQoS    ( 1097): QOS_level:0(0),wifi-link;SIM error;use level-0
E/Thermal-daemon(  522): [shell_temp] temp_new :27  temp_old :26
I/ThermalService( 1890): Receive temperature change, type: 22, temp: 27 from thermald
E/Thermal-daemon(  522): Report temperature: [shell_temp] temp :27  report_threshold:1
I/LowBatteryManager( 1890): Only handle msg event!
E/Thermal-daemon(  522): [charger_ic] temp_new :31  temp_old :32
I/ThermalService( 1890): Receive temperature change, type: 2, temp: 31 from thermald
I/LowBatteryManager( 1890): Only handle msg event!
E/Thermal-daemon(  522): Report temperature: [charger_ic] temp :31  report_threshold:1
I/XmlParser( 9509): startElement itemName:resource user:2017398824
I/XmlParser( 9509): startElement itemName:group user:2017398824
I/XmlParser( 9509): startElement itemName:id user:2017398824
I/XmlParser( 9509): endElement itemName:id user:2017398824
I/XmlParser( 9509): startElement itemName:name user:2017398824
I/XmlParser( 9509): endElement itemName:name user:2017398824
I/XmlParser( 9509): startElement itemName:define user:2017398824
I/XmlParser( 9509): endElement itemName:define user:2017398824
I/XmlParser( 9509): startElement itemName:description user:2017398824
I/XmlParser( 9509): endElement itemName:description user:2017398824
I/XmlParser( 9509): endElement itemName:group user:2017398824
I/XmlParser( 9509): startElement itemName:group user:2017398824
I/XmlParser( 9509): startElement itemName:id user:2017398824
I/XmlParser( 9509): endElement itemName:id user:2017398824
I/XmlParser( 9509): startElement itemName:name user:2017398824
I/XmlParser( 9509): endElement itemName:name user:2017398824
I/XmlParser( 9509): startElement itemName:define user:2017398824
E/XmlParser( 9509): startElement mResult:1024
I/XmlParser( 9509): endElement itemName:define user:2017398824
I/XmlParser( 9509): startElement itemName:description user:2017398824
I/XmlParser( 9509): endElement itemName:description user:2017398824
I/XmlParser( 9509): endElement itemName:group user:2017398824
I/XmlParser( 9509): startElement itemName:group user:2017398824
I/XmlParser( 9509): startElement itemName:id user:2017398824
I/XmlParser( 9509): endElement itemName:id user:2017398824
I/XmlParser( 9509): startElement itemName:name user:2017398824
I/XmlParser( 9509): endElement itemName:name user:2017398824
I/XmlParser( 9509): startElement itemName:define user:2017398824
I/XmlParser( 9509): endElement itemName:define user:2017398824
I/XmlParser( 9509): startElement itemName:description user:2017398824
I/XmlParser( 9509): endElement itemName:description user:2017398824
I/XmlParser( 9509): endElement itemName:group user:2017398824
I/XmlParser( 9509): startElement itemName:group user:2017398824
I/XmlParser( 9509): startElement itemName:id user:2017398824
I/XmlParser( 9509): endElement itemName:id user:2017398824
I/XmlParser( 9509): startElement itemName:name user:2017398824
I/XmlParser( 9509): endElement itemName:name user:2017398824
I/XmlParser( 9509): startElement itemName:define user:2017398824
I/XmlParser( 9509): endElement itemName:define user:2017398824
I/XmlParser( 9509): startElement itemName:description user:2017398824
I/XmlParser( 9509): endElement itemName:description user:2017398824
I/XmlParser( 9509): endElement itemName:group user:2017398824
I/XmlParser( 9509): endElement itemName:resource user:2017398824
I/XmlParser( 9509): startElement itemName:resource user:0
I/XmlParser( 9509): startElement itemName:group user:0
I/XmlParser( 9509): startElement itemName:id user:0
I/XmlParser( 9509): endElement itemName:id user:0
I/XmlParser( 9509): startElement itemName:name user:0
I/XmlParser( 9509): endElement itemName:name user:0
I/XmlParser( 9509): startElement itemName:define user:0
E/XmlParser( 9509): startElement mResult:2097152
I/XmlParser( 9509): endElement itemName:define user:0
I/XmlParser( 9509): startElement itemName:description user:0
I/XmlParser( 9509): endElement itemName:description user:0
I/XmlParser( 9509): endElement itemName:group user:0
I/XmlParser( 9509): startElement itemName:group user:0
I/XmlParser( 9509): startElement itemName:id user:0
I/XmlParser( 9509): endElement itemName:id user:0
I/XmlParser( 9509): startElement itemName:name user:0
I/XmlParser( 9509): endElement itemName:name user:0
I/XmlParser( 9509): startElement itemName:define user:0
I/XmlParser( 9509): endElement itemName:define user:0
I/XmlParser( 9509): startElement itemName:description user:0
I/XmlParser( 9509): endElement itemName:description user:0
I/XmlParser( 9509): endElement itemName:group user:0
I/XmlParser( 9509): startElement itemName:group user:0
I/XmlParser( 9509): startElement itemName:id user:0
I/XmlParser( 9509): endElement itemName:id user:0
I/XmlParser( 9509): startElement itemName:name user:0
I/XmlParser( 9509): endElement itemName:name user:0
I/XmlParser( 9509): startElement itemName:define user:0
I/XmlParser( 9509): endElement itemName:define user:0
I/XmlParser( 9509): startElement itemName:description user:0
I/XmlParser( 9509): endElement itemName:description user:0
I/XmlParser( 9509): endElement itemName:group user:0
I/XmlParser( 9509): startElement itemName:group user:0
I/XmlParser( 9509): startElement itemName:id user:0
I/XmlParser( 9509): endElement itemName:id user:0
I/XmlParser( 9509): startElement itemName:name user:0
I/XmlParser( 9509): endElement itemName:name user:0
I/XmlParser( 9509): startElement itemName:define user:0
I/XmlParser( 9509): endElement itemName:define user:0
I/XmlParser( 9509): startElement itemName:description user:0
I/XmlParser( 9509): endElement itemName:description user:0
I/XmlParser( 9509): endElement itemName:group user:0
I/XmlParser( 9509): endElement itemName:resource user:0
I/libEGL  ( 9509): egl_cache_t() maxKeySize:1024  maxTotalSize:2097152
I/appproc ( 9509): CLASSPATH=/system/framework/input.jar
I/appproc ( 9509): Command=app_process /system/bin com.android.commands.input.Input keyevent 3 
I/AndroidRuntime( 9509): readDownloadBoosterConfig: 'false'
I/art     ( 9509): Reinit property: dalvik.vm.checkjni= false
I/HWSERVICES( 9509): hwnative_get_component_register:libdrmbitmap,JNI
I/Radio-JNI( 9509): register_android_hardware_Radio DONE
I/android_hardware_fm.cpp( 9509): register_android_hardware_fm_fmradio
I/android_hardware_fm.cpp( 9509): ========64bit long size = 8
I/android_hardware_fm.cpp( 9509): FM: get chip type = bcm43xx
E/fm_if.c ( 9509): find the id:fm and begins to open the devices
I/android_hardware_fm.cpp( 9509): register_android_hardware_fm_fmradio, ret is 0
I/Input   ( 9509): injectKeyEvent: KeyEvent { action=ACTION_DOWN, keyCode=KEYCODE_HOME, scanCode=0, metaState=0, flags=0x0, hwFlags=0x0, repeatCount=0, eventTime=2022545, downTime=2022545, deviceId=-1, source=0x101 }
I/Input   ( 9509): injectKeyEvent: KeyEvent { action=ACTION_UP, keyCode=KEYCODE_HOME, scanCode=0, metaState=0, flags=0x0, hwFlags=0x0, repeatCount=0, eventTime=2022545, downTime=2022545, deviceId=-1, source=0x101 }
W/HwKeyguardDragHelper( 1578): AnimationBlocked
W/HwLauncher( 2497): Launcher.MotionManager stopMotionAppsReco service flg 403 is unavailable
I/HwSecImmHelper( 2497): mSecurityInputMethodService is null
W/HwLauncher( 2497): Workspace  changeState() state no change.
I/XmlParser( 9521): startElement itemName:resource user:-499376088
I/XmlParser( 9521): startElement itemName:group user:-499376088
I/XmlParser( 9521): startElement itemName:id user:-499376088
I/XmlParser( 9521): endElement itemName:id user:-499376088
I/XmlParser( 9521): startElement itemName:name user:-499376088
I/XmlParser( 9521): endElement itemName:name user:-499376088
I/XmlParser( 9521): startElement itemName:define user:-499376088
I/XmlParser( 9521): endElement itemName:define user:-499376088
I/XmlParser( 9521): startElement itemName:description user:-499376088
I/XmlParser( 9521): endElement itemName:description user:-499376088
I/XmlParser( 9521): endElement itemName:group user:-499376088
I/XmlParser( 9521): startElement itemName:group user:-499376088
I/XmlParser( 9521): startElement itemName:id user:-499376088
I/XmlParser( 9521): endElement itemName:id user:-499376088
I/XmlParser( 9521): startElement itemName:name user:-499376088
I/XmlParser( 9521): endElement itemName:name user:-499376088
I/XmlParser( 9521): startElement itemName:define user:-499376088
E/XmlParser( 9521): startElement mResult:1024
I/XmlParser( 9521): endElement itemName:define user:-499376088
I/XmlParser( 9521): startElement itemName:description user:-499376088
I/XmlParser( 9521): endElement itemName:description user:-499376088
I/XmlParser( 9521): endElement itemName:group user:-499376088
I/XmlParser( 9521): startElement itemName:group user:-499376088
I/XmlParser( 9521): startElement itemName:id user:-499376088
I/XmlParser( 9521): endElement itemName:id user:-499376088
I/XmlParser( 9521): startElement itemName:name user:-499376088
I/XmlParser( 9521): endElement itemName:name user:-499376088
I/XmlParser( 9521): startElement itemName:define user:-499376088
I/XmlParser( 9521): endElement itemName:define user:-499376088
I/XmlParser( 9521): startElement itemName:description user:-499376088
I/XmlParser( 9521): endElement itemName:description user:-499376088
I/XmlParser( 9521): endElement itemName:group user:-499376088
I/XmlParser( 9521): startElement itemName:group user:-499376088
I/XmlParser( 9521): startElement itemName:id user:-499376088
I/XmlParser( 9521): endElement itemName:id user:-499376088
I/XmlParser( 9521): startElement itemName:name user:-499376088
I/XmlParser( 9521): endElement itemName:name user:-499376088
I/XmlParser( 9521): startElement itemName:define user:-499376088
I/XmlParser( 9521): endElement itemName:define user:-499376088
I/XmlParser( 9521): startElement itemName:description user:-499376088
I/XmlParser( 9521): endElement itemName:description user:-499376088
I/XmlParser( 9521): endElement itemName:group user:-499376088
I/XmlParser( 9521): endElement itemName:resource user:-499376088
I/XmlParser( 9521): startElement itemName:resource user:0
I/XmlParser( 9521): startElement itemName:group user:0
I/XmlParser( 9521): startElement itemName:id user:0
I/XmlParser( 9521): endElement itemName:id user:0
I/XmlParser( 9521): startElement itemName:name user:0
I/XmlParser( 9521): endElement itemName:name user:0
I/XmlParser( 9521): startElement itemName:define user:0
E/XmlParser( 9521): startElement mResult:2097152
I/XmlParser( 9521): endElement itemName:define user:0
I/XmlParser( 9521): startElement itemName:description user:0
I/XmlParser( 9521): endElement itemName:description user:0
I/XmlParser( 9521): endElement itemName:group user:0
I/XmlParser( 9521): startElement itemName:group user:0
I/XmlParser( 9521): startElement itemName:id user:0
I/XmlParser( 9521): endElement itemName:id user:0
I/XmlParser( 9521): startElement itemName:name user:0
I/XmlParser( 9521): endElement itemName:name user:0
I/XmlParser( 9521): startElement itemName:define user:0
I/XmlParser( 9521): endElement itemName:define user:0
I/XmlParser( 9521): startElement itemName:description user:0
I/XmlParser( 9521): endElement itemName:description user:0
I/XmlParser( 9521): endElement itemName:group user:0
I/XmlParser( 9521): startElement itemName:group user:0
I/XmlParser( 9521): startElement itemName:id user:0
I/XmlParser( 9521): endElement itemName:id user:0
I/XmlParser( 9521): startElement itemName:name user:0
I/XmlParser( 9521): endElement itemName:name user:0
I/XmlParser( 9521): startElement itemName:define user:0
I/XmlParser( 9521): endElement itemName:define user:0
I/XmlParser( 9521): startElement itemName:description user:0
I/XmlParser( 9521): endElement itemName:description user:0
I/XmlParser( 9521): endElement itemName:group user:0
I/XmlParser( 9521): startElement itemName:group user:0
I/XmlParser( 9521): startElement itemName:id user:0
I/XmlParser( 9521): endElement itemName:id user:0
I/XmlParser( 9521): startElement itemName:name user:0
I/XmlParser( 9521): endElement itemName:name user:0
I/XmlParser( 9521): startElement itemName:define user:0
I/XmlParser( 9521): endElement itemName:define user:0
I/XmlParser( 9521): startElement itemName:description user:0
I/XmlParser( 9521): endElement itemName:description user:0
I/XmlParser( 9521): endElement itemName:group user:0
I/XmlParser( 9521): endElement itemName:resource user:0
I/libEGL  ( 9521): egl_cache_t() maxKeySize:1024  maxTotalSize:2097152
I/appproc ( 9521): CLASSPATH=/system/framework/input.jar
I/appproc ( 9521): Command=app_process /system/bin com.android.commands.input.Input keyevent 4 
I/AndroidRuntime( 9521): readDownloadBoosterConfig: 'false'
I/art     ( 9521): Reinit property: dalvik.vm.checkjni= false
I/HWSERVICES( 9521): hwnative_get_component_register:libdrmbitmap,JNI
I/Radio-JNI( 9521): register_android_hardware_Radio DONE
I/android_hardware_fm.cpp( 9521): register_android_hardware_fm_fmradio
I/android_hardware_fm.cpp( 9521): ========64bit long size = 8
I/android_hardware_fm.cpp( 9521): FM: get chip type = bcm43xx
E/fm_if.c ( 9521): find the id:fm and begins to open the devices
I/android_hardware_fm.cpp( 9521): register_android_hardware_fm_fmradio, ret is 0
I/Input   ( 9521): injectKeyEvent: KeyEvent { action=ACTION_DOWN, keyCode=KEYCODE_BACK, scanCode=0, metaState=0, flags=0x0, hwFlags=0x0, repeatCount=0, eventTime=2023415, downTime=2023415, deviceId=-1, source=0x101 }
I/Input   ( 9521): injectKeyEvent: KeyEvent { action=ACTION_UP, keyCode=KEYCODE_BACK, scanCode=0, metaState=0, flags=0x0, hwFlags=0x0, repeatCount=0, eventTime=2023415, downTime=2023415, deviceId=-1, source=0x101 }
I/TrafficMonitor( 1097): update:rxPkts:0,txPkts:0,rxBytes:0,txBytes:0
I/TrafficMonitor( 1097): start expired. level:-1
I/TrafficMonitor( 1097): gettimer:interval=2000
I/XmlParser( 9537): startElement itemName:resource user:-2090053592
I/XmlParser( 9537): startElement itemName:group user:-2090053592
I/XmlParser( 9537): startElement itemName:id user:-2090053592
I/XmlParser( 9537): endElement itemName:id user:-2090053592
I/XmlParser( 9537): startElement itemName:name user:-2090053592
I/XmlParser( 9537): endElement itemName:name user:-2090053592
I/XmlParser( 9537): startElement itemName:define user:-2090053592
I/XmlParser( 9537): endElement itemName:define user:-2090053592
I/XmlParser( 9537): startElement itemName:description user:-2090053592
I/XmlParser( 9537): endElement itemName:description user:-2090053592
I/XmlParser( 9537): endElement itemName:group user:-2090053592
I/XmlParser( 9537): startElement itemName:group user:-2090053592
I/XmlParser( 9537): startElement itemName:id user:-2090053592
