<![CDATA[I/TrafficMonitor( 1097): update:rxPkts:0,txPkts:0,rxBytes:0,txBytes:0
I/TrafficMonitor( 1097): start expired. level:-1
I/TrafficMonitor( 1097): gettimer:interval=2000
E/HsmCoreServiceImpl( 1097): onTransact in code is: 102
I/MediaProcessHandler( 1097): processOp opType: 1, uid: 10104, pid: 7877
W/MediaProcessHandler( 1097): remove target not exist, maybe the UI process: uid: 10104, pid: 7877
I/DownloadState( 1890): @@@@@@@@@@@@ uid :10086 download :false
I/PGServer( 1890): report state:5 event type:2 pid:0 uid:10086 pkg:null to pid: 1097
I/DownloadState( 1890): @@@@@@@@@@@@ uid :10015 download :false
I/PGServer( 1890): report state:5 event type:2 pid:0 uid:10015 pkg:null to pid: 1097
I/TrafficMonitor( 1097): expired arrive. level:-1
I/TrafficMonitor( 1097): during_ms:2002,period_ms:2000
I/TrafficMonitor( 1097): count:14,rx_sum:0,tx_sum:0,rxBytes:0,during_ms:2002,rx_speed:0.0,tx_speed:0.0,rto:0.0

]]><xtc-scenario name="[0-1002]UITest1.Tests(Android).AppLaunches" id="[0-1002]UITest1.Tests(Android).AppLaunches"><![CDATA[

]]><xtc-step name="[0-1002]UITest1.Tests(Android).AppLaunches-AppLaunches" id="[0-1002]UITest1.Tests(Android).AppLaunches-AppLaunches"><![CDATA[
I/TrafficMonitor( 1097): update:rxPkts:4,txPkts:3,rxBytes:215,txBytes:132
I/TrafficMonitor( 1097): start expired. level:-1
I/TrafficMonitor( 1097): gettimer:interval=2000
I/HwEmailTag( 8217): AttachmentUtilities->account is empty
E/HwCHRWebMonitor( 1097): WebMonitor [mNetWorkIsSuck=0 mUIDIsSuck=]  WebSpeed [WEBSENDSEGS=2  WEBRESENDSEGS=1  WEBRECVSEGS=5  WEBERRSEGS=0  WEBOUTRSTS=1  WEBESTABLISRST=0  WEBRTTDURATION=214  WEBRTTSEGS=1  WEBSRTT=560  WEBSNDDUPACKS=0  SENDSEGS=0  RESENDSEGS=0  RECVSEGS=0  ERRSEGS=0  OUTRSTS=0  ESTABLISRST=0  RTTDURATION=0  RTTSEGS=0  SNDDUPACKS=0  suckTimes=0 recovage_times=0]
E/HwCHRWifiRSSIGroupSummery( 1097): updateTcpSummery mRSSI:-43  HwCHRWifiRSSIGroup [rssi_index=4, rtt_tcp_packets=79, rtt_tcp_duration=5171, rtt_lan_duration=3, rtt_lan_failures=0, rtt_lan_succ=1, rtt_lan_max=3, rtt_lan_min=3,same_area_frequency=0,adjacent_area_frequency=0]
E/HwCHRWebMonitor( 1097): HwCHRWifiPacketCnt [mTXGood=96, mTXbad=6, mRXGood=6] rssi=-43
E/HwCHRWebMonitor( 1097): running processName=com.huawei.android.launcher
E/HwCHRWebMonitor( 1097): HwCHRWifiUIDWebSpeed [appName=com.tripadvisor.tripadvisor UID=10111  WEBSENDSEGS=1  WEBRESENDSEGS=1  WEBRECVSEGS=0  WEBERRSEGS=0  WEBOUTRSTS=0  WEBESTABLISRST=0  WEBRTTDURATION=0  WEBRTTSEGS=0  WEBSNDDUPACKS=0  suckTimes=0 recovage_times=0]
I/EventHub( 1097): EventHub monitor: no key events in the past 1982s, no motion events in the past 1982s
E/HwCHRWifiRSSIGroupSummery( 1097): updatArpSummery mRSSI:-43  HwCHRWifiRSSIGroup [rssi_index=4, rtt_tcp_packets=79, rtt_tcp_duration=5171, rtt_lan_duration=15, rtt_lan_failures=0, rtt_lan_succ=2, rtt_lan_max=12, rtt_lan_min=3,same_area_frequency=0,adjacent_area_frequency=0]
E/Thermal-daemon(  522): [charger_ic] temp_new :30  temp_old :32
I/ThermalService( 1890): Receive temperature change, type: 2, temp: 30 from thermald
I/LowBatteryManager( 1890): Only handle msg event!
E/Thermal-daemon(  522): Report temperature: [charger_ic] temp :30  report_threshold:1
I/XmlParser( 8934): startElement itemName:resource user:1135108136
I/XmlParser( 8934): startElement itemName:group user:1135108136
I/XmlParser( 8934): startElement itemName:id user:1135108136
I/XmlParser( 8934): endElement itemName:id user:1135108136
I/XmlParser( 8934): startElement itemName:name user:1135108136
I/XmlParser( 8934): endElement itemName:name user:1135108136
I/XmlParser( 8934): startElement itemName:define user:1135108136
I/XmlParser( 8934): endElement itemName:define user:1135108136
I/XmlParser( 8934): startElement itemName:description user:1135108136
I/XmlParser( 8934): endElement itemName:description user:1135108136
I/XmlParser( 8934): endElement itemName:group user:1135108136
I/XmlParser( 8934): startElement itemName:group user:1135108136
I/XmlParser( 8934): startElement itemName:id user:1135108136
I/XmlParser( 8934): endElement itemName:id user:1135108136
I/XmlParser( 8934): startElement itemName:name user:1135108136
I/XmlParser( 8934): endElement itemName:name user:1135108136
I/XmlParser( 8934): startElement itemName:define user:1135108136
E/XmlParser( 8934): startElement mResult:1024
I/XmlParser( 8934): endElement itemName:define user:1135108136
I/XmlParser( 8934): startElement itemName:description user:1135108136
I/XmlParser( 8934): endElement itemName:description user:1135108136
I/XmlParser( 8934): endElement itemName:group user:1135108136
I/XmlParser( 8934): startElement itemName:group user:1135108136
I/XmlParser( 8934): startElement itemName:id user:1135108136
I/XmlParser( 8934): endElement itemName:id user:1135108136
I/XmlParser( 8934): startElement itemName:name user:1135108136
I/XmlParser( 8934): endElement itemName:name user:1135108136
I/XmlParser( 8934): startElement itemName:define user:1135108136
I/XmlParser( 8934): endElement itemName:define user:1135108136
I/XmlParser( 8934): startElement itemName:description user:1135108136
I/XmlParser( 8934): endElement itemName:description user:1135108136
I/XmlParser( 8934): endElement itemName:group user:1135108136
I/XmlParser( 8934): startElement itemName:group user:1135108136
I/XmlParser( 8934): startElement itemName:id user:1135108136
I/XmlParser( 8934): endElement itemName:id user:1135108136
I/XmlParser( 8934): startElement itemName:name user:1135108136
I/XmlParser( 8934): endElement itemName:name user:1135108136
I/XmlParser( 8934): startElement itemName:define user:1135108136
I/XmlParser( 8934): endElement itemName:define user:1135108136
I/XmlParser( 8934): startElement itemName:description user:1135108136
I/XmlParser( 8934): endElement itemName:description user:1135108136
I/XmlParser( 8934): endElement itemName:group user:1135108136
I/XmlParser( 8934): endElement itemName:resource user:1135108136
I/XmlParser( 8934): startElement itemName:resource user:0
I/XmlParser( 8934): startElement itemName:group user:0
I/XmlParser( 8934): startElement itemName:id user:0
I/XmlParser( 8934): endElement itemName:id user:0
I/XmlParser( 8934): startElement itemName:name user:0
I/XmlParser( 8934): endElement itemName:name user:0
I/XmlParser( 8934): startElement itemName:define user:0
E/XmlParser( 8934): startElement mResult:2097152
I/XmlParser( 8934): endElement itemName:define user:0
I/XmlParser( 8934): startElement itemName:description user:0
I/XmlParser( 8934): endElement itemName:description user:0
I/XmlParser( 8934): endElement itemName:group user:0
I/XmlParser( 8934): startElement itemName:group user:0
I/XmlParser( 8934): startElement itemName:id user:0
I/XmlParser( 8934): endElement itemName:id user:0
I/XmlParser( 8934): startElement itemName:name user:0
I/XmlParser( 8934): endElement itemName:name user:0
I/XmlParser( 8934): startElement itemName:define user:0
I/XmlParser( 8934): endElement itemName:define user:0
I/XmlParser( 8934): startElement itemName:description user:0
I/XmlParser( 8934): endElement itemName:description user:0
I/XmlParser( 8934): endElement itemName:group user:0
I/XmlParser( 8934): startElement itemName:group user:0
I/XmlParser( 8934): startElement itemName:id user:0
I/XmlParser( 8934): endElement itemName:id user:0
I/XmlParser( 8934): startElement itemName:name user:0
I/XmlParser( 8934): endElement itemName:name user:0
I/XmlParser( 8934): startElement itemName:define user:0
I/XmlParser( 8934): endElement itemName:define user:0
I/XmlParser( 8934): startElement itemName:description user:0
I/XmlParser( 8934): endElement itemName:description user:0
I/XmlParser( 8934): endElement itemName:group user:0
I/XmlParser( 8934): startElement itemName:group user:0
I/XmlParser( 8934): startElement itemName:id user:0
I/XmlParser( 8934): endElement itemName:id user:0
I/XmlParser( 8934): startElement itemName:name user:0
I/XmlParser( 8934): endElement itemName:name user:0
I/XmlParser( 8934): startElement itemName:define user:0
I/XmlParser( 8934): endElement itemName:define user:0
I/XmlParser( 8934): startElement itemName:description user:0
I/XmlParser( 8934): endElement itemName:description user:0
I/XmlParser( 8934): endElement itemName:group user:0
I/XmlParser( 8934): endElement itemName:resource user:0
I/libEGL  ( 8934): egl_cache_t() maxKeySize:1024  maxTotalSize:2097152
I/appproc ( 8934): CLASSPATH=/system/framework/pm.jar
I/appproc ( 8934): Command=app_process /system/bin com.android.commands.pm.Pm list packages -f 
I/AndroidRuntime( 8934): readDownloadBoosterConfig: 'false'
I/art     ( 8934): Reinit property: dalvik.vm.checkjni= false
I/HWSERVICES( 8934): hwnative_get_component_register:libdrmbitmap,JNI
I/Radio-JNI( 8934): register_android_hardware_Radio DONE
I/android_hardware_fm.cpp( 8934): register_android_hardware_fm_fmradio
I/android_hardware_fm.cpp( 8934): ========64bit long size = 8
I/android_hardware_fm.cpp( 8934): FM: get chip type = bcm43xx
E/fm_if.c ( 8934): find the id:fm and begins to open the devices
I/android_hardware_fm.cpp( 8934): register_android_hardware_fm_fmradio, ret is 0
I/art     ( 8934): System.exit called, status: 0
I/AndroidRuntime( 8934): VM exiting with result code 0.
W/MessageQueue( 8934): Handler (android.os.Handler) {51deb6a} sending message to a Handler on a dead thread
W/MessageQueue( 8934): java.lang.IllegalStateException: Handler (android.os.Handler) {51deb6a} sending message to a Handler on a dead thread
W/MessageQueue( 8934): 	at android.os.MessageQueue.enqueueMessage(MessageQueue.java:564)
W/MessageQueue( 8934): 	at android.os.Handler.enqueueMessage(Handler.java:653)
W/MessageQueue( 8934): 	at android.os.Handler.sendMessageAtTime(Handler.java:622)
W/MessageQueue( 8934): 	at android.os.Handler.sendMessageDelayed(Handler.java:592)
W/MessageQueue( 8934): 	at android.os.Handler.post(Handler.java:345)
W/MessageQueue( 8934): 	at android.os.ResultReceiver$MyResultReceiver.send(ResultReceiver.java:57)
W/MessageQueue( 8934): 	at com.android.internal.os.IResultReceiver$Stub.onTransact(IResultReceiver.java:58)
W/MessageQueue( 8934): 	at android.os.Binder.execTransact(Binder.java:565)
I/TrafficMonitor( 1097): update:rxPkts:3,txPkts:5,rxBytes:120,txBytes:224
I/TrafficMonitor( 1097): start expired. level:-1
I/TrafficMonitor( 1097): gettimer:interval=2000
I/QosMonitor( 1097): queryRtt: rtt_type = 3
I/WifiProJNI( 1097): ######### GET RTT:3 ########
I/QosMonitor( 1097): postEventFromNative: msg=100,arg1=4,arg2=9
I/HuaweiWifiWatchdogStateMachine( 1097): spd good count:0, add sc:0.0, rate:1.0
I/HuaweiWifiWatchdogStateMachine( 1097): current mHighDataFlowRate = 1.0
W/WifiProJNI( 1097): poll before: g_monitor_fd =255
I/HuaweiWifiWatchdogStateMachine( 1097): POta txb txg rxg:7, 116, 0. Lr =5.69% Totpkt=123
I/WifiProJNI( 1097): ######### CMD_QUERY_PKTS ########
I/QosMonitor( 1097): resetRtt: rtt_type = 3
I/WifiProJNI( 1097): ######### RESET RTT:3 ########
I/QosMonitor( 1097): postEventFromNative: msg=100,arg1=0,arg2=9
W/WifiProJNI( 1097): poll before: g_monitor_fd =255
I/MQoS    ( 1097): rtt=560,tcp_tx_pkts=1323,tcp_rx_pkts=1392
I/HuaweiWifiWatchdogStateMachine( 1097): PTcp RTT:560, rtt pkt=60, tcp_rx=10, tcp_tx=8, tcp_reTran=0, rtRate=0
I/HuaweiWifiWatchdogStateMachine( 1097): rs ota tcp lr rttvb bad: false, false, false, false, false; rsth:-75
I/HuaweiWifiWatchdogStateMachine( 1097):  pkt chk not bad, reset sc to 0.
I/MQoS    ( 1097): QOS_level:0(0),wifi-link;SIM error;use level-0
I/NCCHR_NcLogCollectServiceImpl( 2025): getUserType = 6
E/HwWifiStatStore( 1097): This method is no longer use
I/NCCHR_NcLogCollectServiceImpl( 2025): getUserType = 6
I/XmlParser( 8958): startElement itemName:resource user:1878409256
I/XmlParser( 8958): startElement itemName:group user:1878409256
I/XmlParser( 8958): startElement itemName:id user:1878409256
I/XmlParser( 8958): endElement itemName:id user:1878409256
I/XmlParser( 8958): startElement itemName:name user:1878409256
I/XmlParser( 8958): endElement itemName:name user:1878409256
I/XmlParser( 8958): startElement itemName:define user:1878409256
I/XmlParser( 8958): endElement itemName:define user:1878409256
I/XmlParser( 8958): startElement itemName:description user:1878409256
I/XmlParser( 8958): endElement itemName:description user:1878409256
I/XmlParser( 8958): endElement itemName:group user:1878409256
I/XmlParser( 8958): startElement itemName:group user:1878409256
I/XmlParser( 8958): startElement itemName:id user:1878409256
I/XmlParser( 8958): endElement itemName:id user:1878409256
I/XmlParser( 8958): startElement itemName:name user:1878409256
I/XmlParser( 8958): endElement itemName:name user:1878409256
I/XmlParser( 8958): startElement itemName:define user:1878409256
E/XmlParser( 8958): startElement mResult:1024
I/XmlParser( 8958): endElement itemName:define user:1878409256
I/XmlParser( 8958): startElement itemName:description user:1878409256
I/XmlParser( 8958): endElement itemName:description user:1878409256
I/XmlParser( 8958): endElement itemName:group user:1878409256
I/XmlParser( 8958): startElement itemName:group user:1878409256
I/XmlParser( 8958): startElement itemName:id user:1878409256
I/XmlParser( 8958): endElement itemName:id user:1878409256
I/XmlParser( 8958): startElement itemName:name user:1878409256
I/XmlParser( 8958): endElement itemName:name user:1878409256
I/XmlParser( 8958): startElement itemName:define user:1878409256
I/XmlParser( 8958): endElement itemName:define user:1878409256
I/XmlParser( 8958): startElement itemName:description user:1878409256
I/XmlParser( 8958): endElement itemName:description user:1878409256
I/XmlParser( 8958): endElement itemName:group user:1878409256
I/XmlParser( 8958): startElement itemName:group user:1878409256
I/XmlParser( 8958): startElement itemName:id user:1878409256
I/XmlParser( 8958): endElement itemName:id user:1878409256
I/XmlParser( 8958): startElement itemName:name user:1878409256
I/XmlParser( 8958): endElement itemName:name user:1878409256
I/XmlParser( 8958): startElement itemName:define user:1878409256
I/XmlParser( 8958): endElement itemName:define user:1878409256
I/XmlParser( 8958): startElement itemName:description user:1878409256
I/XmlParser( 8958): endElement itemName:description user:1878409256
I/XmlParser( 8958): endElement itemName:group user:1878409256
I/XmlParser( 8958): endElement itemName:resource user:1878409256
I/XmlParser( 8958): startElement itemName:resource user:0
I/XmlParser( 8958): startElement itemName:group user:0
I/XmlParser( 8958): startElement itemName:id user:0
I/XmlParser( 8958): endElement itemName:id user:0
I/XmlParser( 8958): startElement itemName:name user:0
I/XmlParser( 8958): endElement itemName:name user:0
I/XmlParser( 8958): startElement itemName:define user:0
E/XmlParser( 8958): startElement mResult:2097152
I/XmlParser( 8958): endElement itemName:define user:0
I/XmlParser( 8958): startElement itemName:description user:0
I/XmlParser( 8958): endElement itemName:description user:0
I/XmlParser( 8958): endElement itemName:group user:0
I/XmlParser( 8958): startElement itemName:group user:0
I/XmlParser( 8958): startElement itemName:id user:0
I/XmlParser( 8958): endElement itemName:id user:0
I/XmlParser( 8958): startElement itemName:name user:0
I/XmlParser( 8958): endElement itemName:name user:0
I/XmlParser( 8958): startElement itemName:define user:0
I/XmlParser( 8958): endElement itemName:define user:0
I/XmlParser( 8958): startElement itemName:description user:0
I/XmlParser( 8958): endElement itemName:description user:0
I/XmlParser( 8958): endElement itemName:group user:0
I/XmlParser( 8958): startElement itemName:group user:0
I/XmlParser( 8958): startElement itemName:id user:0
I/XmlParser( 8958): endElement itemName:id user:0
I/XmlParser( 8958): startElement itemName:name user:0
I/XmlParser( 8958): endElement itemName:name user:0
I/XmlParser( 8958): startElement itemName:define user:0
I/XmlParser( 8958): endElement itemName:define user:0
I/XmlParser( 8958): startElement itemName:description user:0
I/XmlParser( 8958): endElement itemName:description user:0
I/XmlParser( 8958): endElement itemName:group user:0
I/XmlParser( 8958): startElement itemName:group user:0
I/XmlParser( 8958): startElement itemName:id user:0
I/XmlParser( 8958): endElement itemName:id user:0
I/XmlParser( 8958): startElement itemName:name user:0
I/XmlParser( 8958): endElement itemName:name user:0
I/XmlParser( 8958): startElement itemName:define user:0
I/XmlParser( 8958): endElement itemName:define user:0
I/XmlParser( 8958): startElement itemName:description user:0
I/XmlParser( 8958): endElement itemName:description user:0
I/XmlParser( 8958): endElement itemName:group user:0
I/XmlParser( 8958): endElement itemName:resource user:0
I/libEGL  ( 8958): egl_cache_t() maxKeySize:1024  maxTotalSize:2097152
I/appproc ( 8958): CLASSPATH=/system/framework/pm.jar
I/appproc ( 8958): Command=app_process /system/bin com.android.commands.pm.Pm list packages -f 
I/AndroidRuntime( 8958): readDownloadBoosterConfig: 'false'
I/art     ( 8958): Reinit property: dalvik.vm.checkjni= false
I/HWSERVICES( 8958): hwnative_get_component_register:libdrmbitmap,JNI
I/Radio-JNI( 8958): register_android_hardware_Radio DONE
E/HwArpVerifier( 1097): wifi default route is not exist!
I/android_hardware_fm.cpp( 8958): register_android_hardware_fm_fmradio
I/android_hardware_fm.cpp( 8958): ========64bit long size = 8
I/android_hardware_fm.cpp( 8958): FM: get chip type = bcm43xx
E/fm_if.c ( 8958): find the id:fm and begins to open the devices
I/android_hardware_fm.cpp( 8958): register_android_hardware_fm_fmradio, ret is 0
I/art     ( 8958): System.exit called, status: 0
I/AndroidRuntime( 8958): VM exiting with result code 0.
W/MessageQueue( 8958): Handler (android.os.Handler) {c607be4} sending message to a Handler on a dead thread
W/MessageQueue( 8958): java.lang.IllegalStateException: Handler (android.os.Handler) {c607be4} sending message to a Handler on a dead thread
W/MessageQueue( 8958): 	at android.os.MessageQueue.enqueueMessage(MessageQueue.java:564)
W/MessageQueue( 8958): 	at android.os.Handler.enqueueMessage(Handler.java:653)
W/MessageQueue( 8958): 	at android.os.Handler.sendMessageAtTime(Handler.java:622)
W/MessageQueue( 8958): 	at android.os.Handler.sendMessageDelayed(Handler.java:592)
W/MessageQueue( 8958): 	at android.os.Handler.post(Handler.java:345)
W/MessageQueue( 8958): 	at android.os.ResultReceiver$MyResultReceiver.send(ResultReceiver.java:57)
W/MessageQueue( 8958): 	at com.android.internal.os.IResultReceiver$Stub.onTransact(IResultReceiver.java:58)
W/MessageQueue( 8958): 	at android.os.Binder.execTransact(Binder.java:565)
I/TrafficMonitor( 1097): update:rxPkts:0,txPkts:0,rxBytes:0,txBytes:0
I/TrafficMonitor( 1097): start expired. level:-1
I/TrafficMonitor( 1097): gettimer:interval=2000
I/TrafficMonitor( 1097): expired arrive. level:-1
I/TrafficMonitor( 1097): during_ms:2001,period_ms:2000
I/TrafficMonitor( 1097): count:17,rx_sum:0,tx_sum:0,rxBytes:0,during_ms:2001,rx_speed:0.0,tx_speed:0.0,rto:0.0
E/HwCHRWebMonitor( 1097): WebMonitor [mNetWorkIsSuck=0 mUIDIsSuck=]  WebSpeed [WEBSENDSEGS=3  WEBRESENDSEGS=2  WEBRECVSEGS=1  WEBERRSEGS=0  WEBOUTRSTS=0  WEBESTABLISRST=0  WEBRTTDURATION=0  WEBRTTSEGS=0  WEBSRTT=560  WEBSNDDUPACKS=0  SENDSEGS=0  RESENDSEGS=0  RECVSEGS=0  ERRSEGS=0  OUTRSTS=0  ESTABLISRST=0  RTTDURATION=0  RTTSEGS=0  SNDDUPACKS=0  suckTimes=0 recovage_times=0]
E/HwCHRWifiRSSIGroupSummery( 1097): updateTcpSummery mRSSI:-43  HwCHRWifiRSSIGroup [rssi_index=4, rtt_tcp_packets=79, rtt_tcp_duration=5171, rtt_lan_duration=15, rtt_lan_failures=0, rtt_lan_succ=2, rtt_lan_max=12, rtt_lan_min=3,same_area_frequency=0,adjacent_area_frequency=0]
E/HwCHRWebMonitor( 1097): HwCHRWifiPacketCnt [mTXGood=3, mTXbad=0, mRXGood=2] rssi=-43
E/HwCHRWebMonitor( 1097): running processName=com.huawei.android.launcher
E/HwCHRWebMonitor( 1097): HwCHRWifiUIDWebSpeed [appName=com.tripadvisor.tripadvisor UID=10111  WEBSENDSEGS=3  WEBRESENDSEGS=2  WEBRECVSEGS=0  WEBERRSEGS=0  WEBOUTRSTS=0  WEBESTABLISRST=0  WEBRTTDURATION=0  WEBRTTSEGS=0  WEBSNDDUPACKS=0  suckTimes=0 recovage_times=0]
I/XmlParser( 8996): startElement itemName:resource user:-1786302424
I/XmlParser( 8996): startElement itemName:group user:-1786302424
I/XmlParser( 8996): startElement itemName:id user:-1786302424
I/XmlParser( 8996): endElement itemName:id user:-1786302424
I/XmlParser( 8996): startElement itemName:name user:-1786302424
I/XmlParser( 8996): endElement itemName:name user:-1786302424
I/XmlParser( 8996): startElement itemName:define user:-1786302424
I/XmlParser( 8996): endElement itemName:define user:-1786302424
I/XmlParser( 8996): startElement itemName:description user:-1786302424
I/XmlParser( 8996): endElement itemName:description user:-1786302424
I/XmlParser( 8996): endElement itemName:group user:-1786302424
I/XmlParser( 8996): startElement itemName:group user:-1786302424
I/XmlParser( 8996): startElement itemName:id user:-1786302424
I/XmlParser( 8996): endElement itemName:id user:-1786302424
I/XmlParser( 8996): startElement itemName:name user:-1786302424
I/XmlParser( 8996): endElement itemName:name user:-1786302424
I/XmlParser( 8996): startElement itemName:define user:-1786302424
E/XmlParser( 8996): startElement mResult:1024
I/XmlParser( 8996): endElement itemName:define user:-1786302424
I/XmlParser( 8996): startElement itemName:description user:-1786302424
I/XmlParser( 8996): endElement itemName:description user:-1786302424
I/XmlParser( 8996): endElement itemName:group user:-1786302424
I/XmlParser( 8996): startElement itemName:group user:-1786302424
I/XmlParser( 8996): startElement itemName:id user:-1786302424
I/XmlParser( 8996): endElement itemName:id user:-1786302424
I/XmlParser( 8996): startElement itemName:name user:-1786302424
I/XmlParser( 8996): endElement itemName:name user:-1786302424
I/XmlParser( 8996): startElement itemName:define user:-1786302424
I/XmlParser( 8996): endElement itemName:define user:-1786302424
I/XmlParser( 8996): startElement itemName:description user:-1786302424
I/XmlParser( 8996): endElement itemName:description user:-1786302424
I/XmlParser( 8996): endElement itemName:group user:-1786302424
I/XmlParser( 8996): startElement itemName:group user:-1786302424
I/XmlParser( 8996): startElement itemName:id user:-1786302424
I/XmlParser( 8996): endElement itemName:id user:-1786302424
I/XmlParser( 8996): startElement itemName:name user:-1786302424
I/XmlParser( 8996): endElement itemName:name user:-1786302424
I/XmlParser( 8996): startElement itemName:define user:-1786302424
I/XmlParser( 8996): endElement itemName:define user:-1786302424
I/XmlParser( 8996): startElement itemName:description user:-1786302424
I/XmlParser( 8996): endElement itemName:description user:-1786302424
I/XmlParser( 8996): endElement itemName:group user:-1786302424
I/XmlParser( 8996): endElement itemName:resource user:-1786302424
I/XmlParser( 8996): startElement itemName:resource user:0
I/XmlParser( 8996): startElement itemName:group user:0
I/XmlParser( 8996): startElement itemName:id user:0
I/XmlParser( 8996): endElement itemName:id user:0
I/XmlParser( 8996): startElement itemName:name user:0
I/XmlParser( 8996): endElement itemName:name user:0
I/XmlParser( 8996): startElement itemName:define user:0
E/XmlParser( 8996): startElement mResult:2097152
I/XmlParser( 8996): endElement itemName:define user:0
I/XmlParser( 8996): startElement itemName:description user:0
I/XmlParser( 8996): endElement itemName:description user:0
I/XmlParser( 8996): endElement itemName:group user:0
I/XmlParser( 8996): startElement itemName:group user:0
I/XmlParser( 8996): startElement itemName:id user:0
I/XmlParser( 8996): endElement itemName:id user:0
I/XmlParser( 8996): startElement itemName:name user:0
I/XmlParser( 8996): endElement itemName:name user:0
I/XmlParser( 8996): startElement itemName:define user:0
I/XmlParser( 8996): endElement itemName:define user:0
I/XmlParser( 8996): startElement itemName:description user:0
I/XmlParser( 8996): endElement itemName:description user:0
I/XmlParser( 8996): endElement itemName:group user:0
I/XmlParser( 8996): startElement itemName:group user:0
I/XmlParser( 8996): startElement itemName:id user:0
I/XmlParser( 8996): endElement itemName:id user:0
I/XmlParser( 8996): startElement itemName:name user:0
I/XmlParser( 8996): endElement itemName:name user:0
I/XmlParser( 8996): startElement itemName:define user:0
I/XmlParser( 8996): endElement itemName:define user:0
I/XmlParser( 8996): startElement itemName:description user:0
I/XmlParser( 8996): endElement itemName:description user:0
I/XmlParser( 8996): endElement itemName:group user:0
I/XmlParser( 8996): startElement itemName:group user:0
I/XmlParser( 8996): startElement itemName:id user:0
I/XmlParser( 8996): endElement itemName:id user:0
I/XmlParser( 8996): startElement itemName:name user:0
I/XmlParser( 8996): endElement itemName:name user:0
I/XmlParser( 8996): startElement itemName:define user:0
I/XmlParser( 8996): endElement itemName:define user:0
I/XmlParser( 8996): startElement itemName:description user:0
I/XmlParser( 8996): endElement itemName:description user:0
I/XmlParser( 8996): endElement itemName:group user:0
I/XmlParser( 8996): endElement itemName:resource user:0
I/libEGL  ( 8996): egl_cache_t() maxKeySize:1024  maxTotalSize:2097152
I/appproc ( 8996): CLASSPATH=/system/framework/am.jar
I/appproc ( 8996): Command=app_process /system/bin com.android.commands.am.Am force-stop by.onliner.catalog 
I/AndroidRuntime( 8996): readDownloadBoosterConfig: 'false'
I/art     ( 8996): Reinit property: dalvik.vm.checkjni= false
I/HWSERVICES( 8996): hwnative_get_component_register:libdrmbitmap,JNI
I/Radio-JNI( 8996): register_android_hardware_Radio DONE
I/android_hardware_fm.cpp( 8996): register_android_hardware_fm_fmradio
I/android_hardware_fm.cpp( 8996): ========64bit long size = 8
I/android_hardware_fm.cpp( 8996): FM: get chip type = bcm43xx
E/fm_if.c ( 8996): find the id:fm and begins to open the devices
I/android_hardware_fm.cpp( 8996): register_android_hardware_fm_fmradio, ret is 0
I/TrafficMonitor( 1097): update:rxPkts:0,txPkts:0,rxBytes:0,txBytes:0
I/TrafficMonitor( 1097): start expired. level:-1
I/TrafficMonitor( 1097): gettimer:interval=2000
I/TrafficMonitor( 1097): update:rxPkts:0,txPkts:0,rxBytes:0,txBytes:0
I/TrafficMonitor( 1097): start expired. level:-1
I/TrafficMonitor( 1097): gettimer:interval=2000
I/XmlParser( 9007): startElement itemName:resource user:2046353448
I/XmlParser( 9007): startElement itemName:group user:2046353448
I/XmlParser( 9007): startElement itemName:id user:2046353448
I/XmlParser( 9007): endElement itemName:id user:2046353448
I/XmlParser( 9007): startElement itemName:name user:2046353448
I/XmlParser( 9007): endElement itemName:name user:2046353448
I/XmlParser( 9007): startElement itemName:define user:2046353448
I/XmlParser( 9007): endElement itemName:define user:2046353448
I/XmlParser( 9007): startElement itemName:description user:2046353448
I/XmlParser( 9007): endElement itemName:description user:2046353448
I/XmlParser( 9007): endElement itemName:group user:2046353448
I/XmlParser( 9007): startElement itemName:group user:2046353448
I/XmlParser( 9007): startElement itemName:id user:2046353448
I/XmlParser( 9007): endElement itemName:id user:2046353448
I/XmlParser( 9007): startElement itemName:name user:2046353448
I/XmlParser( 9007): endElement itemName:name user:2046353448
I/XmlParser( 9007): startElement itemName:define user:2046353448
E/XmlParser( 9007): startElement mResult:1024
I/XmlParser( 9007): endElement itemName:define user:2046353448
I/XmlParser( 9007): startElement itemName:description user:2046353448
I/XmlParser( 9007): endElement itemName:description user:2046353448
I/XmlParser( 9007): endElement itemName:group user:2046353448
I/XmlParser( 9007): startElement itemName:group user:2046353448
I/XmlParser( 9007): startElement itemName:id user:2046353448
I/XmlParser( 9007): endElement itemName:id user:2046353448
I/XmlParser( 9007): startElement itemName:name user:2046353448
I/XmlParser( 9007): endElement itemName:name user:2046353448
I/XmlParser( 9007): startElement itemName:define user:2046353448
I/XmlParser( 9007): endElement itemName:define user:2046353448
I/XmlParser( 9007): startElement itemName:description user:2046353448
I/XmlParser( 9007): endElement itemName:description user:2046353448
I/XmlParser( 9007): endElement itemName:group user:2046353448
I/XmlParser( 9007): startElement itemName:group user:2046353448
I/XmlParser( 9007): startElement itemName:id user:2046353448
I/XmlParser( 9007): endElement itemName:id user:2046353448
I/XmlParser( 9007): startElement itemName:name user:2046353448
I/XmlParser( 9007): endElement itemName:name user:2046353448
I/XmlParser( 9007): startElement itemName:define user:2046353448
I/XmlParser( 9007): endElement itemName:define user:2046353448
I/XmlParser( 9007): startElement itemName:description user:2046353448
I/XmlParser( 9007): endElement itemName:description user:2046353448
I/XmlParser( 9007): endElement itemName:group user:2046353448
I/XmlParser( 9007): endElement itemName:resource user:2046353448
I/XmlParser( 9007): startElement itemName:resource user:0
I/XmlParser( 9007): startElement itemName:group user:0
I/XmlParser( 9007): startElement itemName:id user:0
I/XmlParser( 9007): endElement itemName:id user:0
I/XmlParser( 9007): startElement itemName:name user:0
I/XmlParser( 9007): endElement itemName:name user:0
I/XmlParser( 9007): startElement itemName:define user:0
E/XmlParser( 9007): startElement mResult:2097152
I/XmlParser( 9007): endElement itemName:define user:0
I/XmlParser( 9007): startElement itemName:description user:0
I/XmlParser( 9007): endElement itemName:description user:0
I/XmlParser( 9007): endElement itemName:group user:0
I/XmlParser( 9007): startElement itemName:group user:0
I/XmlParser( 9007): startElement itemName:id user:0
I/XmlParser( 9007): endElement itemName:id user:0
I/XmlParser( 9007): startElement itemName:name user:0
I/XmlParser( 9007): endElement itemName:name user:0
I/XmlParser( 9007): startElement itemName:define user:0
I/XmlParser( 9007): endElement itemName:define user:0
I/XmlParser( 9007): startElement itemName:description user:0
I/XmlParser( 9007): endElement itemName:description user:0
I/XmlParser( 9007): endElement itemName:group user:0
I/XmlParser( 9007): startElement itemName:group user:0
I/XmlParser( 9007): startElement itemName:id user:0
I/XmlParser( 9007): endElement itemName:id user:0
I/XmlParser( 9007): startElement itemName:name user:0
I/XmlParser( 9007): endElement itemName:name user:0
I/XmlParser( 9007): startElement itemName:define user:0
I/XmlParser( 9007): endElement itemName:define user:0
I/XmlParser( 9007): startElement itemName:description user:0
I/XmlParser( 9007): endElement itemName:description user:0
I/XmlParser( 9007): endElement itemName:group user:0
I/XmlParser( 9007): startElement itemName:group user:0
I/XmlParser( 9007): startElement itemName:id user:0
I/XmlParser( 9007): endElement itemName:id user:0
I/XmlParser( 9007): startElement itemName:name user:0
I/XmlParser( 9007): endElement itemName:name user:0
I/XmlParser( 9007): startElement itemName:define user:0
I/XmlParser( 9007): endElement itemName:define user:0
I/XmlParser( 9007): startElement itemName:description user:0
I/XmlParser( 9007): endElement itemName:description user:0
I/XmlParser( 9007): endElement itemName:group user:0
I/XmlParser( 9007): endElement itemName:resource user:0
I/libEGL  ( 9007): egl_cache_t() maxKeySize:1024  maxTotalSize:2097152
I/appproc ( 9007): CLASSPATH=/system/framework/pm.jar
I/appproc ( 9007): Command=app_process /system/bin com.android.commands.pm.Pm install -r -d -g /data/local/tmp/0000011189 
I/AndroidRuntime( 9007): readDownloadBoosterConfig: 'false'
I/art     ( 9007): Reinit property: dalvik.vm.checkjni= false
I/HWSERVICES( 9007): hwnative_get_component_register:libdrmbitmap,JNI
I/Radio-JNI( 9007): register_android_hardware_Radio DONE
I/android_hardware_fm.cpp( 9007): register_android_hardware_fm_fmradio
I/android_hardware_fm.cpp( 9007): ========64bit long size = 8
I/android_hardware_fm.cpp( 9007): FM: get chip type = bcm43xx
E/fm_if.c ( 9007): find the id:fm and begins to open the devices
I/android_hardware_fm.cpp( 9007): register_android_hardware_fm_fmradio, ret is 0
I/HwPm    ( 9007): start PackageInstallerActivity failed [-2]
I/        (  530): free_cache(8049977) avail 53246803968
I/        ( 9019): power log dlsym ok
I/art     ( 9019): Reinit property: dalvik.vm.checkjni= false
I/gralloc (  500): alloc_device_alloc:626: Alloc handle(0x730e859300): interfmt=1, stride=64, size=4096, usage=0x100
I/gralloc (  500): alloc_device_free:648: Free handle(0x730e859300)
W/art     ( 9019): JIT profile information will not be recorded: profile file does not exits.
I/HwCust  ( 9019): Constructor found for class com.android.internal.content.HwCustPackageHelperImpl
W/ResourceType( 1097): Failure getting entry for 0x7f070003 (t=6 e=3) (error -75)
I/PackageManager.DexOptimizer( 1097): Running dexopt (dex2oat) on: /data/app/vmdl2094810725.tmp/base.apk pkg=by.onliner.catalog isa=arm64 vmSafeMode=false debuggable=false target-filter=interpret-only oatDir = /data/app/vmdl2094810725.tmp/oat sharedLibraries=null
I/dex2oat ( 9034): /system/bin/dex2oat --compiler-filter=interpret-only -j4
W/HwKeyguardDragHelper( 1578): AnimationBlocked
W/HwKeyguardDragHelper( 1578): AnimationBlocked
I/EventCenter( 1578): EventCenter Get :android.intent.action.TIME_TICK
E/DateLunarView( 1578): mDateString is: Tue, Sep 12
E/DateLunarView( 1578): mDateString is: Tue, Sep 12
I/HwLauncher( 2497): Model  onReceive intent=Intent { act=android.intent.action.TIME_TICK flg=0x50000014 (has extras) }
I/HwLauncher( 2497): Model  onReceive user=UserHandle{0}
E/HwLauncher( 2497): SettingsEx , no such field.
W/HwLauncher( 2497): Clock getDataFormat the getSystemString failed.
W/dex2oat ( 9034): Before Android 4.1, method android.graphics.PorterDuffColorFilter android.support.graphics.drawable.VectorDrawableCompat.updateTintFilter(android.graphics.PorterDuffColorFilter, android.content.res.ColorStateList, android.graphics.PorterDuff$Mode) would have incorrectly overridden the package-private method in android.graphics.drawable.Drawable
W/dex2oat ( 9034): Before Android 4.1, method int android.support.v7.widget.ListViewCompat.lookForSelectablePosition(int, boolean) would have incorrectly overridden the package-private method in android.widget.ListView
W/dex2oat ( 9034): Before Android 4.1, method boolean com.facebook.share.widget.ShareButtonBase.canShare() would have incorrectly overridden the package-private method in android.widget.TextView
W/dex2oat ( 9034): Before Android 4.1, method void rx.internal.operators.OnSubscribeGroupJoin$ResultManager.init() would have incorrectly overridden the package-private method in java.util.HashMap
I/TrafficMonitor( 1097): update:rxPkts:0,txPkts:0,rxBytes:0,txBytes:0
I/TrafficMonitor( 1097): start expired. level:-1
I/TrafficMonitor( 1097): gettimer:interval=2000
I/HuaweiWifiWatchdogStateMachine( 1097): spd good count:0, add sc:0.0, rate:1.0
I/HuaweiWifiWatchdogStateMachine( 1097): current mHighDataFlowRate = 1.0
I/HuaweiWifiWatchdogStateMachine( 1097): not any pkt, ignore this period chk result.
I/QosMonitor( 1097): queryRtt: rtt_type = 3
I/WifiProJNI( 1097): ######### GET RTT:3 ########
I/QosMonitor( 1097): postEventFromNative: msg=100,arg1=4,arg2=9
W/WifiProJNI( 1097): poll before: g_monitor_fd =255
I/dex2oat ( 9034): dex2oat took 1.183s (threads: 4) arena alloc=7KB (7224B) java alloc=19MB (20538208B) native alloc=18MB (18902904B) free=4MB (4427912B)
I/LocationManagerService( 1097): applyRequirementsLocked to passive
I/LocationManagerService( 1097): provider request: passive ProviderRequest[ON interval=0]
I/LocationManagerService( 1097): applyRequirementsLocked to gps
I/LocationManagerService( 1097): UpdateRecords is null.
I/LocationManagerService( 1097): provider request: gps ProviderRequest[OFF]
I/GnssLocationProvider( 1097): WakeLock acquired by sendMessage(3, 0, com.android.server.location.GnssLocationProvider$GpsRequest@c0decca)
I/LocationManagerService( 1097): applyRequirementsLocked to network
I/LocationManagerService( 1097): provider request: network ProviderRequest[ON interval=+1d0h0m0s0ms]
I/GnssLocationProvider( 1097): setRequest ProviderRequest[OFF]
I/GnssLocationProvider( 1097): stopNavigating, mStarted=false
I/GnssLocationProvider( 1097): WakeLock released by handleMessage(3, 0, com.android.server.location.GnssLocationProvider$GpsRequest@c0decca)
I/LocationManagerService( 1097): applyRequirementsLocked to fused
I/LocationManagerService( 1097): UpdateRecords is null.
I/LocationManagerService( 1097): provider request: fused ProviderRequest[OFF]
I/LocationManagerService( 1097): applyRequirementsLocked to local_database
I/LocationManagerService( 1097): provider request: local_database ProviderRequest[ON interval=0]
I/LocationManagerService( 1097): applyRequirementsLocked to passive
I/LocationManagerService( 1097): provider request: passive ProviderRequest[ON interval=0]
I/LocationManagerService( 1097): applyRequirementsLocked to gps
I/LocationManagerService( 1097): UpdateRecords is null.
I/LocationManagerService( 1097): provider request: gps ProviderRequest[OFF]
I/GnssLocationProvider( 1097): WakeLock acquired by sendMessage(3, 0, com.android.server.location.GnssLocationProvider$GpsRequest@e4f8e3b)
I/GnssLocationProvider( 1097): setRequest ProviderRequest[OFF]
I/GnssLocationProvider( 1097): stopNavigating, mStarted=false
I/LocationManagerService( 1097): applyRequirementsLocked to network
I/LocationManagerService( 1097): provider request: network ProviderRequest[ON interval=+1d0h0m0s0ms]
I/GnssLocationProvider( 1097): WakeLock released by handleMessage(3, 0, com.android.server.location.GnssLocationProvider$GpsRequest@e4f8e3b)
I/LocationManagerService( 1097): applyRequirementsLocked to fused
I/LocationManagerService( 1097): UpdateRecords is null.
I/LocationManagerService( 1097): provider request: fused ProviderRequest[OFF]
I/LocationManagerService( 1097): applyRequirementsLocked to local_database
I/LocationManagerService( 1097): provider request: local_database ProviderRequest[ON interval=0]
I/LocationManagerService( 1097): applyRequirementsLocked to passive
I/LocationManagerService( 1097): provider request: passive ProviderRequest[ON interval=0]
I/LocationManagerService( 1097): applyRequirementsLocked to gps
I/LocationManagerService( 1097): UpdateRecords is null.
I/LocationManagerService( 1097): provider request: gps ProviderRequest[OFF]
I/GnssLocationProvider( 1097): WakeLock acquired by sendMessage(3, 0, com.android.server.location.GnssLocationProvider$GpsRequest@1d7b958)
I/GnssLocationProvider( 1097): setRequest ProviderRequest[OFF]
I/GnssLocationProvider( 1097): stopNavigating, mStarted=false
I/LocationManagerService( 1097): applyRequirementsLocked to network
I/LocationManagerService( 1097): provider request: network ProviderRequest[ON interval=+1d0h0m0s0ms]
I/GnssLocationProvider( 1097): WakeLock released by handleMessage(3, 0, com.android.server.location.GnssLocationProvider$GpsRequest@1d7b958)
I/LocationManagerService( 1097): applyRequirementsLocked to fused
I/LocationManagerService( 1097): UpdateRecords is null.
I/LocationManagerService( 1097): provider request: fused ProviderRequest[OFF]
I/LocationManagerService( 1097): applyRequirementsLocked to local_database
I/LocationManagerService( 1097): provider request: local_database ProviderRequest[ON interval=0]
I/LocationManagerService( 1097): applyRequirementsLocked to passive
I/LocationManagerService( 1097): provider request: passive ProviderRequest[ON interval=0]
I/art     ( 1097): Starting a blocking GC Explicit
I/LocationManagerService( 1097): applyRequirementsLocked to gps
I/LocationManagerService( 1097): UpdateRecords is null.
I/LocationManagerService( 1097): provider request: gps ProviderRequest[OFF]
I/GnssLocationProvider( 1097): WakeLock acquired by sendMessage(3, 0, com.android.server.location.GnssLocationProvider$GpsRequest@562eab1)
I/LocationManagerService( 1097): applyRequirementsLocked to network
I/LocationManagerService( 1097): provider request: network ProviderRequest[ON interval=+1d0h0m0s0ms]
I/LocationManagerService( 1097): applyRequirementsLocked to fused
I/LocationManagerService( 1097): UpdateRecords is null.
I/LocationManagerService( 1097): provider request: fused ProviderRequest[OFF]
I/GnssLocationProvider( 1097): setRequest ProviderRequest[OFF]
I/GnssLocationProvider( 1097): stopNavigating, mStarted=false
I/GnssLocationProvider( 1097): WakeLock released by handleMessage(3, 0, com.android.server.location.GnssLocationProvider$GpsRequest@562eab1)
I/LocationManagerService( 1097): applyRequirementsLocked to local_database
I/LocationManagerService( 1097): provider request: local_database ProviderRequest[ON interval=0]
E/HwCHRWebMonitor( 1097): WebMonitor [mNetWorkIsSuck=0 mUIDIsSuck=]  WebSpeed [WEBSENDSEGS=1  WEBRESENDSEGS=1  WEBRECVSEGS=0  WEBERRSEGS=0  WEBOUTRSTS=0  WEBESTABLISRST=0  WEBRTTDURATION=0  WEBRTTSEGS=0  WEBSRTT=560  WEBSNDDUPACKS=0  SENDSEGS=0  RESENDSEGS=0  RECVSEGS=0  ERRSEGS=0  OUTRSTS=0  ESTABLISRST=0  RTTDURATION=0  RTTSEGS=0  SNDDUPACKS=0  suckTimes=0 recovage_times=0]
E/HwCHRWifiRSSIGroupSummery( 1097): updateTcpSummery mRSSI:-43  HwCHRWifiRSSIGroup [rssi_index=4, rtt_tcp_packets=79, rtt_tcp_duration=5171, rtt_lan_duration=15, rtt_lan_failures=0, rtt_lan_succ=2, rtt_lan_max=12, rtt_lan_min=3,same_area_frequency=0,adjacent_area_frequency=0]
E/HwCHRWebMonitor( 1097): HwCHRWifiPacketCnt [mTXGood=0, mTXbad=0, mRXGood=0] rssi=-43
E/HwCHRWebMonitor( 1097): running processName=com.huawei.android.launcher
E/HwCHRWebMonitor( 1097): HwCHRWifiUIDWebSpeed [appName=com.tripadvisor.tripadvisor UID=10111  WEBSENDSEGS=1  WEBRESENDSEGS=1  WEBRECVSEGS=0  WEBERRSEGS=0  WEBOUTRSTS=0  WEBESTABLISRST=0  WEBRTTDURATION=0  WEBRTTSEGS=0  WEBSNDDUPACKS=0  suckTimes=0 recovage_times=0]
E/HwCHRWifiLinkMonitor( 1097): HwCHRWifiBcmIncrCounterLst [txbyte=0  txframe=0  txnoassoc=0  txphyerror=0  txctl=0  txfail=0  txphyerr=0  txfrmsnt=0  txnoack=0  txfrag=0  txnocts=0  txrts=0  txnobuf=0  txallfrm=0  txerror=0  txretrans=0  rxbyte=0  rxframe=0  rxbadfcs=0  rxbadplcp=0  rxmulti=0  rxfrag=0  rxctl=0  rxbadcm=0  rxnobuf=0  rxcrsglitch=0  rxbadds=0  rxnondata=0  rxmulti=0  reset=0  rxdfrmocast=0  rxmfrmocast=0  rxdfrmucastmbss=0  rxmfrmucastmbss=0  rxbeaconmbss=0  rxdfmucastobss=0  rxbeaconobss=0  rxstrt=0  rxcfrmocast=0  rxcfrmucast=0  rxdfrmmcast=0  rxmfrmmcast=0  rxcfrmmcast=0  ]
I/art     ( 1097): Explicit concurrent mark sweep GC freed 181701(11MB) AllocSpace objects, 27(1392KB) LOS objects, 33% free, 27MB/41MB, paused 1.417ms total 75.751ms
E/        (  530): Couldn't opendir /data/app/vmdl2094810725.tmp: No such file or directory
I/SendBroadcastPermission( 1097): action:com.huawei.android.action.GET_PACKAGE_INSTALLATION_INFO, mPermissionType:0
E/HwSystemManager( 1982): HandleInstalledPackageInfoService:second action: pkgData is null
I/EventCenter( 1578): EventCenter Get :android.intent.action.PACKAGE_ADDED
I/HwLauncher( 2497): LauncherDownloadModel onReceive intent=Intent { act=android.intent.action.PACKAGE_ADDED dat=package:by.onliner.catalog flg=0x4000010 (has extras) }
W/System.err( 1097): java.lang.SecurityException: Caller has no access to session 2094810725
W/System.err( 1097): 	at com.android.server.pm.PackageInstallerService.abandonSession(PackageInstallerService.java:737)
W/System.err( 1097): 	at android.content.pm.IPackageInstaller$Stub.onTransact(IPackageInstaller.java:97)
W/System.err( 1097): 	at android.os.Binder.execTransact(Binder.java:565)
W/HwLauncher( 2497): SimpleLauncherMode onReceive : It's normal Launcher now, do not handle add packages
I/art     ( 9007): System.exit called, status: 0
I/AndroidRuntime( 9007): VM exiting with result code 0.
I/InputReader( 1097): Reconfiguring input devices.  changes=0x00000010
E/Contacts( 7985): ExternalAccountType Unsupported attribute readOnly
I/        ( 9040): power log dlsym ok
I/art     ( 9040): Reinit property: dalvik.vm.checkjni= false
I/KStateAction( 1890): new KStateAction
I/gralloc (  500): alloc_device_alloc:626: Alloc handle(0x730e859c00): interfmt=1, stride=64, size=4096, usage=0x100
I/art     ( 9040): Starting a blocking GC AddRemoveAppImageSpace
W/System  ( 9040): ClassLoader referenced unknown path: /cust/hw/eu/app/GameBoxGlobal/lib/arm64
W/art     ( 9040): JIT profile information will not be recorded: profile file does not exits.
I/gralloc (  500): alloc_device_free:648: Free handle(0x730e859c00)
E/HsmCoreServiceImpl( 1097): onTransact in code is: 102
I/MediaProcessHandler( 1097): processOp opType: 1, uid: 10077, pid: 8070
W/MediaProcessHandler( 1097): remove target not exist, maybe the UI process: uid: 10077, pid: 8070
E/HsmCoreServiceImpl( 1097): onTransact in code is: 102
I/MediaProcessHandler( 1097): processOp opType: 1, uid: 10035, pid: 8044
W/MediaProcessHandler( 1097): remove target not exist, maybe the UI process: uid: 10035, pid: 8044
W/Finsky  ( 8679): [1] com.google.android.finsky.application.FinskyAppImpl.F(1569): No account configured on this device.
W/Finsky  ( 8679): [1] com.google.android.finsky.application.FinskyAppImpl.F(1569): No account configured on this device.
I/SendBroadcastPermission( 9040): action:com.huawei.gamebox.global.service.downloadservice.Receiver, mPermissionType:0
I/        ( 9074): power log dlsym ok
I/Finsky  ( 8679): [1] com.google.android.finsky.utils.PermissionPolicies$PermissionPolicyService.onStartCommand(115): post-install permissions check for by.onliner.catalog
W/Finsky  ( 8679): [1] com.google.android.finsky.application.FinskyAppImpl.F(1569): No account configured on this device.
I/art     ( 9074): Reinit property: dalvik.vm.checkjni= false
I/Finsky  ( 8679): [1] com.google.android.finsky.utils.bn.run(2300): Package state data is missing for by.onliner.catalog
I/InputManager( 1890): new hook event
I/WearableService( 2316): Wearable Services not starting - Wear is not available on this device.
W/Finsky  ( 8679): [1] com.google.android.finsky.application.FinskyAppImpl.F(1569): No account configured on this device.
I/gralloc (  500): alloc_device_alloc:626: Alloc handle(0x730e859300): interfmt=1, stride=64, size=4096, usage=0x100
E/Finsky  ( 8679): [1] com.google.android.finsky.wear.bp.a(847): onConnectionFailed: ConnectionResult{statusCode=API_UNAVAILABLE, resolution=null, message=null}
I/Finsky  ( 8679): [1] com.google.android.finsky.wear.an.run(2402): Dropping command=auto_install due to Gms not connected
I/Finsky  ( 8679): [1] com.google.android.finsky.wear.an.run(2402): Dropping command=send_installed_apps due to Gms not connected
I/art     ( 9074): Starting a blocking GC AddRemoveAppImageSpace
W/art     ( 9074): JIT profile information will not be recorded: profile file does not exits.
E/HsmCoreServiceImpl( 1097): onTransact in code is: 102
I/MediaProcessHandler( 1097): processOp opType: 1, uid: 10007, pid: 7806
W/MediaProcessHandler( 1097): remove target not exist, maybe the UI process: uid: 10007, pid: 7806
I/gralloc (  500): alloc_device_free:648: Free handle(0x730e859300)
I/AppInfoManager( 1890): Write app info to db : by.onliner.catalog type: -1 uid:14497
I/fb-UnpackingSoSource( 9074): dso store is up-to-date: /data/user/0/com.facebook.appmanager/lib-main
W/com.facebook.appmanager:cp( 9074): Verify
I/        ( 9096): power log dlsym ok
I/art     ( 9096): Reinit property: dalvik.vm.checkjni= false
I/SendBroadcastPermission( 1097): action:android.search.action.SEARCHABLES_CHANGED, mPermissionType:0
I/LocationProviderProxy-fused( 1097): bindBestPackage for com.android.location.service.FusedLocationProvider :  found 2, new best component: ComponentInfo{com.google.android.gms/com.google.android.location.fused.FusedLocationService}
I/HwLauncher( 2497): Model onPackageAdded packageName = by.onliner.catalog user = UserHandle{0}
I/gralloc (  500): alloc_device_alloc:626: Alloc handle(0x730e893b00): interfmt=1, stride=64, size=4096, usage=0x100
I/HwLauncher( 2497): Model  findCloudAppInfoInDB : found 0 shortcutInfo for package[by.onliner.catalog] in db
I/HwLauncher( 2497): PowerSaveLauncherModel onPackageAdded packageName = by.onliner.catalog user = UserHandle{0}
E/HwLauncher( 2497): PowerSaveLauncherModel onPackageAdded:  not inPowerSaveLauncher 
I/gralloc (  500): alloc_device_free:648: Free handle(0x730e893b00)
I/HwResourcesImpl( 2497): load icon id : 7f030000, pkgName : by.onliner.catalog
W/CfgFilePolicy( 2497): No config file found for:/themes/diff/icons
W/CfgFilePolicy( 2497): CFG_DIRS length : 10
I/HwResourcesImpl( 2497): icon : by.onliner.catalog found in app
I/art     ( 9096): Starting a blocking GC AddRemoveAppImageSpace
W/System  ( 9096): ClassLoader referenced unknown path: /data/hw_init/version/special_cust/VTR-L29/hw/eu/app/Installer/lib/arm64
W/art     ( 9096): JIT profile information will not be recorded: profile file does not exits.
I/        ( 9118): power log dlsym ok
I/art     ( 9118): Reinit property: dalvik.vm.checkjni= false
W/System  ( 9118): ClassLoader referenced unknown path: /system/app/Drive/lib/arm64
I/gralloc (  500): alloc_device_alloc:626: Alloc handle(0x730e859400): interfmt=1, stride=64, size=4096, usage=0x100
I/gralloc (  500): alloc_device_free:648: Free handle(0x730e859400)
W/art     ( 9118): JIT profile information will not be recorded: profile file does not exits.
E/HsmCoreServiceImpl( 1097): onTransact in code is: 102
I/MediaProcessHandler( 1097): processOp opType: 1, uid: 10060, pid: 8250
W/MediaProcessHandler( 1097): remove target not exist, maybe the UI process: uid: 10060, pid: 8250
E/HsmCoreServiceImpl( 1097): onTransact in code is: 102
I/MediaProcessHandler( 1097): processOp opType: 1, uid: 10017, pid: 7792
W/MediaProcessHandler( 1097): remove target not exist, maybe the UI process: uid: 10017, pid: 7792
I/HwCust  ( 9118): Constructor found for class android.app.HwCustActivityImpl
I/GAv4    ( 9118): Google Analytics 8.4.87 is starting up. To enable debug logging on a device run:
