I/GAv4    ( 9118):   adb shell setprop log.tag.GAv4 DEBUG
I/GAv4    ( 9118):   adb logcat -s GAv4
W/GAv4    ( 9118): AnalyticsReceiver is not registered or is disabled. Register the receiver for reliable dispatching on non-Google Play devices. See http://goo.gl/8Rd3yj for instructions.
W/GAv4    ( 9118): CampaignTrackingReceiver is not registered, not exported or is disabled. Installation campaign tracking is not possible. See http://goo.gl/8Rd3yj for instructions.
W/GAv4    ( 9118): AnalyticsService not registered in the app manifest. Hits might not be delivered reliably. See http://goo.gl/8Rd3yj for instructions.
I/XmlParser( 9102): startElement itemName:resource user:1804800040
I/XmlParser( 9102): startElement itemName:group user:1804800040
I/XmlParser( 9102): startElement itemName:id user:1804800040
I/XmlParser( 9102): endElement itemName:id user:1804800040
I/XmlParser( 9102): startElement itemName:name user:1804800040
I/XmlParser( 9102): endElement itemName:name user:1804800040
I/XmlParser( 9102): startElement itemName:define user:1804800040
I/XmlParser( 9102): endElement itemName:define user:1804800040
I/XmlParser( 9102): startElement itemName:description user:1804800040
I/XmlParser( 9102): endElement itemName:description user:1804800040
I/XmlParser( 9102): endElement itemName:group user:1804800040
I/XmlParser( 9102): startElement itemName:group user:1804800040
I/XmlParser( 9102): startElement itemName:id user:1804800040
I/XmlParser( 9102): endElement itemName:id user:1804800040
I/XmlParser( 9102): startElement itemName:name user:1804800040
I/XmlParser( 9102): endElement itemName:name user:1804800040
I/XmlParser( 9102): startElement itemName:define user:1804800040
E/XmlParser( 9102): startElement mResult:1024
I/XmlParser( 9102): endElement itemName:define user:1804800040
I/XmlParser( 9102): startElement itemName:description user:1804800040
I/XmlParser( 9102): endElement itemName:description user:1804800040
I/XmlParser( 9102): endElement itemName:group user:1804800040
I/XmlParser( 9102): startElement itemName:group user:1804800040
I/XmlParser( 9102): startElement itemName:id user:1804800040
I/XmlParser( 9102): endElement itemName:id user:1804800040
I/XmlParser( 9102): startElement itemName:name user:1804800040
I/XmlParser( 9102): endElement itemName:name user:1804800040
I/XmlParser( 9102): startElement itemName:define user:1804800040
I/XmlParser( 9102): endElement itemName:define user:1804800040
I/XmlParser( 9102): startElement itemName:description user:1804800040
I/XmlParser( 9102): endElement itemName:description user:1804800040
I/XmlParser( 9102): endElement itemName:group user:1804800040
I/XmlParser( 9102): startElement itemName:group user:1804800040
I/XmlParser( 9102): startElement itemName:id user:1804800040
I/XmlParser( 9102): endElement itemName:id user:1804800040
I/XmlParser( 9102): startElement itemName:name user:1804800040
I/XmlParser( 9102): endElement itemName:name user:1804800040
I/XmlParser( 9102): startElement itemName:define user:1804800040
I/XmlParser( 9102): endElement itemName:define user:1804800040
I/XmlParser( 9102): startElement itemName:description user:1804800040
I/XmlParser( 9102): endElement itemName:description user:1804800040
I/XmlParser( 9102): endElement itemName:group user:1804800040
I/XmlParser( 9102): endElement itemName:resource user:1804800040
I/XmlParser( 9102): startElement itemName:resource user:0
I/XmlParser( 9102): startElement itemName:group user:0
I/XmlParser( 9102): startElement itemName:id user:0
I/XmlParser( 9102): endElement itemName:id user:0
I/XmlParser( 9102): startElement itemName:name user:0
I/XmlParser( 9102): endElement itemName:name user:0
I/XmlParser( 9102): startElement itemName:define user:0
E/XmlParser( 9102): startElement mResult:2097152
I/XmlParser( 9102): endElement itemName:define user:0
I/XmlParser( 9102): startElement itemName:description user:0
I/XmlParser( 9102): endElement itemName:description user:0
I/XmlParser( 9102): endElement itemName:group user:0
I/XmlParser( 9102): startElement itemName:group user:0
I/XmlParser( 9102): startElement itemName:id user:0
I/XmlParser( 9102): endElement itemName:id user:0
I/XmlParser( 9102): startElement itemName:name user:0
I/XmlParser( 9102): endElement itemName:name user:0
I/XmlParser( 9102): startElement itemName:define user:0
I/XmlParser( 9102): endElement itemName:define user:0
I/XmlParser( 9102): startElement itemName:description user:0
I/XmlParser( 9102): endElement itemName:description user:0
I/XmlParser( 9102): endElement itemName:group user:0
I/XmlParser( 9102): startElement itemName:group user:0
I/XmlParser( 9102): startElement itemName:id user:0
I/XmlParser( 9102): endElement itemName:id user:0
I/XmlParser( 9102): startElement itemName:name user:0
I/XmlParser( 9102): endElement itemName:name user:0
I/XmlParser( 9102): startElement itemName:define user:0
I/XmlParser( 9102): endElement itemName:define user:0
I/XmlParser( 9102): startElement itemName:description user:0
I/XmlParser( 9102): endElement itemName:description user:0
I/XmlParser( 9102): endElement itemName:group user:0
I/XmlParser( 9102): startElement itemName:group user:0
I/XmlParser( 9102): startElement itemName:id user:0
I/XmlParser( 9102): endElement itemName:id user:0
I/XmlParser( 9102): startElement itemName:name user:0
I/XmlParser( 9102): endElement itemName:name user:0
I/XmlParser( 9102): startElement itemName:define user:0
I/XmlParser( 9102): endElement itemName:define user:0
I/XmlParser( 9102): startElement itemName:description user:0
I/XmlParser( 9102): endElement itemName:description user:0
I/XmlParser( 9102): endElement itemName:group user:0
I/XmlParser( 9102): endElement itemName:resource user:0
I/libEGL  ( 9102): egl_cache_t() maxKeySize:1024  maxTotalSize:2097152
I/appproc ( 9102): CLASSPATH=/system/framework/settings.jar
I/appproc ( 9102): Command=app_process /system/bin com.android.commands.settings.SettingsCmd put secure immersive_mode_confirmations confirmed 
I/AndroidRuntime( 9102): readDownloadBoosterConfig: 'false'
I/art     ( 9102): Reinit property: dalvik.vm.checkjni= false
I/UpdateIcingCorporaServi( 8288): Updating corpora: APPS=by.onliner.catalog, CONTACTS=MAYBE
I/HWSERVICES( 9102): hwnative_get_component_register:libdrmbitmap,JNI
I/Radio-JNI( 9102): register_android_hardware_Radio DONE
I/android_hardware_fm.cpp( 9102): register_android_hardware_fm_fmradio
I/android_hardware_fm.cpp( 9102): ========64bit long size = 8
I/android_hardware_fm.cpp( 9102): FM: get chip type = bcm43xx
E/fm_if.c ( 9102): find the id:fm and begins to open the devices
I/android_hardware_fm.cpp( 9102): register_android_hardware_fm_fmradio, ret is 0
I/        ( 9173): power log dlsym ok
I/art     ( 9173): Reinit property: dalvik.vm.checkjni= false
W/HwSystemManager( 1982): NotificationDBProvider:queryNotificationList: nType = 1
W/HwSystemManager( 1982): NotificationDBProvider:queryNotificationList: nType = 2
W/HwSystemManager( 1982): NotificationDBProvider:queryNotificationList: nType = 5
I/PhoneStatusBar( 1578): updateNotificationShade: total=2, active=2
I/PhoneStatusBar( 1578): updateNotificationShade: total=2, active=2
I/TrafficMonitor( 1097): expired arrive. level:-1
I/TrafficMonitor( 1097): during_ms:2002,period_ms:2000
I/TrafficMonitor( 1097): count:20,rx_sum:0,tx_sum:0,rxBytes:0,during_ms:2002,rx_speed:0.0,tx_speed:0.0,rto:0.0
W/HwKeyguardDragHelper( 1578): AnimationBlocked
I/gralloc (  500): alloc_device_alloc:626: Alloc handle(0x731489a000): interfmt=1, stride=64, size=4096, usage=0x100
W/System  ( 9173): ClassLoader referenced unknown path: /system/framework/com.huawei.theme.stat.jar
W/art     ( 9173): JIT profile information will not be recorded: profile file does not exits.
I/gralloc (  500): alloc_device_free:648: Free handle(0x731489a000)
E/Thermal-daemon(  522): [charger_ic] temp_new :31  temp_old :30
I/ThermalService( 1890): Receive temperature change, type: 2, temp: 31 from thermald
E/Thermal-daemon(  522): Report temperature: [charger_ic] temp :31  report_threshold:1
I/LowBatteryManager( 1890): Only handle msg event!
I/System.out( 9173): [ls, -l, /system/priv-app/HwSystemManager/HwSystemManager.apk]
I/System.out( 9173): null
I/System.out( 9173): null
I/System.out( 9173): Calling by::className:com.huawei.systemmanager.util.HwLogTagHelper  MethodName:checkHsmIsPushed
I/ChromeSync( 2926): [Persistence,AffiliationManager] Fetching affiliations from the server.
I/HwSystemManager( 9173): check push opration, match idx:-1
I/HwCust  ( 9173): Constructor found for class com.huawei.notificationmanager.util.HwCustHelperImpl
W/CfgFilePolicy( 9173): No config file found for:xml/hsm_config.xml
W/CfgFilePolicy( 9173): CFG_DIRS length : 10
I/SendBroadcastPermission( 9173): action:com.avast.android.shepherd.NEXT_UPDATE_TIME_SET, mPermissionType:0
W/CfgFilePolicy( 9173): No config file found for:xml/hsm/permission/hsm_permission_white_apps.xml
W/CfgFilePolicy( 9173): CFG_DIRS length : 10
W/CfgFilePolicy( 9173): No config file found for:xml/hsm/permission/hsm_permission_black_apps.xml
W/CfgFilePolicy( 9173): CFG_DIRS length : 10
W/CfgFilePolicy( 9173): No config file found for:xml/hsm/bootstart/hsm_bootstart_white_apps.xml
W/CfgFilePolicy( 9173): CFG_DIRS length : 10
W/CfgFilePolicy( 9173): No config file found for:xml/hsm/bootstart/hsm_bootstart_black_apps.xml
W/CfgFilePolicy( 9173): CFG_DIRS length : 10
W/CfgFilePolicy( 9173): No config file found for:xml/hsm/notification/hsm_notification_white_apps.xml
W/CfgFilePolicy( 9173): CFG_DIRS length : 10
W/CfgFilePolicy( 9173): No config file found for:xml/hsm/notification/hsm_notification_black_apps.xml
W/CfgFilePolicy( 9173): CFG_DIRS length : 10
W/CfgFilePolicy( 9173): No config file found for:xml/hsm/dropzone/hsm_dropzone_white_apps.xml
W/CfgFilePolicy( 9173): CFG_DIRS length : 10
W/CfgFilePolicy( 9173): No config file found for:xml/hsm/dropzone/hsm_dropzone_black_apps.xml
W/CfgFilePolicy( 9173): CFG_DIRS length : 10
W/CfgFilePolicy( 9173): No config file found for:xml/hsm/netaccess/hsm_netaccess_white_apps.xml
W/CfgFilePolicy( 9173): CFG_DIRS length : 10
W/CfgFilePolicy( 9173): No config file found for:xml/hsm/netaccess/hsm_netaccess_black_apps.xml
W/CfgFilePolicy( 9173): CFG_DIRS length : 10
W/CfgFilePolicy( 9173): No config file found for:xml/hsm/applock/hsm_applock_white_apps.xml
W/CfgFilePolicy( 9173): CFG_DIRS length : 10
W/CfgFilePolicy( 9173): No config file found for:xml/default_white_package_name.xml
W/CfgFilePolicy( 9173): CFG_DIRS length : 10
W/CfgFilePolicy( 9173): No config file found for:xml/default_black_package_name.xml
W/CfgFilePolicy( 9173): CFG_DIRS length : 10
E/HwSystemManager( 9173): SecurityBroadcastReceiver:SecurityBroadcastReceiver the rainbow is not enabled!
E/HwSystemManager( 1982): AppCleanUpService:msg is 0
E/HwSystemManager( 9173): SpaceCleanReceiver:doPkgAdd pi is not valid permission
I/HwCust  ( 9173): Constructor found for class com.huawei.systemmanager.optimize.process.HwCustProtectAppControlImpl
I/Icing   ( 2926): App usage reports: 10
I/Icing   ( 2926): Usage reports 10 indexed 0 rejected 0 imm upload false
W/CfgFilePolicy( 9173): No config file found for:xml/hsm/dropzone/hsm_dropzone_default_value.xml
W/CfgFilePolicy( 9173): CFG_DIRS length : 10
W/HwSystemManager( 9173): AddViewAppManager:Current installed app not apply system_alert_window or applicationInfo null!
I/SendBroadcastPermission( 9173): action:PACKAGE_ADDED_OR_REMOVED, mPermissionType:0
I/AppBlackWhitelist( 1890): Standby database changed!
I/AppBlackWhitelist( 1890): Standby database changed!
I/AppBlackWhitelist( 1890): Clean database changed!
I/SendBroadcastPermission( 1982): action:huawei.intent.action.HW_STOPPED_PACKAGE_ACTION, mPermissionType:0
I/Icing   ( 2926): Usage reports 0 indexed 0 rejected 0 imm upload false
I/Icing   ( 2926): Usage reports 0 indexed 0 rejected 0 imm upload true
I/UpdateIcingCorporaServi( 8288): UpdateCorporaTask done [took 254 ms] updated apps [took 253 ms] 
E/HsmCoreServiceImpl( 1097): onTransact in code is: 102
I/MediaProcessHandler( 1097): processOp opType: 1, uid: 10085, pid: 7549
W/MediaProcessHandler( 1097): remove target not exist, maybe the UI process: uid: 10085, pid: 7549
E/HsmCoreServiceImpl( 1097): onTransact in code is: 102
I/MediaProcessHandler( 1097): processOp opType: 1, uid: 10100, pid: 8403
W/MediaProcessHandler( 1097): remove target not exist, maybe the UI process: uid: 10100, pid: 8403
I/XmlParser( 9199): startElement itemName:resource user:833777704
I/XmlParser( 9199): startElement itemName:group user:833777704
I/XmlParser( 9199): startElement itemName:id user:833777704
I/XmlParser( 9199): endElement itemName:id user:833777704
I/XmlParser( 9199): startElement itemName:name user:833777704
I/XmlParser( 9199): endElement itemName:name user:833777704
I/XmlParser( 9199): startElement itemName:define user:833777704
I/XmlParser( 9199): endElement itemName:define user:833777704
I/XmlParser( 9199): startElement itemName:description user:833777704
I/XmlParser( 9199): endElement itemName:description user:833777704
I/XmlParser( 9199): endElement itemName:group user:833777704
I/XmlParser( 9199): startElement itemName:group user:833777704
I/XmlParser( 9199): startElement itemName:id user:833777704
I/XmlParser( 9199): endElement itemName:id user:833777704
I/XmlParser( 9199): startElement itemName:name user:833777704
I/XmlParser( 9199): endElement itemName:name user:833777704
I/XmlParser( 9199): startElement itemName:define user:833777704
E/XmlParser( 9199): startElement mResult:1024
I/XmlParser( 9199): endElement itemName:define user:833777704
I/XmlParser( 9199): startElement itemName:description user:833777704
I/XmlParser( 9199): endElement itemName:description user:833777704
I/XmlParser( 9199): endElement itemName:group user:833777704
I/XmlParser( 9199): startElement itemName:group user:833777704
I/XmlParser( 9199): startElement itemName:id user:833777704
I/XmlParser( 9199): endElement itemName:id user:833777704
I/XmlParser( 9199): startElement itemName:name user:833777704
I/XmlParser( 9199): endElement itemName:name user:833777704
I/XmlParser( 9199): startElement itemName:define user:833777704
I/XmlParser( 9199): endElement itemName:define user:833777704
I/XmlParser( 9199): startElement itemName:description user:833777704
I/XmlParser( 9199): endElement itemName:description user:833777704
I/XmlParser( 9199): endElement itemName:group user:833777704
I/XmlParser( 9199): startElement itemName:group user:833777704
I/XmlParser( 9199): startElement itemName:id user:833777704
I/XmlParser( 9199): endElement itemName:id user:833777704
I/XmlParser( 9199): startElement itemName:name user:833777704
I/XmlParser( 9199): endElement itemName:name user:833777704
I/XmlParser( 9199): startElement itemName:define user:833777704
I/XmlParser( 9199): endElement itemName:define user:833777704
I/XmlParser( 9199): startElement itemName:description user:833777704
I/XmlParser( 9199): endElement itemName:description user:833777704
I/XmlParser( 9199): endElement itemName:group user:833777704
I/XmlParser( 9199): endElement itemName:resource user:833777704
I/XmlParser( 9199): startElement itemName:resource user:0
I/XmlParser( 9199): startElement itemName:group user:0
I/XmlParser( 9199): startElement itemName:id user:0
I/XmlParser( 9199): endElement itemName:id user:0
I/XmlParser( 9199): startElement itemName:name user:0
I/XmlParser( 9199): endElement itemName:name user:0
I/XmlParser( 9199): startElement itemName:define user:0
E/XmlParser( 9199): startElement mResult:2097152
I/XmlParser( 9199): endElement itemName:define user:0
I/XmlParser( 9199): startElement itemName:description user:0
I/XmlParser( 9199): endElement itemName:description user:0
I/XmlParser( 9199): endElement itemName:group user:0
I/XmlParser( 9199): startElement itemName:group user:0
I/XmlParser( 9199): startElement itemName:id user:0
I/XmlParser( 9199): endElement itemName:id user:0
I/XmlParser( 9199): startElement itemName:name user:0
I/XmlParser( 9199): endElement itemName:name user:0
I/XmlParser( 9199): startElement itemName:define user:0
I/XmlParser( 9199): endElement itemName:define user:0
I/XmlParser( 9199): startElement itemName:description user:0
I/XmlParser( 9199): endElement itemName:description user:0
I/XmlParser( 9199): endElement itemName:group user:0
I/XmlParser( 9199): startElement itemName:group user:0
I/XmlParser( 9199): startElement itemName:id user:0
I/XmlParser( 9199): endElement itemName:id user:0
I/XmlParser( 9199): startElement itemName:name user:0
I/XmlParser( 9199): endElement itemName:name user:0
I/XmlParser( 9199): startElement itemName:define user:0
I/XmlParser( 9199): endElement itemName:define user:0
I/XmlParser( 9199): startElement itemName:description user:0
I/XmlParser( 9199): endElement itemName:description user:0
I/XmlParser( 9199): endElement itemName:group user:0
I/XmlParser( 9199): startElement itemName:group user:0
I/XmlParser( 9199): startElement itemName:id user:0
I/XmlParser( 9199): endElement itemName:id user:0
I/XmlParser( 9199): startElement itemName:name user:0
I/XmlParser( 9199): endElement itemName:name user:0
I/XmlParser( 9199): startElement itemName:define user:0
I/XmlParser( 9199): endElement itemName:define user:0
I/XmlParser( 9199): startElement itemName:description user:0
I/XmlParser( 9199): endElement itemName:description user:0
I/XmlParser( 9199): endElement itemName:group user:0
I/XmlParser( 9199): endElement itemName:resource user:0
I/libEGL  ( 9199): egl_cache_t() maxKeySize:1024  maxTotalSize:2097152
I/appproc ( 9199): CLASSPATH=/system/framework/settings.jar
I/appproc ( 9199): Command=app_process /system/bin com.android.commands.settings.SettingsCmd get system screen_off_timeout 
I/AndroidRuntime( 9199): readDownloadBoosterConfig: 'false'
I/art     ( 9199): Reinit property: dalvik.vm.checkjni= false
I/HWSERVICES( 9199): hwnative_get_component_register:libdrmbitmap,JNI
I/Radio-JNI( 9199): register_android_hardware_Radio DONE
I/android_hardware_fm.cpp( 9199): register_android_hardware_fm_fmradio
I/android_hardware_fm.cpp( 9199): ========64bit long size = 8
I/android_hardware_fm.cpp( 9199): FM: get chip type = bcm43xx
E/fm_if.c ( 9199): find the id:fm and begins to open the devices
I/android_hardware_fm.cpp( 9199): register_android_hardware_fm_fmradio, ret is 0
I/AppBlackWhitelist( 1890): start refresh apps, unShown pkgs:[com.google.android.apps.tachyon, com.google.android.gms, com.google.android.gsf, com.google.android.gsf.login, com.huawei.lbs]
I/AppBlackWhitelist( 1890): Standby protected apps: [com.android.email, com.huawei.geofence, com.huawei.health, com.huawei.KoBackup, com.huawei.screenrecorder]
I/AppBlackWhitelist( 1890): Standby unprotected apps: [com.android.gallery3d, com.android.mediacenter, com.huawei.camera, com.huawei.hidisk, com.google.android.apps.docs.editors.docs, com.huawei.gamebox.global, com.google.android.play.games, com.android.hwmirror, com.tripadvisor.tripadvisor, com.google.android.apps.docs.editors.sheets, com.huawei.autoinstallapkfrommcc, com.booking, com.google.android.apps.plus, com.stupeflix.replay, com.hp.android.printservice, com.google.android.apps.magazines, com.facebook.katana, com.todoist, com.instagram.android, com.google.android.apps.docs.editors.slides, com.huawei.compass, com.todoist.promotionupgrader, com.google.android.apps.books, com.lesspainful, com.xamarin.devicecontrol, by.onliner.catalog]
I/AppBlackWhitelist( 1890): not enable, don't chg doze list
I/SendBroadcastPermission( 1982): action:com.huawei.systemmanager.action.found_virusscan_app, mPermissionType:0
I/XmlParser( 9234): startElement itemName:resource user:239280168
I/XmlParser( 9234): startElement itemName:group user:239280168
I/XmlParser( 9234): startElement itemName:id user:239280168
I/XmlParser( 9234): endElement itemName:id user:239280168
I/XmlParser( 9234): startElement itemName:name user:239280168
I/XmlParser( 9234): endElement itemName:name user:239280168
I/XmlParser( 9234): startElement itemName:define user:239280168
I/XmlParser( 9234): endElement itemName:define user:239280168
I/XmlParser( 9234): startElement itemName:description user:239280168
I/XmlParser( 9234): endElement itemName:description user:239280168
I/XmlParser( 9234): endElement itemName:group user:239280168
I/XmlParser( 9234): startElement itemName:group user:239280168
I/XmlParser( 9234): startElement itemName:id user:239280168
I/XmlParser( 9234): endElement itemName:id user:239280168
I/XmlParser( 9234): startElement itemName:name user:239280168
I/XmlParser( 9234): endElement itemName:name user:239280168
I/XmlParser( 9234): startElement itemName:define user:239280168
E/XmlParser( 9234): startElement mResult:1024
I/XmlParser( 9234): endElement itemName:define user:239280168
I/XmlParser( 9234): startElement itemName:description user:239280168
I/XmlParser( 9234): endElement itemName:description user:239280168
I/XmlParser( 9234): endElement itemName:group user:239280168
I/XmlParser( 9234): startElement itemName:group user:239280168
I/XmlParser( 9234): startElement itemName:id user:239280168
I/XmlParser( 9234): endElement itemName:id user:239280168
I/XmlParser( 9234): startElement itemName:name user:239280168
I/XmlParser( 9234): endElement itemName:name user:239280168
I/XmlParser( 9234): startElement itemName:define user:239280168
I/XmlParser( 9234): endElement itemName:define user:239280168
I/XmlParser( 9234): startElement itemName:description user:239280168
I/XmlParser( 9234): endElement itemName:description user:239280168
I/XmlParser( 9234): endElement itemName:group user:239280168
I/XmlParser( 9234): startElement itemName:group user:239280168
I/XmlParser( 9234): startElement itemName:id user:239280168
I/XmlParser( 9234): endElement itemName:id user:239280168
I/XmlParser( 9234): startElement itemName:name user:239280168
I/XmlParser( 9234): endElement itemName:name user:239280168
I/XmlParser( 9234): startElement itemName:define user:239280168
I/XmlParser( 9234): endElement itemName:define user:239280168
I/XmlParser( 9234): startElement itemName:description user:239280168
I/XmlParser( 9234): endElement itemName:description user:239280168
I/XmlParser( 9234): endElement itemName:group user:239280168
I/XmlParser( 9234): endElement itemName:resource user:239280168
I/XmlParser( 9234): startElement itemName:resource user:0
I/XmlParser( 9234): startElement itemName:group user:0
I/XmlParser( 9234): startElement itemName:id user:0
I/XmlParser( 9234): endElement itemName:id user:0
I/XmlParser( 9234): startElement itemName:name user:0
I/XmlParser( 9234): endElement itemName:name user:0
I/XmlParser( 9234): startElement itemName:define user:0
E/XmlParser( 9234): startElement mResult:2097152
I/XmlParser( 9234): endElement itemName:define user:0
I/XmlParser( 9234): startElement itemName:description user:0
I/XmlParser( 9234): endElement itemName:description user:0
I/XmlParser( 9234): endElement itemName:group user:0
I/XmlParser( 9234): startElement itemName:group user:0
I/XmlParser( 9234): startElement itemName:id user:0
I/XmlParser( 9234): endElement itemName:id user:0
I/XmlParser( 9234): startElement itemName:name user:0
I/XmlParser( 9234): endElement itemName:name user:0
I/XmlParser( 9234): startElement itemName:define user:0
I/XmlParser( 9234): endElement itemName:define user:0
I/XmlParser( 9234): startElement itemName:description user:0
I/XmlParser( 9234): endElement itemName:description user:0
I/XmlParser( 9234): endElement itemName:group user:0
I/XmlParser( 9234): startElement itemName:group user:0
I/XmlParser( 9234): startElement itemName:id user:0
I/XmlParser( 9234): endElement itemName:id user:0
I/XmlParser( 9234): startElement itemName:name user:0
I/XmlParser( 9234): endElement itemName:name user:0
I/XmlParser( 9234): startElement itemName:define user:0
I/XmlParser( 9234): endElement itemName:define user:0
I/XmlParser( 9234): startElement itemName:description user:0
I/XmlParser( 9234): endElement itemName:description user:0
I/XmlParser( 9234): endElement itemName:group user:0
I/XmlParser( 9234): startElement itemName:group user:0
I/XmlParser( 9234): startElement itemName:id user:0
I/XmlParser( 9234): endElement itemName:id user:0
I/XmlParser( 9234): startElement itemName:name user:0
I/XmlParser( 9234): endElement itemName:name user:0
I/XmlParser( 9234): startElement itemName:define user:0
I/XmlParser( 9234): endElement itemName:define user:0
I/XmlParser( 9234): startElement itemName:description user:0
I/XmlParser( 9234): endElement itemName:description user:0
I/XmlParser( 9234): endElement itemName:group user:0
I/XmlParser( 9234): endElement itemName:resource user:0
I/libEGL  ( 9234): egl_cache_t() maxKeySize:1024  maxTotalSize:2097152
I/appproc ( 9234): CLASSPATH=/system/framework/settings.jar
I/appproc ( 9234): Command=app_process /system/bin com.android.commands.settings.SettingsCmd put system screen_off_timeout 600001 
I/AndroidRuntime( 9234): readDownloadBoosterConfig: 'false'
I/art     ( 9234): Reinit property: dalvik.vm.checkjni= false
I/HWSERVICES( 9234): hwnative_get_component_register:libdrmbitmap,JNI
I/Radio-JNI( 9234): register_android_hardware_Radio DONE
I/android_hardware_fm.cpp( 9234): register_android_hardware_fm_fmradio
I/android_hardware_fm.cpp( 9234): ========64bit long size = 8
I/android_hardware_fm.cpp( 9234): FM: get chip type = bcm43xx
E/fm_if.c ( 9234): find the id:fm and begins to open the devices
I/android_hardware_fm.cpp( 9234): register_android_hardware_fm_fmradio, ret is 0
I/EventCenter( 1578): ContentChange for slot: 1
I/TrafficMonitor( 1097): update:rxPkts:16,txPkts:22,rxBytes:6809,txBytes:24837
I/TrafficMonitor( 1097): start expired. level:-1
I/TrafficMonitor( 1097): gettimer:interval=2000
I/XmlParser( 9245): startElement itemName:resource user:-629161944
I/XmlParser( 9245): startElement itemName:group user:-629161944
I/XmlParser( 9245): startElement itemName:id user:-629161944
I/XmlParser( 9245): endElement itemName:id user:-629161944
I/XmlParser( 9245): startElement itemName:name user:-629161944
I/XmlParser( 9245): endElement itemName:name user:-629161944
I/XmlParser( 9245): startElement itemName:define user:-629161944
I/XmlParser( 9245): endElement itemName:define user:-629161944
I/XmlParser( 9245): startElement itemName:description user:-629161944
I/XmlParser( 9245): endElement itemName:description user:-629161944
I/XmlParser( 9245): endElement itemName:group user:-629161944
I/XmlParser( 9245): startElement itemName:group user:-629161944
I/XmlParser( 9245): startElement itemName:id user:-629161944
I/XmlParser( 9245): endElement itemName:id user:-629161944
I/XmlParser( 9245): startElement itemName:name user:-629161944
I/XmlParser( 9245): endElement itemName:name user:-629161944
I/XmlParser( 9245): startElement itemName:define user:-629161944
E/XmlParser( 9245): startElement mResult:1024
I/XmlParser( 9245): endElement itemName:define user:-629161944
I/XmlParser( 9245): startElement itemName:description user:-629161944
I/XmlParser( 9245): endElement itemName:description user:-629161944
I/XmlParser( 9245): endElement itemName:group user:-629161944
I/XmlParser( 9245): startElement itemName:group user:-629161944
I/XmlParser( 9245): startElement itemName:id user:-629161944
I/XmlParser( 9245): endElement itemName:id user:-629161944
I/XmlParser( 9245): startElement itemName:name user:-629161944
I/XmlParser( 9245): endElement itemName:name user:-629161944
I/XmlParser( 9245): startElement itemName:define user:-629161944
I/XmlParser( 9245): endElement itemName:define user:-629161944
I/XmlParser( 9245): startElement itemName:description user:-629161944
I/XmlParser( 9245): endElement itemName:description user:-629161944
I/XmlParser( 9245): endElement itemName:group user:-629161944
I/XmlParser( 9245): startElement itemName:group user:-629161944
I/XmlParser( 9245): startElement itemName:id user:-629161944
I/XmlParser( 9245): endElement itemName:id user:-629161944
I/XmlParser( 9245): startElement itemName:name user:-629161944
I/XmlParser( 9245): endElement itemName:name user:-629161944
I/XmlParser( 9245): startElement itemName:define user:-629161944
I/XmlParser( 9245): endElement itemName:define user:-629161944
I/XmlParser( 9245): startElement itemName:description user:-629161944
I/XmlParser( 9245): endElement itemName:description user:-629161944
I/XmlParser( 9245): endElement itemName:group user:-629161944
I/XmlParser( 9245): endElement itemName:resource user:-629161944
I/XmlParser( 9245): startElement itemName:resource user:0
I/XmlParser( 9245): startElement itemName:group user:0
I/XmlParser( 9245): startElement itemName:id user:0
I/XmlParser( 9245): endElement itemName:id user:0
I/XmlParser( 9245): startElement itemName:name user:0
I/XmlParser( 9245): endElement itemName:name user:0
I/XmlParser( 9245): startElement itemName:define user:0
E/XmlParser( 9245): startElement mResult:2097152
I/XmlParser( 9245): endElement itemName:define user:0
I/XmlParser( 9245): startElement itemName:description user:0
I/XmlParser( 9245): endElement itemName:description user:0
I/XmlParser( 9245): endElement itemName:group user:0
I/XmlParser( 9245): startElement itemName:group user:0
I/XmlParser( 9245): startElement itemName:id user:0
I/XmlParser( 9245): endElement itemName:id user:0
I/XmlParser( 9245): startElement itemName:name user:0
I/XmlParser( 9245): endElement itemName:name user:0
I/XmlParser( 9245): startElement itemName:define user:0
I/XmlParser( 9245): endElement itemName:define user:0
I/XmlParser( 9245): startElement itemName:description user:0
I/XmlParser( 9245): endElement itemName:description user:0
I/XmlParser( 9245): endElement itemName:group user:0
I/XmlParser( 9245): startElement itemName:group user:0
I/XmlParser( 9245): startElement itemName:id user:0
I/XmlParser( 9245): endElement itemName:id user:0
I/XmlParser( 9245): startElement itemName:name user:0
I/XmlParser( 9245): endElement itemName:name user:0
I/XmlParser( 9245): startElement itemName:define user:0
I/XmlParser( 9245): endElement itemName:define user:0
I/XmlParser( 9245): startElement itemName:description user:0
I/XmlParser( 9245): endElement itemName:description user:0
I/XmlParser( 9245): endElement itemName:group user:0
I/XmlParser( 9245): startElement itemName:group user:0
I/XmlParser( 9245): startElement itemName:id user:0
I/XmlParser( 9245): endElement itemName:id user:0
I/XmlParser( 9245): startElement itemName:name user:0
I/XmlParser( 9245): endElement itemName:name user:0
I/XmlParser( 9245): startElement itemName:define user:0
I/XmlParser( 9245): endElement itemName:define user:0
I/XmlParser( 9245): startElement itemName:description user:0
I/XmlParser( 9245): endElement itemName:description user:0
I/XmlParser( 9245): endElement itemName:group user:0
I/XmlParser( 9245): endElement itemName:resource user:0
I/libEGL  ( 9245): egl_cache_t() maxKeySize:1024  maxTotalSize:2097152
I/appproc ( 9245): CLASSPATH=/system/framework/settings.jar
I/appproc ( 9245): Command=app_process /system/bin com.android.commands.settings.SettingsCmd put system screen_off_timeout 600000 
I/AndroidRuntime( 9245): readDownloadBoosterConfig: 'false'
I/art     ( 9245): Reinit property: dalvik.vm.checkjni= false
I/HWSERVICES( 9245): hwnative_get_component_register:libdrmbitmap,JNI
I/Radio-JNI( 9245): register_android_hardware_Radio DONE
I/android_hardware_fm.cpp( 9245): register_android_hardware_fm_fmradio
I/android_hardware_fm.cpp( 9245): ========64bit long size = 8
I/android_hardware_fm.cpp( 9245): FM: get chip type = bcm43xx
E/fm_if.c ( 9245): find the id:fm and begins to open the devices
I/android_hardware_fm.cpp( 9245): register_android_hardware_fm_fmradio, ret is 0
I/EventCenter( 1578): ContentChange for slot: 1
I/AppManager( 1890): removeProcessDependency pid:8514
I/Icing   ( 2926): Indexing 0AB7927C8284F11C7D165116194FD33381558552 from com.google.android.googlequicksearchbox
E/HsmCoreServiceImpl( 1097): onTransact in code is: 102
I/MediaProcessHandler( 1097): processOp opType: 1, uid: 10065, pid: 8514
W/MediaProcessHandler( 1097): remove target not exist, maybe the UI process: uid: 10065, pid: 8514
E/HsmCoreServiceImpl( 1097): onTransact in code is: 102
I/MediaProcessHandler( 1097): processOp opType: 1, uid: 10109, pid: 8468
W/MediaProcessHandler( 1097): remove target not exist, maybe the UI process: uid: 10109, pid: 8468
I/Icing   ( 2926): Indexing done 0AB7927C8284F11C7D165116194FD33381558552
I/Icing   ( 2926): Indexing 7BA0F04300001AD8923A3BDC980DB0BED6EE9B71 from com.google.android.gms
I/Icing   ( 2926): Indexing done 7BA0F04300001AD8923A3BDC980DB0BED6EE9B71
I/XmlParser( 9255): startElement itemName:resource user:1818365992
I/XmlParser( 9255): startElement itemName:group user:1818365992
I/XmlParser( 9255): startElement itemName:id user:1818365992
I/XmlParser( 9255): endElement itemName:id user:1818365992
I/XmlParser( 9255): startElement itemName:name user:1818365992
I/XmlParser( 9255): endElement itemName:name user:1818365992
I/XmlParser( 9255): startElement itemName:define user:1818365992
I/XmlParser( 9255): endElement itemName:define user:1818365992
I/XmlParser( 9255): startElement itemName:description user:1818365992
I/XmlParser( 9255): endElement itemName:description user:1818365992
I/XmlParser( 9255): endElement itemName:group user:1818365992
I/XmlParser( 9255): startElement itemName:group user:1818365992
I/XmlParser( 9255): startElement itemName:id user:1818365992
I/XmlParser( 9255): endElement itemName:id user:1818365992
I/XmlParser( 9255): startElement itemName:name user:1818365992
I/XmlParser( 9255): endElement itemName:name user:1818365992
I/XmlParser( 9255): startElement itemName:define user:1818365992
E/XmlParser( 9255): startElement mResult:1024
I/XmlParser( 9255): endElement itemName:define user:1818365992
I/XmlParser( 9255): startElement itemName:description user:1818365992
I/XmlParser( 9255): endElement itemName:description user:1818365992
I/XmlParser( 9255): endElement itemName:group user:1818365992
I/XmlParser( 9255): startElement itemName:group user:1818365992
I/XmlParser( 9255): startElement itemName:id user:1818365992
I/XmlParser( 9255): endElement itemName:id user:1818365992
I/XmlParser( 9255): startElement itemName:name user:1818365992
I/XmlParser( 9255): endElement itemName:name user:1818365992
I/XmlParser( 9255): startElement itemName:define user:1818365992
I/XmlParser( 9255): endElement itemName:define user:1818365992
I/XmlParser( 9255): startElement itemName:description user:1818365992
I/XmlParser( 9255): endElement itemName:description user:1818365992
I/XmlParser( 9255): endElement itemName:group user:1818365992
I/XmlParser( 9255): startElement itemName:group user:1818365992
I/XmlParser( 9255): startElement itemName:id user:1818365992
I/XmlParser( 9255): endElement itemName:id user:1818365992
I/XmlParser( 9255): startElement itemName:name user:1818365992
I/XmlParser( 9255): endElement itemName:name user:1818365992
I/XmlParser( 9255): startElement itemName:define user:1818365992
I/XmlParser( 9255): endElement itemName:define user:1818365992
I/XmlParser( 9255): startElement itemName:description user:1818365992
I/XmlParser( 9255): endElement itemName:description user:1818365992
I/XmlParser( 9255): endElement itemName:group user:1818365992
I/XmlParser( 9255): endElement itemName:resource user:1818365992
I/XmlParser( 9255): startElement itemName:resource user:0
I/XmlParser( 9255): startElement itemName:group user:0
I/XmlParser( 9255): startElement itemName:id user:0
I/XmlParser( 9255): endElement itemName:id user:0
I/XmlParser( 9255): startElement itemName:name user:0
I/XmlParser( 9255): endElement itemName:name user:0
I/XmlParser( 9255): startElement itemName:define user:0
E/XmlParser( 9255): startElement mResult:2097152
I/XmlParser( 9255): endElement itemName:define user:0
I/XmlParser( 9255): startElement itemName:description user:0
I/XmlParser( 9255): endElement itemName:description user:0
I/XmlParser( 9255): endElement itemName:group user:0
I/XmlParser( 9255): startElement itemName:group user:0
I/XmlParser( 9255): startElement itemName:id user:0
I/XmlParser( 9255): endElement itemName:id user:0
I/XmlParser( 9255): startElement itemName:name user:0
I/XmlParser( 9255): endElement itemName:name user:0
I/XmlParser( 9255): startElement itemName:define user:0
I/XmlParser( 9255): endElement itemName:define user:0
I/XmlParser( 9255): startElement itemName:description user:0
I/XmlParser( 9255): endElement itemName:description user:0
I/XmlParser( 9255): endElement itemName:group user:0
I/XmlParser( 9255): startElement itemName:group user:0
I/XmlParser( 9255): startElement itemName:id user:0
I/XmlParser( 9255): endElement itemName:id user:0
I/XmlParser( 9255): startElement itemName:name user:0
I/XmlParser( 9255): endElement itemName:name user:0
I/XmlParser( 9255): startElement itemName:define user:0
I/XmlParser( 9255): endElement itemName:define user:0
I/XmlParser( 9255): startElement itemName:description user:0
I/XmlParser( 9255): endElement itemName:description user:0
I/XmlParser( 9255): endElement itemName:group user:0
I/XmlParser( 9255): startElement itemName:group user:0
I/XmlParser( 9255): startElement itemName:id user:0
I/XmlParser( 9255): endElement itemName:id user:0
I/XmlParser( 9255): startElement itemName:name user:0
I/XmlParser( 9255): endElement itemName:name user:0
I/XmlParser( 9255): startElement itemName:define user:0
I/XmlParser( 9255): endElement itemName:define user:0
I/XmlParser( 9255): startElement itemName:description user:0
I/XmlParser( 9255): endElement itemName:description user:0
I/XmlParser( 9255): endElement itemName:group user:0
I/XmlParser( 9255): endElement itemName:resource user:0
I/libEGL  ( 9255): egl_cache_t() maxKeySize:1024  maxTotalSize:2097152
I/appproc ( 9255): CLASSPATH=/system/framework/settings.jar
I/appproc ( 9255): Command=app_process /system/bin com.android.commands.settings.SettingsCmd put secure mock_location 1 
I/AndroidRuntime( 9255): readDownloadBoosterConfig: 'false'
I/art     ( 9255): Reinit property: dalvik.vm.checkjni= false
I/HWSERVICES( 9255): hwnative_get_component_register:libdrmbitmap,JNI
I/Radio-JNI( 9255): register_android_hardware_Radio DONE
I/android_hardware_fm.cpp( 9255): register_android_hardware_fm_fmradio
I/android_hardware_fm.cpp( 9255): ========64bit long size = 8
I/android_hardware_fm.cpp( 9255): FM: get chip type = bcm43xx
E/fm_if.c ( 9255): find the id:fm and begins to open the devices
I/android_hardware_fm.cpp( 9255): register_android_hardware_fm_fmradio, ret is 0
I/XmlParser( 9270): startElement itemName:resource user:-2086129624
I/XmlParser( 9270): startElement itemName:group user:-2086129624
I/XmlParser( 9270): startElement itemName:id user:-2086129624
I/XmlParser( 9270): endElement itemName:id user:-2086129624
I/XmlParser( 9270): startElement itemName:name user:-2086129624
I/XmlParser( 9270): endElement itemName:name user:-2086129624
I/XmlParser( 9270): startElement itemName:define user:-2086129624
I/XmlParser( 9270): endElement itemName:define user:-2086129624
I/XmlParser( 9270): startElement itemName:description user:-2086129624
I/XmlParser( 9270): endElement itemName:description user:-2086129624
I/XmlParser( 9270): endElement itemName:group user:-2086129624
I/XmlParser( 9270): startElement itemName:group user:-2086129624
I/XmlParser( 9270): startElement itemName:id user:-2086129624
I/XmlParser( 9270): endElement itemName:id user:-2086129624
I/XmlParser( 9270): startElement itemName:name user:-2086129624
I/XmlParser( 9270): endElement itemName:name user:-2086129624
I/XmlParser( 9270): startElement itemName:define user:-2086129624
E/XmlParser( 9270): startElement mResult:1024
I/XmlParser( 9270): endElement itemName:define user:-2086129624
I/XmlParser( 9270): startElement itemName:description user:-2086129624
I/XmlParser( 9270): endElement itemName:description user:-2086129624
I/XmlParser( 9270): endElement itemName:group user:-2086129624
I/XmlParser( 9270): startElement itemName:group user:-2086129624
I/XmlParser( 9270): startElement itemName:id user:-2086129624
I/XmlParser( 9270): endElement itemName:id user:-2086129624
I/XmlParser( 9270): startElement itemName:name user:-2086129624
I/XmlParser( 9270): endElement itemName:name user:-2086129624
I/XmlParser( 9270): startElement itemName:define user:-2086129624
I/XmlParser( 9270): endElement itemName:define user:-2086129624
I/XmlParser( 9270): startElement itemName:description user:-2086129624
I/XmlParser( 9270): endElement itemName:description user:-2086129624
I/XmlParser( 9270): endElement itemName:group user:-2086129624
I/XmlParser( 9270): startElement itemName:group user:-2086129624
I/XmlParser( 9270): startElement itemName:id user:-2086129624
I/XmlParser( 9270): endElement itemName:id user:-2086129624
I/XmlParser( 9270): startElement itemName:name user:-2086129624
I/XmlParser( 9270): endElement itemName:name user:-2086129624
I/XmlParser( 9270): startElement itemName:define user:-2086129624
I/XmlParser( 9270): endElement itemName:define user:-2086129624
I/XmlParser( 9270): startElement itemName:description user:-2086129624
I/XmlParser( 9270): endElement itemName:description user:-2086129624
I/XmlParser( 9270): endElement itemName:group user:-2086129624
I/XmlParser( 9270): endElement itemName:resource user:-2086129624
I/XmlParser( 9270): startElement itemName:resource user:0
I/XmlParser( 9270): startElement itemName:group user:0
I/XmlParser( 9270): startElement itemName:id user:0
I/XmlParser( 9270): endElement itemName:id user:0
I/XmlParser( 9270): startElement itemName:name user:0
I/XmlParser( 9270): endElement itemName:name user:0
I/XmlParser( 9270): startElement itemName:define user:0
E/XmlParser( 9270): startElement mResult:2097152
I/XmlParser( 9270): endElement itemName:define user:0
I/XmlParser( 9270): startElement itemName:description user:0
I/XmlParser( 9270): endElement itemName:description user:0
I/XmlParser( 9270): endElement itemName:group user:0
I/XmlParser( 9270): startElement itemName:group user:0
I/XmlParser( 9270): startElement itemName:id user:0
I/XmlParser( 9270): endElement itemName:id user:0
I/XmlParser( 9270): startElement itemName:name user:0
I/XmlParser( 9270): endElement itemName:name user:0
I/XmlParser( 9270): startElement itemName:define user:0
I/XmlParser( 9270): endElement itemName:define user:0
I/XmlParser( 9270): startElement itemName:description user:0
I/XmlParser( 9270): endElement itemName:description user:0
I/XmlParser( 9270): endElement itemName:group user:0
I/XmlParser( 9270): startElement itemName:group user:0
I/XmlParser( 9270): startElement itemName:id user:0
I/XmlParser( 9270): endElement itemName:id user:0
I/XmlParser( 9270): startElement itemName:name user:0
I/XmlParser( 9270): endElement itemName:name user:0
I/XmlParser( 9270): startElement itemName:define user:0
I/XmlParser( 9270): endElement itemName:define user:0
I/XmlParser( 9270): startElement itemName:description user:0
I/XmlParser( 9270): endElement itemName:description user:0
I/XmlParser( 9270): endElement itemName:group user:0
I/XmlParser( 9270): startElement itemName:group user:0
I/XmlParser( 9270): startElement itemName:id user:0
I/XmlParser( 9270): endElement itemName:id user:0
I/XmlParser( 9270): startElement itemName:name user:0
I/XmlParser( 9270): endElement itemName:name user:0
I/XmlParser( 9270): startElement itemName:define user:0
I/XmlParser( 9270): endElement itemName:define user:0
I/XmlParser( 9270): startElement itemName:description user:0
I/XmlParser( 9270): endElement itemName:description user:0
I/XmlParser( 9270): endElement itemName:group user:0
I/XmlParser( 9270): endElement itemName:resource user:0
I/libEGL  ( 9270): egl_cache_t() maxKeySize:1024  maxTotalSize:2097152
I/appproc ( 9270): CLASSPATH=/system/framework/pm.jar
I/appproc ( 9270): Command=app_process /system/bin com.android.commands.pm.Pm list packages -f 
I/AndroidRuntime( 9270): readDownloadBoosterConfig: 'false'
I/art     ( 9270): Reinit property: dalvik.vm.checkjni= false
I/HWSERVICES( 9270): hwnative_get_component_register:libdrmbitmap,JNI
I/Radio-JNI( 9270): register_android_hardware_Radio DONE
I/android_hardware_fm.cpp( 9270): register_android_hardware_fm_fmradio
I/android_hardware_fm.cpp( 9270): ========64bit long size = 8
I/android_hardware_fm.cpp( 9270): FM: get chip type = bcm43xx
E/fm_if.c ( 9270): find the id:fm and begins to open the devices
I/android_hardware_fm.cpp( 9270): register_android_hardware_fm_fmradio, ret is 0
I/art     ( 9270): System.exit called, status: 0
I/AndroidRuntime( 9270): VM exiting with result code 0.
W/MessageQueue( 9270): Handler (android.os.Handler) {50c0609} sending message to a Handler on a dead thread
W/MessageQueue( 9270): java.lang.IllegalStateException: Handler (android.os.Handler) {50c0609} sending message to a Handler on a dead thread
W/MessageQueue( 9270): 	at android.os.MessageQueue.enqueueMessage(MessageQueue.java:564)
W/MessageQueue( 9270): 	at android.os.Handler.enqueueMessage(Handler.java:653)
W/MessageQueue( 9270): 	at android.os.Handler.sendMessageAtTime(Handler.java:622)
W/MessageQueue( 9270): 	at android.os.Handler.sendMessageDelayed(Handler.java:592)
W/MessageQueue( 9270): 	at android.os.Handler.post(Handler.java:345)
W/MessageQueue( 9270): 	at android.os.ResultReceiver$MyResultReceiver.send(ResultReceiver.java:57)
W/MessageQueue( 9270): 	at com.android.internal.os.IResultReceiver$Stub.onTransact(IResultReceiver.java:58)
W/MessageQueue( 9270): 	at android.os.Binder.execTransact(Binder.java:565)
I/PackageManager( 1097): Start dump, calling from : pid=9282, uid=2000
I/DownloadState( 1890): @@@@@@@@@@@@ uid :10015 download :true
I/PGServer( 1890): report state:5 event type:1 pid:0 uid:10015 pkg:null to pid: 1097
I/TrafficMonitor( 1097): update:rxPkts:0,txPkts:0,rxBytes:0,txBytes:0
I/TrafficMonitor( 1097): start expired. level:-1
I/TrafficMonitor( 1097): gettimer:interval=2000
I/XmlParser( 9286): startElement itemName:resource user:672747560
I/XmlParser( 9286): startElement itemName:group user:672747560
I/XmlParser( 9286): startElement itemName:id user:672747560
I/XmlParser( 9286): endElement itemName:id user:672747560
I/XmlParser( 9286): startElement itemName:name user:672747560
I/XmlParser( 9286): endElement itemName:name user:672747560
I/XmlParser( 9286): startElement itemName:define user:672747560
I/XmlParser( 9286): endElement itemName:define user:672747560
I/XmlParser( 9286): startElement itemName:description user:672747560
I/XmlParser( 9286): endElement itemName:description user:672747560
I/XmlParser( 9286): endElement itemName:group user:672747560
I/XmlParser( 9286): startElement itemName:group user:672747560
I/XmlParser( 9286): startElement itemName:id user:672747560
I/XmlParser( 9286): endElement itemName:id user:672747560
I/XmlParser( 9286): startElement itemName:name user:672747560
I/XmlParser( 9286): endElement itemName:name user:672747560
I/XmlParser( 9286): startElement itemName:define user:672747560
E/XmlParser( 9286): startElement mResult:1024
I/XmlParser( 9286): endElement itemName:define user:672747560
I/XmlParser( 9286): startElement itemName:description user:672747560
I/XmlParser( 9286): endElement itemName:description user:672747560
I/XmlParser( 9286): endElement itemName:group user:672747560
I/XmlParser( 9286): startElement itemName:group user:672747560
I/XmlParser( 9286): startElement itemName:id user:672747560
I/XmlParser( 9286): endElement itemName:id user:672747560
I/XmlParser( 9286): startElement itemName:name user:672747560
I/XmlParser( 9286): endElement itemName:name user:672747560
I/XmlParser( 9286): startElement itemName:define user:672747560
I/XmlParser( 9286): endElement itemName:define user:672747560
I/XmlParser( 9286): startElement itemName:description user:672747560
I/XmlParser( 9286): endElement itemName:description user:672747560
I/XmlParser( 9286): endElement itemName:group user:672747560
I/XmlParser( 9286): startElement itemName:group user:672747560
I/XmlParser( 9286): startElement itemName:id user:672747560
I/XmlParser( 9286): endElement itemName:id user:672747560
I/XmlParser( 9286): startElement itemName:name user:672747560
I/XmlParser( 9286): endElement itemName:name user:672747560
I/XmlParser( 9286): startElement itemName:define user:672747560
I/XmlParser( 9286): endElement itemName:define user:672747560
I/XmlParser( 9286): startElement itemName:description user:672747560
I/XmlParser( 9286): endElement itemName:description user:672747560
I/XmlParser( 9286): endElement itemName:group user:672747560
I/XmlParser( 9286): endElement itemName:resource user:672747560
I/XmlParser( 9286): startElement itemName:resource user:0
I/XmlParser( 9286): startElement itemName:group user:0
I/XmlParser( 9286): startElement itemName:id user:0
I/XmlParser( 9286): endElement itemName:id user:0
I/XmlParser( 9286): startElement itemName:name user:0
I/XmlParser( 9286): endElement itemName:name user:0
I/XmlParser( 9286): startElement itemName:define user:0
E/XmlParser( 9286): startElement mResult:2097152
I/XmlParser( 9286): endElement itemName:define user:0
I/XmlParser( 9286): startElement itemName:description user:0
I/XmlParser( 9286): endElement itemName:description user:0
I/XmlParser( 9286): endElement itemName:group user:0
I/XmlParser( 9286): startElement itemName:group user:0
I/XmlParser( 9286): startElement itemName:id user:0
I/XmlParser( 9286): endElement itemName:id user:0
I/XmlParser( 9286): startElement itemName:name user:0
I/XmlParser( 9286): endElement itemName:name user:0
I/XmlParser( 9286): startElement itemName:define user:0
I/XmlParser( 9286): endElement itemName:define user:0
I/XmlParser( 9286): startElement itemName:description user:0
I/XmlParser( 9286): endElement itemName:description user:0
I/XmlParser( 9286): endElement itemName:group user:0
I/XmlParser( 9286): startElement itemName:group user:0
I/XmlParser( 9286): startElement itemName:id user:0
I/XmlParser( 9286): endElement itemName:id user:0
I/XmlParser( 9286): startElement itemName:name user:0
I/XmlParser( 9286): endElement itemName:name user:0
I/XmlParser( 9286): startElement itemName:define user:0
I/XmlParser( 9286): endElement itemName:define user:0
